******************************************************************************
                  TI ARM Linker PC v20.2.5                     
******************************************************************************
>> Linked Thu Sep 23 11:13:25 2021

OUTPUT FILE NAME:   <sensor_CC1312R1_LAUNCHXL_tirtos_ccs.out>
ENTRY POINT SYMBOL: "ResetISR"  address: 0000f97d


MEMORY CONFIGURATION

         name            origin    length      used     unused   attr    fill
----------------------  --------  ---------  --------  --------  ----  --------
  FLASH                 00000000   00056000  00018298  0003dd68  R  X
  FLASH_LAST            00056000   00002000  00002000  00000000  R  X
  SRAM                  20000000   00014000  00003eba  00010146  RW X


SEGMENT ALLOCATION MAP

run origin  load origin   length   init length attrs members
----------  ----------- ---------- ----------- ----- -------
00000000    00000000    00014298   00014298    r-x
  00000000    00000000    0000003c   0000003c    r-- .resetVecs
  0000003c    0000003c    00001dbc   00001dbc    r-- .const
  00001df8    00001df8    000120a0   000120a0    r-x .text.1
  00013e98    00013e98    00000400   00000400    r-- .cinit
00052000    00052000    00004000   00000000    rw-
  00052000    00052000    00004000   00000000    rw- .TI.bound:flashBuf0
00056000    00056000    00002000   00002000    r-x
  00056000    00056000    00001fa8   00001fa8    r-x .text.2
  00057fa8    00057fa8    00000058   00000058    r-- .ccfg
20000100    20000100    00003886   00000000    rw-
  20000100    20000100    00000004   00000000    rw- .data:xdcRomConstPtr
  20000104    20000104    00000004   00000000    rw- .data:xdcRomExternFuncPtr
  20000108    20000108    00000004   00000000    rw- .data:xdcRomStatePtr
  2000010c    2000010c    00000010   00000000    rw- .data:RAM_MAC_BASE_ADDR
  20000120    20000120    000027dc   00000000    rw- .data
  20002900    20002900    00001086   00000000    rw- .bss
20013aa0    20013aa0    00000560   00000000    rw-
  20013aa0    20013aa0    00000560   00000000    rw- .stack


SECTION ALLOCATION MAP

 output                                  attributes/
section   page    origin      length       input sections
--------  ----  ----------  ----------   ----------------
.const     0    0000003c    00001dbc     
                  0000003c    00000568     maclib_secure_cc13x2.a : hmac_rom_init.obj (.const:HMAC_ROM_Flash_JT)
                  000005a4    000003b8     app_pem4f.oem4f (.const:ROM_constStruct)
                  0000095c    00000258     maclib_secure_cc13x2.a : fh_rom_init.obj (.const:FH_ROM_Flash_JT)
                  00000bb4    000001fc     rf_multiMode_cc13x2.a : rf_patch_cpe_prop.c.cc13x2.ccs.o (.const:patchImageProp)
                  00000db0    00000100     crc.obj (.const:.string:crc_table$12)
                  00000eb0    000000fa     maclib_secure_cc13x2.a : fh_global.obj (.const:FH_stateMatrix)
                  00000faa    000000f8     mac_cfg.obj (.const:macPibTbl)
                  000010a2    00000002     ti_drivers_config.obj (.const:ButtonHWAttrs)
                  000010a4    000000cc     maclib_secure_cc13x2.a : lmac_rom_init.obj (.const:LMAC_ROM_Flash_JT)
                  00001170    000000ac     ti_radio_config.obj (.const:$O2$$)
                  0000121c    0000008c     mac_cfg.obj (.const:FHPIB_defaults)
                  000012a8    00000088     mac_cfg.obj (.const:macPibDefaults)
                  00001330    00000084     drivers_cc13x2.a : Random.oem4f (.const:$P$T0$1)
                  000013b4    00000072     maclib_secure_cc13x2.a : hmac_global.obj (.const:macAssociatingSt)
                  00001426    00000072                            : hmac_global.obj (.const:macIdleSt)
                  00001498    00000072                            : hmac_global.obj (.const:macPollingSt)
                  0000150a    00000072                            : hmac_global.obj (.const:macScanningSt)
                  0000157c    00000072                            : hmac_global.obj (.const:macStartingSt)
                  000015ee    00000002     jdllc.obj (.const:keyUsageList$4)
                  000015f0    0000006c     maclib_secure_cc13x2.a : icall_osal_rom_init.obj (.const:ICALL_OSAL_ROM_Flash_JT)
                  0000165c    0000006c     mac_user_config.obj (.const:macRfDriverTable)
                  000016c8    00000058     mac_cfg.obj (.const:macSecurityPibTbl)
                  00001720    00000054     drivers_cc13x2.a : PowerCC26X2.oem4f (.const:resourceDB)
                  00001774    00000050     mac_cfg.obj (.const:macMRFSKStdPhyTable)
                  000017c4    00000048     app_pem4f.oem4f (.const:.string)
                  0000180c    00000048     app_pem4f.oem4f (.const:ROM_externFuncPtrs)
                  00001854    00000040     mac_user_config.obj (.const:macCryptoDriverTable)
                  00001894    00000040     maclib_secure_cc13x2.a : hmac_global.obj (.const:macTimerRolloverValue)
                  000018d4    00000038     ti_drivers_config.obj (.const:$O1$$)
                  0000190c    00000038     jdllc.obj (.const:$O7$$)
                  00001944    00000038     maclib_secure_cc13x2.a : hmac_global.obj (.const:macCmdIncludeFHIe)
                  0000197c    00000028     drivers_cc13x2.a : NVSCC26XX.oem4f (.const:NVSCC26XX_fxnTable)
                  000019a4    00000028                      : UARTCC26XX.oem4f (.const:UARTCC26XX_fxnTable)
                  000019cc    00000028     app_pem4f.oem4f (.const:ti_sysbios_heaps_HeapCallback_Module__FXNS__C)
                  000019f4    00000028     ti_drivers_config.obj (.const:uartCC26XXHWAttrs)
                  00001a1c    00000028     app_pem4f.oem4f (.const:xdc_runtime_Startup_sfxnTab__A)
                  00001a44    00000024     drivers_cc13x2.a : UART.oem4f (.const:UART_defaultParams)
                  00001a68    00000024     app_pem4f.oem4f (.const:ti_sysbios_gates_GateMutexPri_Module__FXNS__C)
                  00001a8c    00000020     mac_user_config.obj (.const:$P$T0$1$11)
                  00001aac    00000020     rf_multiMode_cc13x2.a : RFCC26X2_multiMode.c.cc13x2.ccs.o (.const:RF_defaultParams)
                  00001acc    00000020     jdllc.obj (.const:keyDeviceList$4)
                  00001aec    00000020     app_pem4f.oem4f (.const:ti_sysbios_gates_GateMutexPri_Object__DESC__C)
                  00001b0c    00000020     app_pem4f.oem4f (.const:ti_sysbios_heaps_HeapCallback_Object__DESC__C)
                  00001b2c    0000001c     app_pem4f.oem4f (.const:ti_sysbios_heaps_HeapCallback_Object__PARAMS__C)
                  00001b48    00000018     drivers_cc13x2.a : PWM.oem4f (.const:PWM_defaultParams)
                  00001b60    00000018                      : GPIOCC26XX.oem4f (.const:interruptType)
                  00001b78    00000018     maclib_secure_cc13x2.a : hmac_global.obj (.const:macSendMsgBufSize)
                  00001b90    00000018     app_pem4f.oem4f (.const:ti_sysbios_gates_GateMutexPri_Object__PARAMS__C)
                  00001ba8    00000014     ti_drivers_config.obj (.const:GPIOCC26XX_config)
                  00001bbc    00000014     ti_drivers_config.obj (.const:PowerCC26X2_config)
                  00001bd0    00000014     drivers_cc13x2.a : TRNG.oem4f (.const:TRNG_defaultParams)
                  00001be4    00000014                      : UARTCC26XX.oem4f (.const:parityType)
                  00001bf8    00000014     app_pem4f.oem4f (.const:xdc_runtime_Startup_sfxnRts__A)
                  00001c0c    00000013     macTask.obj (.const:.string:msacbackSizeTable)
                  00001c1f    00000011     ti_drivers_config.obj (.const)
                  00001c30    00000010     drivers_cc13x2.a : AESCCM.oem4f (.const:AESCCM_defaultParams)
                  00001c40    00000010     ti_drivers_config.obj (.const:Button_config)
                  00001c50    00000010     drivers_cc13x2.a : Button.oem4f (.const:Button_defaultParams)
                  00001c60    00000010     ti_drivers_config.obj (.const:LED_config)
                  00001c70    00000010     drivers_cc13x2.a : UARTCC26XX.oem4f (.const:dataLength)
                  00001c80    00000010     maclib_secure_cc13x2.a : hmac_global.obj (.const:macIEEEPhyTable)
                  00001c90    00000010     drivers_cc13x2.a : GPIOCC26XX.oem4f (.const:outPinTypes)
                  00001ca0    0000000e     maclib_secure_cc13x2.a : hmac_global.obj (.const:.string:macCmdBufSize)
                  00001cae    0000000e                            : hmac_global.obj (.const:.string:macTxFrameFailed)
                  00001cbc    0000000e                            : hmac_global.obj (.const:.string:macTxFrameSuccess)
                  00001cca    00000001     ti_drivers_config.obj (.const:aesccmCC26XXHWAttrs)
                  00001ccb    00000001     app_pem4f.oem4f (.const:xdc_runtime_Text_charTab__A)
                  00001ccc    0000000c     drivers_cc13x2.a : Random.oem4f (.const:$P$T1$2)
                  00001cd8    0000000c     maclib_secure_cc13x2.a : hmac_global.obj (.const:.string:macCbackEventTbl)
                  00001ce4    0000000c                            : hmac_global.obj (.const:.string:macSendMsgDataSize)
                  00001cf0    0000000c     ti_drivers_config.obj (.const:NVS_config)
                  00001cfc    0000000c     ti_drivers_config.obj (.const:RFCC26XX_hwAttrs)
                  00001d08    0000000c     ti_drivers_config.obj (.const:UART_config)
                  00001d14    0000000c     drivers_cc13x2.a : GPIOCC26XX.oem4f (.const:inPinTypes)
                  00001d20    0000000c                      : GPIOCC26XX.oem4f (.const:outPinStrengths)
                  00001d2c    0000000c     app_pem4f.oem4f (.const:xdc_runtime_Startup_firstFxns__A)
                  00001d38    00000009     maclib_secure_cc13x2.a : hmac_global.obj (.const:.string:macCmdLen)
                  00001d41    00000003     --HOLE-- [fill = 0]
                  00001d44    00000008                            : mac_rx.obj (.const:$O19$$)
                  00001d4c    00000008     driverlib.lib : aux_sysif.obj (.const:$O28$$)
                  00001d54    00000008     main.obj (.const:.string:dummyExtAddr$3)
                  00001d5c    00000008     maclib_secure_cc13x2.a : fh_global.obj (.const:.string:fhSupFrameTypes)
                  00001d64    00000008                            : hmac_global.obj (.const:.string:macAuthTagLen)
                  00001d6c    00000008     ti_drivers_config.obj (.const:AESCCM_config)
                  00001d74    00000008     drivers_cc13x2.a : LED.oem4f (.const:LED_defaultParams)
                  00001d7c    00000008     ti_drivers_config.obj (.const:PINCC26XX_hwAttrs)
                  00001d84    00000008     ti_drivers_config.obj (.const:nvsCC26XXHWAttrs)
                  00001d8c    00000008     drivers_cc13x2.a : UARTCC26XX.oem4f (.const:stopBits)
                  00001d94    00000008     app_pem4f.oem4f (.const:ti_sysbios_family_arm_m3_Hwi_excHookFuncs__A)
                  00001d9c    00000006     drivers_cc13x2.a : UARTCC26XX.oem4f (.const:.string:rxFifoBytes)
                  00001da2    00000006                      : UARTCC26XX.oem4f (.const:.string:rxFifoThreshold)
                  00001da8    00000006                      : UARTCC26XX.oem4f (.const:.string:txFifoBytes)
                  00001dae    00000006                      : UARTCC26XX.oem4f (.const:.string:txFifoThreshold)
                  00001db4    00000006     ssf.obj (.const:nvResetId$6)
                  00001dba    00000004     sensor.obj (.const:.string:$P$T0$2$5)
                  00001dbe    00000004     maclib_secure_cc13x2.a : hmac_global.obj (.const:.string:macKeySourceLen)
                  00001dc2    00000004     ti_drivers_config.obj (.const:LEDHWAttrs)
                  00001dc6    00000002     --HOLE-- [fill = 0]
                  00001dc8    00000004     drivers_cc13x2.a : NVS.oem4f (.const:NVS_defaultParams)
                  00001dcc    00000004     app_pem4f.oem4f (.const:ti_sysbios_gates_GateMutexPri_Instance_State_pendQ__O)
                  00001dd0    00000004     app_pem4f.oem4f (.const:ti_sysbios_heaps_HeapCallback_Object__count__C)
                  00001dd4    00000004     app_pem4f.oem4f (.const:ti_sysbios_heaps_HeapCallback_allocInstFxn__C)
                  00001dd8    00000004     app_pem4f.oem4f (.const:ti_sysbios_heaps_HeapCallback_createInstFxn__C)
                  00001ddc    00000004     app_pem4f.oem4f (.const:ti_sysbios_heaps_HeapCallback_deleteInstFxn__C)
                  00001de0    00000004     app_pem4f.oem4f (.const:ti_sysbios_heaps_HeapCallback_freeInstFxn__C)
                  00001de4    00000004     app_pem4f.oem4f (.const:ti_sysbios_heaps_HeapCallback_getStatsInstFxn__C)
                  00001de8    00000004     app_pem4f.oem4f (.const:ti_sysbios_heaps_HeapCallback_initInstFxn__C)
                  00001dec    00000004     app_pem4f.oem4f (.const:ti_sysbios_heaps_HeapCallback_isBlockingInstFxn__C)
                  00001df0    00000004     app_pem4f.oem4f (.const:ti_sysbios_knl_Clock_tickPeriod__C)
                  00001df4    00000004     app_pem4f.oem4f (.const:ti_sysbios_knl_Idle_funcList__A)

.cinit     0    00013e98    00000400     
                  00013e98    00000397     (.cinit..data.load) [load image, compression = lzss]
                  0001422f    00000001     --HOLE-- [fill = 0]
                  00014230    0000000c     (__TI_handler_table)
                  0001423c    00000004     --HOLE-- [fill = 0]
                  00014240    00000008     (.cinit..bss.load) [load image, compression = zero_init]
                  00014248    00000008     (.cinit..data:RAM_MAC_BASE_ADDR.load) [load image, compression = zero_init]
                  00014250    00000008     (.cinit..data:xdcRomConstPtr.load) [load image, compression = lzss]
                  00014258    00000008     (.cinit..data:xdcRomExternFuncPtr.load) [load image, compression = lzss]
                  00014260    00000008     (.cinit..data:xdcRomStatePtr.load) [load image, compression = lzss]
                  00014268    00000030     (__TI_cinit_table)

.init_array 
*          0    00000000    00000000     UNINITIALIZED

.TI.bound:flashBuf0 
*          0    00052000    00004000     UNINITIALIZED
                  00052000    00004000     ti_drivers_config.obj (.TI.bound:flashBuf0)

.ccfg      0    00057fa8    00000058     
                  00057fa8    00000058     ti_devices_config.obj (.ccfg:retain)

.data:xdcRomConstPtr 
*          0    20000100    00000004     UNINITIALIZED
                  20000100    00000004     app_pem4f.oem4f (.data:xdcRomConstPtr)

.data:xdcRomExternFuncPtr 
*          0    20000104    00000004     UNINITIALIZED
                  20000104    00000004     app_pem4f.oem4f (.data:xdcRomExternFuncPtr)

.data:xdcRomStatePtr 
*          0    20000108    00000004     UNINITIALIZED
                  20000108    00000004     app_pem4f.oem4f (.data:xdcRomStatePtr)

.data      0    20000120    000027dc     UNINITIALIZED
                  20000120    000008c4     macTask.obj (.data:$O11$$)
                  200009e4    000008c4     main.obj (.data:$O5$$)
                  200012a8    00000508     rf_multiMode_cc13x2.a : RFCC26X2_multiMode.c.cc13x2.ccs.o (.data:$O1$$)
                  200017b0    00000200     sensor.obj (.data:$O8$$)
                  200019b0    000001b0     mac_settings.obj (.data:$O12$$)
                  20001b60    0000018c     maclib_osal_tirtos_cc13x2_26x2.a : osal_port.obj (.data:$O24$$)
                  20001cec    00000170     drivers_cc13x2.a : PowerCC26X2.oem4f (.data:PowerCC26X2_module)
                  20001e5c    00000118     ssf.obj (.data:$O9$$)
                  20001f74    0000010c     app_pem4f.oem4f (.data:ROM_stateStruct)
                  20002080    000000f8     jdllc.obj (.data:$O6$$)
                  20002178    000000a0     mac_cfg.obj (.data:macMRFSKGenPhyTable)
                  20002218    00000074     ti_radio_config.obj (.data:$O1$$)
                  2000228c    0000006c     maclib_secure_cc13x2.a : hmac_global.obj (.data:fhObject)
                  200022f8    00000060     nvocmp.obj (.data:$O13$$)
                  20002358    00000060     maclib_secure_cc13x2.a : mac.obj (.data:$O15$$)
                  200023b8    00000054                            : fh_global.obj (.data:FHIE_channelPlan)
                  2000240c    0000004c     app_pem4f.oem4f (.data:ti_sysbios_knl_Task_Object__table__V)
                  20002458    00000048     app_pem4f.oem4f (.data:ti_sysbios_family_arm_cc26xx_Timer_Object__table__V)
                  200024a0    00000040     maclib_secure_cc13x2.a : mac_radio.obj (.data:$O17$$)
                  200024e0    00000038     app_pem4f.oem4f (.data:ti_sysbios_gates_GateMutex_Object__table__V)
                  20002518    00000034     api_mac.obj (.data:$O10$$)
                  2000254c    00000034     maclib_secure_cc13x2.a : hmac_global.obj (.data:macBeaconPayload)
                  20002580    00000030                            : hmac_global.obj (.data)
                  200025b0    00000030     app_pem4f.oem4f (.data:ti_sysbios_knl_Swi_Module_State_0_readyQ__A)
                  200025e0    00000030     app_pem4f.oem4f (.data:ti_sysbios_knl_Swi_Object__table__V)
                  20002610    00000030     app_pem4f.oem4f (.data:ti_sysbios_knl_Task_Module_State_0_readyQ__A)
                  20002640    00000028     maclib_secure_cc13x2.a : mac_symbol_timer.obj (.data:$O20$$)
                  20002668    00000028     ti_radio_config.obj (.data:pOverrides_2gfsk50kbps154g)
                  20002690    00000024     maclib_secure_cc13x2.a : mac_tx.obj (.data:$O21$$)
                  200026b4    00000024     driverlib.lib : osc.obj (.data:$O26$$)
                  200026d8    00000024     maclib_secure_cc13x2.a : hmac_global.obj (.data:macActionSet)
                  200026fc    00000004                            : mac_autopend.obj (.data:$O16$$)
                  20002700    00000020     drivers_cc13x2.a : TRNGCC26XX.oem4f (.data:entropyPoolBuffer)
                  20002720    00000020     mac_cfg.obj (.data:macBeaconMargin)
                  20002740    00000020     app_pem4f.oem4f (.data:ti_sysbios_knl_Clock_Object__table__V)
                  20002760    00000020     app_pem4f.oem4f (.data:xdc_runtime_Error_IgnoreBlock)
                  20002780    00000018     app_pem4f.oem4f (.data:ti_sysbios_family_arm_m3_Hwi_Object__table__V)
                  20002798    00000014     maclib_secure_cc13x2.a : mac_radio_tx.obj (.data:$O22$$)
                  200027ac    00000014                            : hmac_global.obj (.data:macStateTbl)
                  200027c0    00000010     maclib_osal_tirtos_cc13x2_26x2.a : osal_port_timers.obj (.data:$O25$$)
                  200027d0    00000010     ti_drivers_config.obj (.data:gpioCallbackFunctions)
                  200027e0    00000010     ti_drivers_config.obj (.data:gpioPinConfigs)
                  200027f0    00000010     mac_cfg.obj (.data:macCfg)
                  20002800    0000000f     maclib_secure_cc13x2.a : mac.obj (.data)
                  2000280f    00000001     drivers_cc13x2.a : AESCCMCC26XX.oem4f (.data)
                  20002810    0000000c     maclib_secure_cc13x2.a : mac_hl_patch.obj (.data:$O14$$)
                  2000281c    0000000c                            : fh_global.obj (.data:FH_FSM)
                  20002828    0000000c     app_pem4f.oem4f (.data:ti_sysbios_heaps_HeapCallback_Object__table__V)
                  20002834    00000008     rtsv7M4_T_le_v4SPD16_eabi.lib : _lock.c.obj (.data:$O29$$)
                  2000283c    00000008     maclib_secure_cc13x2.a : fh_global.obj (.data:FH_txTiming)
                  20002844    00000008     rf_multiMode_cc13x2.a : RFCC26X2_multiMode.c.cc13x2.ccs.o (.data:RFCC26XX_schedulerPolicy)
                  2000284c    00000008     drivers_cc13x2.a : PINCC26XX.oem4f (.data)
                  20002854    00000008                      : TRNGCC26XX.oem4f (.data:jobList)
                  2000285c    00000008     app_pem4f.oem4f (.data:ti_sysbios_family_arm_m3_Hwi_Module__root__V)
                  20002864    00000008     app_pem4f.oem4f (.data:ti_sysbios_gates_GateHwi_Module__root__V)
                  2000286c    00000008     app_pem4f.oem4f (.data:ti_sysbios_gates_GateMutexPri_Module__root__V)
                  20002874    00000008     app_pem4f.oem4f (.data:ti_sysbios_gates_GateMutex_Module__root__V)
                  2000287c    00000008     app_pem4f.oem4f (.data:ti_sysbios_hal_Hwi_Module__root__V)
                  20002884    00000008     app_pem4f.oem4f (.data:ti_sysbios_heaps_HeapCallback_Module__root__V)
                  2000288c    00000008     app_pem4f.oem4f (.data:ti_sysbios_heaps_HeapMem_Module__root__V)
                  20002894    00000008     app_pem4f.oem4f (.data:ti_sysbios_knl_Clock_Module__root__V)
                  2000289c    00000008     app_pem4f.oem4f (.data:ti_sysbios_knl_Event_Module__root__V)
                  200028a4    00000008     app_pem4f.oem4f (.data:ti_sysbios_knl_Mailbox_Module__root__V)
                  200028ac    00000008     app_pem4f.oem4f (.data:ti_sysbios_knl_Queue_Module__root__V)
                  200028b4    00000008     app_pem4f.oem4f (.data:ti_sysbios_knl_Semaphore_Module__root__V)
                  200028bc    00000008     app_pem4f.oem4f (.data:ti_sysbios_knl_Swi_Module__root__V)
                  200028c4    00000008     app_pem4f.oem4f (.data:ti_sysbios_knl_Task_Module__root__V)
                  200028cc    00000005     drivers_cc13x2.a : GPIOCC26XX.oem4f (.data)
                  200028d1    00000002                      : CryptoResourceCC26XX.oem4f (.data)
                  200028d3    00000001                      : NVS.oem4f (.data)
                  200028d4    00000004                      : GPIOCC26XX.oem4f (.data:gpioPinTable)
                  200028d8    00000004     maclib_secure_cc13x2.a : fh_global.obj (.data:macAddrSize)
                  200028dc    00000004     maclib_osal_tirtos_cc13x2_26x2.a : osal_port.obj (.data)
                  200028e0    00000004     maclib_secure_cc13x2.a : lmac_global.obj (.data)
                  200028e4    00000004     rtsv7M4_T_le_v4SPD16_eabi.lib : stkdepth_vars.c.obj (.data)
                  200028e8    00000004     app_pem4f.oem4f (.data:ti_sysbios_family_arm_m3_Hwi_Module_State_0_excContext__A)
                  200028ec    00000004     app_pem4f.oem4f (.data:ti_sysbios_family_arm_m3_Hwi_Module_State_0_excStack__A)
                  200028f0    00000004     app_pem4f.oem4f (.data:ti_sysbios_knl_Task_Module_State_0_idleTask__A)
                  200028f4    00000002     drivers_cc13x2.a : TRNGCC26XX.oem4f (.data)
                  200028f6    00000002     app_pem4f.oem4f (.data:ti_sysbios_family_arm_m3_Hwi_Module_State_0_excActive__A)
                  200028f8    00000001     drivers_cc13x2.a : PWM.oem4f (.data)
                  200028f9    00000001                      : UART.oem4f (.data)
                  200028fa    00000001     maclib_secure_cc13x2.a : mac_sleep.obj (.data)
                  200028fb    00000001     rf_multiMode_cc13x2.a : rf_patch_cpe_prop.c.cc13x2.ccs.o (.data)

.bss       0    20002900    00001086     UNINITIALIZED
                  20002900    00000200     app_pem4f.oem4f (.bss:taskStackSection)
                  20002b00    000001bc     (.common:uartCC26XXObjects)
                  20002cbc    000000fc     (.common:enhancedAckBuf)
                  20002db8    000000f8     maclib_secure_cc13x2.a : mac_radio.obj (.bss:RF_object$19)
                  20002eb0    000000d8     (.common:ti_sysbios_family_arm_m3_Hwi_dispatchTable)
                  20002f88    000000b8     (.common:LEDObjects)
                  20003040    0000008c     (.common:FHPIB_db)
                  200030cc    00000088     (.common:FH_hnd)
                  20003154    00000088     (.common:macPib)
                  200031dc    0000007c     (.common:pinHandleTable)
                  20003258    0000007a     (.common:FHNT_tableOpt)
                  200032d2    00000001                            : mac_tx.obj (.bss)
                  200032d3    00000001     rf_multiMode_cc13x2.a : RFCC26X2_multiMode.c.cc13x2.ccs.o (.bss)
                  200032d4    00000054     (.common:macScan)
                  20003328    00000050     drivers_cc13x2.a : PINCC26XX.oem4f (.bss:pinSemaphore)
                  20003378    00000050     (.common:ButtonObjects)
                  200033c8    00000050     (.common:CryptoResourceCC26XX_accessSemaphore)
                  20003418    00000050     (.common:CryptoResourceCC26XX_operationSemaphore)
                  20003468    00000042     (.common:FHFSM_Dbg)
                  200034aa    00000001     (.common:driverlib_release_0_60278)
                  200034ab    00000001     (.common:macAckTxActive)
                  200034ac    00000040     maclib_secure_cc13x2.a : fh_global.obj (.bss:$O23$$)
                  200034ec    00000040     (.common:macSecurityPib)
                  2000352c    0000003c     drivers_cc13x2.a : PINCC26XX.oem4f (.bss:pinSwi)
                  20003568    0000003c     (.common:macBeaconCoord)
                  200035a4    00000038     (.common:macDeviceAction1)
                  200035dc    00000034     (.common:macBeaconDevice)
                  20003610    00000030     (.common:macMgmtAction1)
                  20003640    00000030     (.common:macSrcExtAddrList)
                  20003670    0000002c     (.common:macCoord)
                  2000369c    0000002c     (.common:macDevice)
                  200036c8    00000028     maclib_secure_cc13x2.a : mac_rx.obj (.bss:$O18$$)
                  200036f0    00000020     drivers_cc13x2.a : GPIOCC26XX.oem4f (.bss:gpioCallbackInfo)
                  20003710    00000020                      : PINCC26XX.oem4f (.bss:pinGpioConfigTable)
                  20003730    00000020     ti_drivers_config.obj (.bss:uartCC26XXRingBuffer0)
                  20003750    00000020     (.common:macBeacon)
                  20003770    0000001c     drivers_cc13x2.a : TRNGCC26XX.oem4f (.bss:TRNGCC26XX_hwi)
                  2000378c    0000001c                      : TRNGCC26XX.oem4f (.bss:entropyPool)
                  200037a8    0000001c                      : PINCC26XX.oem4f (.bss:pinHwi)
                  200037c4    0000001c     (.common:CryptoResourceCC26XX_hwi)
                  200037e0    0000001c     (.common:macCoordAction2)
                  200037fc    0000001c     (.common:macReset)
                  20003818    0000001c     (.common:macSrcShortAddrList)
                  20003834    00000018     (.common:aesccmCC26XXObjects)
                  2000384c    00000018     (.common:macScanAction)
                  20003864    00000014     rf_multiMode_cc13x2.a : RFCC26X2_multiMode.c.cc13x2.ccs.o (.bss:RF_ratSyncCmd)
                  20003878    00000014     drivers_cc13x2.a : Random.oem4f (.bss:state)
                  2000388c    00000014     (.common:macDeviceAction2)
                  200038a0    00000014     (.common:macMgmtAction2)
                  200038b4    00000010     (.common:macBeaconDeviceAction)
                  200038c4    00000010     (.common:macCoordAction3)
                  200038d4    00000010     (.common:macData)
                  200038e4    00000010     (.common:macDataTxDelay)
                  200038f4    0000000c                      : NVSCC26XX.oem4f (.bss)
                  20003900    0000000c                      : GPIOCC26XX.oem4f (.bss:gpioPinState)
                  2000390c    0000000c     (.common:FH_PibTbl)
                  20003918    0000000c     (.common:coexMetricsStruct)
                  20003924    0000000c     (.common:macMain)
                  20003930    00000008                      : GPIOCC26XX.oem4f (.bss)
                  20003938    00000008     (.common:macBeaconCoordAction1)
                  20003940    00000008     (.common:macCoordAction1)
                  20003948    00000006     (.common:FHNT_Dbg)
                  2000394e    00000001     (.common:macMgmt)
                  2000394f    00000001     (.common:macPanCoordinator)
                  20003950    00000004                      : PINCC26XX.oem4f (.bss)
                  20003954    00000004     (.common:AESCCM_handle)
                  20003958    00000004     (.common:FH_test_var)
                  2000395c    00000004     (.common:PowerCC26XX_swiKey)
                  20003960    00000004     (.common:PowerCC26XX_taskKey)
                  20003964    00000004     (.common:macCryptoDrvTblPtr)
                  20003968    00000004     (.common:macRxSymbol)
                  2000396c    00000004     (.common:macTimerActive)
                  20003970    00000004     (.common:nvsCC26XXObjects)
                  20003974    00000004     (.common:timerAlignedQ)
                  20003978    00000004     (.common:timerUnalignedQ)
                  2000397c    00000001     (.common:macPhyChannel)
                  2000397d    00000001     (.common:macPwr)
                  2000397e    00000001     (.common:macRxActive)
                  2000397f    00000001     (.common:macRxEnableFlags)
                  20003980    00000001     (.common:macRxOutgoingAckFlag)
                  20003981    00000001     (.common:macSymbolTimerImpending)
                  20003982    00000001     (.common:macTaskId)
                  20003983    00000001     (.common:macTxActive)
                  20003984    00000001     (.common:macUnitBackoffPeriod)
                  20003985    00000001     (.common:rxFhRsl)

.vtable    0    20003986    00000000     UNINITIALIZED

.vtable_ram 
*          0    20003986    00000000     UNINITIALIZED

vtable_ram 
*          0    20003986    00000000     UNINITIALIZED

.sysmem    0    20003986    00000000     UNINITIALIZED

.nonretenvar 
*          0    20003986    00000000     UNINITIALIZED

.stack     0    20013aa0    00000560     UNINITIALIZED
                  20013aa0    00000560     --HOLE--

.bootVecs 
*          0    00000000    00000008     DSECT
                  00000000    00000008     boot.aem4f : boot.oem4f (.bootVecs)

.resetVecs 
*          0    00000000    0000003c     
                  00000000    0000003c     app_pem4f.oem4f (.resetVecs)

.vecs      0    20000000    000000d8     NOLOAD SECTION
                  20000000    000000d8     app_pem4f.oem4f (.vecs)

xdc.meta   0    00000000    000000fb     COPY SECTION
                  00000000    000000fb     app_pem4f.oem4f (xdc.meta)

xdc.noload 
*          0    00000000    00000000     COPY SECTION

.data:RAM_MAC_BASE_ADDR 
*          0    2000010c    00000010     UNINITIALIZED
                  2000010c    00000010     maclib_secure_cc13x2.a : rom_init_154.obj (.data:RAM_MAC_BASE_ADDR)

.text.1    0    00001df8    000120a0     
                  00001df8    00000378     api_mac.obj (.text:processIncomingICallMsg$7)
                  00002170    0000035c     sensor.obj (.text:Sensor_process)
                  000024cc    00000354     maclib_secure_cc13x2.a : mac_rx.obj (.text:rxPayloadIsr$20)
                  00002820    0000034c                            : mac_radio_tx.obj (.text:macRadioCsmaTxCb)
                  00002b6c    00000338     mac_user_config.obj (.text:rfSelect)
                  00002ea4    000002cc     sensor.obj (.text:dataIndCB$5)
                  00003170    00000298     rf_multiMode_cc13x2.a : RFCC26X2_multiMode.c.cc13x2.ccs.o (.text:RF_open)
                  00003408    00000294     maclib_secure_cc13x2.a : mac_tx.obj (.text:macTxFrame)
                  0000369c    00000270                            : mac_pwr.obj (.text:macPwrVote)
                  0000390c    0000025c                            : mac_tx.obj (.text:txCsmaPrep$23)
                  00003b68    00000254                            : mac_radio.obj (.text:macRadioInitSubG)
                  00003dbc    0000021c                            : mac.obj (.text:macSendReceiveCmdIeee)
                  00003fd8    00000218     nvocmp.obj (.text:NVOCMP_initNv$13)
                  000041f0    00000214     maclib_secure_cc13x2.a : mac.obj (.text:macSendReceiveCmdSubG)
                  00004404    00000210     rf_multiMode_cc13x2.a : RFCC26X2_multiMode.c.cc13x2.ccs.o (.text:RF_scheduleCmd)
                  00004614    00000208     nvocmp.obj (.text:NVOCMP_addItem$13)
                  0000481c    000001f4     drivers_cc13x2.a : PINCC26XX.oem4f (.text:PIN_init)
                  00004a10    000001e0     maclib_secure_cc13x2.a : mac_hl_patch.obj (.text:macWrapperAddKeyInitFCtr)
                  00004bf0    000001dc     rf_multiMode_cc13x2.a : RFCC26X2_multiMode.c.cc13x2.ccs.o (.text:RF_dispatchNextCmd)
                  00004dcc    000001c8     maclib_secure_cc13x2.a : mac_radio_tx.obj (.text:macRadioTxAck$27)
                  00004f94    000001ac                            : mac_hl_patch.obj (.text:macRxBeaconCritical)
                  00005140    000001a4                            : mac_hl_patch.obj (.text:macWrapperDeleteKeyAndAssociatedDevices)
                  000052e4    0000019c                            : mac_hl_patch.obj (.text:macIncomingFrameSecurityMaterialRetrieval)
                  00005480    00000198     drivers_cc13x2.a : PowerCC26X2.oem4f (.text:Power_sleep)
                  00005618    00000198     maclib_secure_cc13x2.a : mac_hl_patch.obj (.text:macWrapperDeleteDevice)
                  000057b0    00000190     drivers_cc13x2.a : PowerCC26X2_calibrateRCOSC.oem4f (.text:calibrateRcoscHf1)
                  00005940    0000018c     maclib_secure_cc13x2.a : mac_hl_patch.obj (.text:macIncomingFrameSecurity)
                  00005acc    0000018c     drivers_cc13x2.a : PowerCC26X2_calibrateRCOSC.oem4f (.text:runCalibrateFsm)
                  00005c58    00000188     nvocmp.obj (.text:NVOCMP_compact$13)
                  00005de0    00000188     maclib_secure_cc13x2.a : mac_radio_tx.obj (.text:macRadioTxGoIeee$27)
                  00005f68    00000186     drivers_cc13x2.a : Button.oem4f (.text:Button_clockTimeoutHandler)
                  000060ee    00000002     ti_drivers_config.obj (.text:Board_initHook)
                  000060f0    00000174     drivers_cc13x2.a : PowerCC26X2.oem4f (.text:Power_init)
                  00006264    0000016c     ssf.obj (.text:Ssf_init)
                  000063d0    00000164     drivers_cc13x2.a : UARTCC26XX.oem4f (.text:UARTCC26XX_open)
                  00006534    00000164     maclib_secure_cc13x2.a : mac_radio_tx.obj (.text:macRadioTxPrepCsmaUnslotted)
                  00006698    00000164                            : mac_hl_patch.obj (.text:macWrapperDeleteAllDevices)
                  000067fc    00000164                            : mac_tx.obj (.text:txCsmaDelay)
                  00006960    0000015c                            : mac_hl_patch.obj (.text:macScanNextChan)
                  00006abc    00000154     rf_multiMode_cc13x2.a : RFCC26X2_multiMode.c.cc13x2.ccs.o (.text:RF_radioOpDoneCb)
                  00006c10    00000154     drivers_cc13x2.a : UARTCC26XX.oem4f (.text:UARTCC26XX_hwiIntFxn)
                  00006d64    00000150     sensor.obj (.text:Sensor_init)
                  00006eb4    00000148     rf_multiMode_cc13x2.a : RFCC26X2_multiMode.c.cc13x2.ccs.o (.text:RF_fsmSetupState)
                  00006ffc    00000148     maclib_secure_cc13x2.a : mac_radio_tx.obj (.text:macRadioLbtTxCb)
                  00007144    0000013c     drivers_cc13x2.a : AESCCMCC26XX.oem4f (.text:AESCCM_startOperation)
                  00007280    0000013a                      : UARTCC26XX.oem4f (.text:UARTCC26XX_read)
                  000073ba    00000002     rf_multiMode_cc13x2.a : rfc.c.cc13x2.ccs.o (.text:NOROM_RFCCpePatchReset)
                  000073bc    00000138     drivers_cc13x2.a : NVSCC26XX.oem4f (.text:NVSCC26XX_write)
                  000074f4    00000138     rf_multiMode_cc13x2.a : RFCC26X2_multiMode.c.cc13x2.ccs.o (.text:RF_abortCmd)
                  0000762c    00000138                           : RFCC26X2_multiMode.c.cc13x2.ccs.o (.text:RF_ratSetupChannel)
                  00007764    00000138     maclib_secure_cc13x2.a : mac_hl_patch.obj (.text:macBuildDataFrame)
                  0000789c    00000130                            : mac_radio.obj (.text:macRadioInitIeee)
                  000079cc    00000120     nvocmp.obj (.text:NVOCMP_compactPage$13)
                  00007aec    00000120     rf_multiMode_cc13x2.a : RFCC26X2_multiMode.c.cc13x2.ccs.o (.text:RF_close)
                  00007c0c    00000120     drivers_cc13x2.a : PowerCC26X2.oem4f (.text:configureXOSCHF)
                  00007d2c    00000120     sensor.obj (.text:dataCnfCB$5)
                  00007e4c    0000011c     jdllc.obj (.text:assocCnfCb$4)
                  00007f68    00000118     maclib_secure_cc13x2.a : mac_low_level.obj (.text:macLowLevelBufferInit)
                  00008080    00000118                            : mac.obj (.text:macSetupRATChanCompare)
                  00008198    00000114     macTask.obj (.text:MAC_CbackEvent)
                  000082ac    00000114     drivers_cc13x2.a : PINCC26XX.oem4f (.text:PINCC26XX_setIoCfg)
                  000083c0    00000110                      : GPIOCC26XX.oem4f (.text:GPIO_setConfig)
                  000084d0    00000110                      : LED.oem4f (.text:LED_open)
                  000085e0    00000106     app_pem4f.oem4f (.text:xdc_runtime_System_printfExtend__I)
                  000086e6    00000002     rf_multiMode_cc13x2.a : RFCC26X2_multiMode.c.cc13x2.ccs.o (.text:RF_defaultCallback)
                  000086e8    00000104                           : RFCC26X2_multiMode.c.cc13x2.ccs.o (.text:RF_hwiCpe0Active)
                  000087ec    00000100     nvocmp.obj (.text:NVOCMP_findItem$13)
                  000088ec    000000fc     rf_multiMode_cc13x2.a : RFCC26X2_multiMode.c.cc13x2.ccs.o (.text:RF_decodeOverridePointers)
                  000089e8    000000fc     maclib_secure_cc13x2.a : mac_hl_patch.obj (.text:macOutgoingFrameKeyDescRetrieval)
                  00008ae4    000000f0     rf_multiMode_cc13x2.a : RFCC26X2_multiMode.c.cc13x2.ccs.o (.text:RF_fsmPowerUpState)
                  00008bd4    000000f0     sensor.obj (.text:Sensor_sendMsg)
                  00008cc4    000000e8     drivers_cc13x2.a : Button.oem4f (.text:Button_open)
                  00008dac    000000e8     maclib_secure_cc13x2.a : mac.obj (.text:macSetupReceiveCmd)
                  00008e94    000000e4                            : mac_hl_patch.obj (.text:macOutgoingFrameSecurity)
                  00008f78    000000e4                            : mac_hl_patch.obj (.text:macScanRxCoordRealign)
                  0000905c    000000e4                            : mac_tx.obj (.text:macTxChannelBusyCallback)
                  00009140    000000e0     drivers_cc13x2.a : UARTCC26XX.oem4f (.text:UARTCC26XX_write)
                  00009220    000000e0     maclib_secure_cc13x2.a : mac_rx.obj (.text:rxPostRxUpdates$20)
                  00009300    000000dc                            : mac_hl_patch.obj (.text:macBuildHeaderIes)
                  000093dc    000000d8     driverlib.lib : aes.obj (.text:NOROM_AESWriteToKeyStore)
                  000094b4    000000d8     rf_multiMode_cc13x2.a : RFCC26X2_multiMode.c.cc13x2.ccs.o (.text:RF_control)
                  0000958c    000000d8                           : RFCC26X2_multiMode.c.cc13x2.ccs.o (.text:RF_pendCmd)
                  00009664    000000d8     driverlib.lib : setup.obj (.text:TrimAfterColdResetWakeupFromShutDown$47)
                  0000973c    000000d8     main.obj (.text:appTaskFxn)
                  00009814    000000d8     maclib_secure_cc13x2.a : mac_hl_patch.obj (.text:macCcmStarTransform)
                  000098ec    000000d8                            : mac_hl_patch.obj (.text:macEdScanISR)
                  000099c4    000000d4                            : mac_hl_patch.obj (.text:MAC_MlmeScanReq)
                  00009a98    000000d2     rf_multiMode_cc13x2.a : RFCC26X2_multiMode.c.cc13x2.ccs.o (.text:RF_updatePaConfiguration)
                  00009b6a    00000002     rtsv7M4_T_le_v4SPD16_eabi.lib : _lock.c.obj (.text:_nop)
                  00009b6c    000000cc     rf_multiMode_cc13x2.a : RFCC26X2_multiMode.c.cc13x2.ccs.o (.text:RF_swiHw)
                  00009c38    000000cc     maclib_secure_cc13x2.a : mac_timer.obj (.text:macSymbolTimerTriggerCallback)
                  00009d04    000000c8     dpl_cc13x2.a : PowerCC26X2_tirtos.oem4f (.text:PowerCC26XX_standbyPolicy)
                  00009dcc    000000c4     drivers_cc13x2.a : GPIOCC26XX.oem4f (.text:GPIO_init)
                  00009e90    000000c4     jdllc.obj (.text:Jdllc_init)
                  00009f54    000000c4     maclib_secure_cc13x2.a : mac_autopend.obj (.text:MAC_SrcMatchAddEntry)
                  0000a018    000000c4                            : mac_hl_patch.obj (.text:macApiStartReq)
                  0000a0dc    000000c0                            : mac_pwr.obj (.text:MAC_PwrOffReq)
                  0000a19c    000000c0     nvocmp.obj (.text:NVOCMP_erase$13)
                  0000a25c    000000c0     drivers_cc13x2.a : PowerCC26X2.oem4f (.text:Power_releaseDependency)
                  0000a31c    000000c0                      : TRNGCC26XX.oem4f (.text:TRNG_getRandom)
                  0000a3dc    000000c0                      : UARTCC26XX.oem4f (.text:UARTCC26XX_initIO)
                  0000a49c    000000c0     maclib_secure_cc13x2.a : mac_hl_patch.obj (.text:macMgmtReset)
                  0000a55c    000000bc     rf_multiMode_cc13x2.a : RFCC26X2_multiMode.c.cc13x2.ccs.o (.text:RF_initRadioSetup)
                  0000a618    000000bc     maclib_secure_cc13x2.a : mac_hl_patch.obj (.text:macAutoPoll)
                  0000a6d4    000000bc                            : mac.obj (.text:macGetRFCmdDuration)
                  0000a790    000000bc     jdllc.obj (.text:pollCnfCb$4)
                  0000a84c    000000bc     jdllc.obj (.text:processCoordRealign$4)
                  0000a908    000000b8     drivers_cc13x2.a : PowerCC26X2.oem4f (.text:Power_setDependency)
                  0000a9c0    000000b8                      : UARTCC26XX.oem4f (.text:UARTCC26XX_initHw)
                  0000aa78    000000b0     maclib_secure_cc13x2.a : mac_hl_patch.obj (.text:macDataTxComplete)
                  0000ab28    000000b0                            : mac_radio_tx.obj (.text:macRadioTxAckCb$27)
                  0000abd8    000000b0                            : mac_radio.obj (.text:macRadioUpdateTxPower)
                  0000ac88    000000b0                            : mac.obj (.text:macStopCmd)
                  0000ad38    000000ac     nvocmp.obj (.text:NVOCMP_readContItemApi$13)
                  0000ade4    000000ac     drivers_cc13x2.a : PINCC26XX.oem4f (.text:PIN_open)
                  0000ae90    000000ac     maclib_secure_cc13x2.a : mac_hl_patch.obj (.text:macApiBeaconStartReq)
                  0000af3c    000000ac     macTask.obj (.text:macTaskInit)
                  0000afe8    000000ac     maclib_secure_cc13x2.a : mac_tx.obj (.text:macTxDoneCallback)
                  0000b094    000000ac     api_mac.obj (.text:processBeaconNotifyInd$7)
                  0000b140    000000a8     driverlib.lib : setup.obj (.text:NOROM_SetupTrimDevice)
                  0000b1e8    000000a8     nvocmp.obj (.text:NVOCMP_initNvApi$13)
                  0000b290    000000a8     maclib_secure_cc13x2.a : mac_hl_patch.obj (.text:macBeaconCheckTxTime)
                  0000b338    000000a8                            : mac_hl_patch.obj (.text:macTrackTimeoutCallback)
                  0000b3e0    000000a4     rf_multiMode_cc13x2.a : RFCC26X2_multiMode.c.cc13x2.ccs.o (.text:RF_ratRestartChannels)
                  0000b484    000000a4     jdllc.obj (.text:beaconNotifyIndCb$4)
                  0000b528    000000a4     maclib_secure_cc13x2.a : mac_hl_patch.obj (.text:macCcmStarInverseTransform)
                  0000b5cc    000000a4                            : mac_radio_tx.obj (.text:macRadioTxPrepLbt)
                  0000b670    000000a0     rf_multiMode_cc13x2.a : RFCC26X2_multiMode.c.cc13x2.ccs.o (.text:RF_requestAccess)
                  0000b710    000000a0     auto_init.aem4f : auto_init.oem4f (.text)
                  0000b7b0    000000a0     maclib_secure_cc13x2.a : mac_hl_patch.obj (.text:macBlacklistChecking)
                  0000b850    000000a0                            : mac_radio.obj (.text:scheduleNopWakeupCmd)
                  0000b8f0    000000a0     rom_sysbios.aem4f : rom_sysbios.obj (.text:ti_sysbios_knl_Task_setPri__E)
                  0000b990    0000009c     nvocmp.obj (.text:NVOCMP_readHeader$13)
                  0000ba2c    0000009c     drivers_cc13x2.a : TRNGCC26XX.oem4f (.text:TRNG_construct)
                  0000bac8    0000009c     maclib_secure_cc13x2.a : mac_radio.obj (.text:macRadioStartScan)
                  0000bb64    0000009c                            : mac_radio.obj (.text:macRadioUpdateChannel)
                  0000bc00    0000009c                            : mac_radio.obj (.text:macRadioUpdateChannelRx)
                  0000bc9c    0000009c                            : mac_rx_onoff.obj (.text:macRxOffRequest)
                  0000bd38    0000009c                            : mac_timer.obj (.text:macTimerRealign)
                  0000bdd4    0000009c     rtsv7M4_T_le_v4SPD16_eabi.lib : memcpy_t2.asm.obj (.text)
                  0000be70    0000009c     maclib_secure_cc13x2.a : mac_tx.obj (.text:txComplete)
                  0000bf0c    00000098     nvocmp.obj (.text:NVOCMP_updateItemApi$13)
                  0000bfa4    00000098     rf_multiMode_cc13x2.a : RFCC26X2_multiMode.c.cc13x2.ccs.o (.text:RF_calculateDispatchTime)
                  0000c03c    00000098     drivers_cc13x2.a : TRNGCC26XX.oem4f (.text:TRNGCC26XX_hwiFxn)
                  0000c0d4    00000098     maclib_secure_cc13x2.a : mac_hl_patch.obj (.text:macAutoPendAddSrcMatchTableEntry)
                  0000c16c    00000098     drivers_cc13x2.a : UARTCC26XX.oem4f (.text:writeTxFifoFlush)
                  0000c204    00000096     rtsv7M4_T_le_v4SPD16_eabi.lib : ull_div_t2.asm.obj (.text)
                  0000c29a    00000002     drivers_cc13x2.a : PowerCC26X2.oem4f (.text:emptyClockFunc)
                  0000c29c    00000094     maclib_secure_cc13x2.a : mac_hl_patch.obj (.text:macIncomingSecurityLevelChecking)
                  0000c330    00000094                            : mac.obj (.text:macRatCb_A)
                  0000c3c4    00000094                            : mac.obj (.text:macSetupFsCmd)
                  0000c458    00000092     drivers_cc13x2.a : UARTCC26XX.oem4f (.text:UARTCC26XX_writeCancel)
                  0000c4ea    00000002                      : CryptoResourceCC26XX.oem4f (.text:errorSpin)
                  0000c4ec    00000090     maclib_secure_cc13x2.a : mac_hl_patch.obj (.text:MAC_ResumeReq)
                  0000c57c    00000090     rf_multiMode_cc13x2.a : RFCC26X2_multiMode.c.cc13x2.ccs.o (.text:RF_discardPendCmd)
                  0000c60c    00000090                           : RFCC26X2_multiMode.c.cc13x2.ccs.o (.text:RF_getInfo)
                  0000c69c    00000090     jdllc.obj (.text:disassoCnfCb$4)
                  0000c72c    00000090     maclib_secure_cc13x2.a : mac_hl_patch.obj (.text:macCcmDecrypt)
                  0000c7bc    00000090                            : mac_hl_patch.obj (.text:macTrackStartCallback)
                  0000c84c    00000090     jdllc.obj (.text:scanCnfCb$4)
                  0000c8dc    0000008c     maclib_osal_tirtos_cc13x2_26x2.a : osal_port.obj (.text:OsalPort_heapMalloc$40)
                  0000c968    0000008c                                      : osal_port.obj (.text:OsalPort_setTimer)
                  0000c9f4    0000008c     api_mac.obj (.text:copyDataInd$7)
                  0000ca80    0000008c     sensor.obj (.text:jdllcJoinedCb$5)
                  0000cb0c    0000008c     maclib_secure_cc13x2.a : mac_hl_patch.obj (.text:macCcmEncrypt)
                  0000cb98    0000008c                            : mac_radio_tx.obj (.text:macRadioTxEnhAckCb)
                  0000cc24    0000008c                            : mac_autopend.obj (.text:macSrcMatchCheckSrcAddr$16)
                  0000ccb0    0000008c     rom_sysbios.aem4f : rom_sysbios.obj (.text:ti_sysbios_gates_GateMutexPri_enter__E)
                  0000cd3c    00000088     maclib_secure_cc13x2.a : mac_autopend.obj (.text:MAC_SrcMatchEnable)
                  0000cdc4    00000088     driverlib.lib : osc.obj (.text:NOROM_OSCHF_AttemptToSwitchToXosc)
                  0000ce4c    00000088     nvocmp.obj (.text:NVOCMP_deleteItemApi$13)
                  0000ced4    00000088     rf_multiMode_cc13x2.a : RFCC26X2_multiMode.c.cc13x2.ccs.o (.text:RF_cmdDispatchTime)
                  0000cf5c    00000088                           : RFCC26X2_multiMode.c.cc13x2.ccs.o (.text:RF_getTxPower)
                  0000cfe4    00000088     drivers_cc13x2.a : PowerCC26X2_calibrateRCOSC.oem4f (.text:calibrateRcoscHf2)
                  0000d06c    00000088                      : PowerCC26X2.oem4f (.text:disableLFClockQualifiers)
                  0000d0f4    00000088     maclib_secure_cc13x2.a : mac_hl_patch.obj (.text:macKeyDescriptorLookup)
                  0000d17c    00000088                            : mac_mcu.obj (.text:macMcuOverflowSetPeriod)
                  0000d204    00000088                            : mac_symbol_timer.obj (.text:macSymbolTimerInit)
                  0000d28c    00000088     drivers_cc13x2.a : PowerCC26X2_calibrateRCOSC.oem4f (.text:updateSubSecInc)
                  0000d314    00000084     api_mac.obj (.text:ApiMac_init)
                  0000d398    00000084     nvocmp.obj (.text:NVOCMP_createItemApi$13)
                  0000d41c    00000084     rf_multiMode_cc13x2.a : RFCC26X2_multiMode.c.cc13x2.ccs.o (.text:RF_issueRadioFreeCb)
                  0000d4a0    00000084                           : RFCC26X2_multiMode.c.cc13x2.ccs.o (.text:RF_verifyGap)
                  0000d524    00000084     drivers_cc13x2.a : UARTCC26XX.oem4f (.text:UARTCC26XX_close)
                  0000d5a8    00000084     maclib_secure_cc13x2.a : mac_timer.obj (.text:macTimerUpdateSymbolTimer)
                  0000d62c    00000084     jdllc.obj (.text:syncLossCb$4)
                  0000d6b0    00000080     driverlib.lib : chipinfo.obj (.text:NOROM_ChipInfo_GetChipType)
                  0000d730    00000080     drivers_cc13x2.a : NVSCC26XX.oem4f (.text:NVSCC26XX_open)
                  0000d7b0    00000080     jdllc.obj (.text:disassocIndCb$4)
                  0000d830    00000080     maclib_secure_cc13x2.a : mac_mcu.obj (.text:macMcuOverflowSetCompare)
                  0000d8b0    00000080                            : mac_radio.obj (.text:macRadioWakeupCb)
                  0000d930    00000080     rom_sysbios.aem4f : rom_sysbios.obj (.text:ti_sysbios_family_arm_cc26xx_Timer_start__E)
                  0000d9b0    00000080     maclib_secure_cc13x2.a : mac_tx.obj (.text:txGo$23)
                  0000da30    0000007c     nvocmp.obj (.text:NVOCMP_readItemApi$13)
                  0000daac    0000007c     rf_multiMode_cc13x2.a : RFCC26X2_multiMode.c.cc13x2.ccs.o (.text:RF_ratFreeChannel)
                  0000db28    0000007c     maclib_secure_cc13x2.a : mac_rx_onoff.obj (.text:macRxOn)
                  0000dba4    0000007c     maclib_osal_tirtos_cc13x2_26x2.a : osal_port.obj (.text:osalHeapInitFxn)
                  0000dc20    0000007a     rtsv7M4_T_le_v4SPD16_eabi.lib : memset_t2.asm.obj (.text)
                  0000dc9a    00000002     sensor.obj (.text:jdllcStateChangeCb$5)
                  0000dc9c    00000078     jdllc.obj (.text:Jdllc_securityInit)
                  0000dd14    00000078     nvocmp.obj (.text:NVOCMP_checkItem$13)
                  0000dd8c    00000078     jdllc.obj (.text:dataCnfCb$4)
                  0000de04    00000078     maclib_secure_cc13x2.a : mac_timer.obj (.text:macTimerSetRollover)
                  0000de7c    00000078     rom_sysbios.aem4f : rom_sysbios.obj (.text:ti_sysbios_heaps_HeapMem_allocUnprotected__E)
                  0000def4    00000074     nvocmp.obj (.text:NVOCMP_writeItemApi$13)
                  0000df68    00000074     drivers_cc13x2.a : PowerCC26X2_calibrateRCOSC.oem4f (.text:PowerCC26X2_auxISR)
                  0000dfdc    00000074     rf_multiMode_cc13x2.a : RFCC26X2_multiMode.c.cc13x2.ccs.o (.text:RF_ratDisableChannel)
                  0000e050    00000074                           : RFCC26X2_multiMode.c.cc13x2.ccs.o (.text:RF_yield)
                  0000e0c4    00000074     jdllc.obj (.text:sendAssocReq$4)
                  0000e138    00000074     rom_sysbios.aem4f : rom_sysbios.obj (.text:ti_sysbios_gates_GateMutexPri_leave__E)
                  0000e1ac    00000072     rf_multiMode_cc13x2.a : RFCC26X2_multiMode.c.cc13x2.ccs.o (.text:RF_detachOverrides)
                  0000e21e    00000002     maclib_secure_cc13x2.a : mac_pwr.obj (.text:macApiPwrOnReq)
                  0000e220    00000070     drivers_cc13x2.a : AESCCMCC26XX.oem4f (.text:AESCCM_cleanup)
                  0000e290    00000070     rf_multiMode_cc13x2.a : rfc.c.cc13x2.ccs.o (.text:NOROM_RFCAnaDivTxOverride)
                  0000e300    00000070     nvocmp.obj (.text:NVOCMP_eraseNvApi$13)
                  0000e370    00000070     drivers_cc13x2.a : PINCC26XX.oem4f (.text:PIN_add)
                  0000e3e0    00000070     rf_multiMode_cc13x2.a : RFCC26X2_multiMode.c.cc13x2.ccs.o (.text:RF_getCurrentTime)
                  0000e450    00000070     drivers_cc13x2.a : Random.oem4f (.text:Random_seedAutomatic)
                  0000e4c0    0000006e     rf_multiMode_cc13x2.a : RFCC26X2_multiMode.c.cc13x2.ccs.o (.text:RF_attachOverrides)
                  0000e52e    0000006e                           : RFCC26X2_multiMode.c.cc13x2.ccs.o (.text:RF_howToSchedule)
                  0000e59c    0000006e     rtsv7M4_T_le_v4SPD16_eabi.lib : ll_div_t2.asm.obj (.text)
                  0000e60a    00000002     maclib_secure_cc13x2.a : mac_mcu.obj (.text:macMcuBitReverse)
                  0000e60c    0000006d     rom_sysbios.aem4f : rom_sysbios.obj (.text:xdc_runtime_System_formatNum__I)
                  0000e679    00000001     --HOLE-- [fill = 0]
                  0000e67a    00000002     maclib_secure_cc13x2.a : mac_radio.obj (.text:macRadioSetRE)
                  0000e67c    0000006c     nvocmp.obj (.text:NVOCMP_getDstPage$13)
                  0000e6e8    0000006c     rf_multiMode_cc13x2.a : RFCC26X2_multiMode.c.cc13x2.ccs.o (.text:RF_dispatchNextEvent)
                  0000e754    0000006c     maclib_secure_cc13x2.a : mac_radio_tx.obj (.text:macRadioTxBackoffBoundary)
                  0000e7c0    0000006c                            : mac_hl_patch.obj (.text:macTrackPeriodCallback)
                  0000e82c    00000068     driverlib.lib : osc.obj (.text:NOROM_OSCHF_SwitchToRcOscTurnOffXosc)
                  0000e894    00000068     maclib_osal_tirtos_cc13x2_26x2.a : osal_port.obj (.text:OsalPort_registerTask)
                  0000e8fc    00000068     rf_multiMode_cc13x2.a : RFCC26X2_multiMode.c.cc13x2.ccs.o (.text:RF_hwiHw)
                  0000e964    00000068     rtsv7M4_T_le_v4SPD16_eabi.lib : copy_decompress_lzss.c.obj (.text:decompress:lzss:__TI_decompress_lzss)
                  0000e9cc    00000068     maclib_secure_cc13x2.a : mac_rx.obj (.text:macRxHaltCleanup)
                  0000ea34    00000068     jdllc.obj (.text:updateState$4)
                  0000ea9c    00000064     drivers_cc13x2.a : AESCCMCC26XX.oem4f (.text:AESCCM_waitForResult)
                  0000eb00    00000064                      : Button.oem4f (.text:Button_gpioCallbackFxn)
                  0000eb64    00000064     nvocmp.obj (.text:NVOCMP_findSignature$13)
                  0000ebc8    00000064     maclib_osal_tirtos_cc13x2_26x2.a : osal_port.obj (.text:OsalPort_clearEvent)
                  0000ec2c    00000064                                      : osal_port.obj (.text:OsalPort_pwrmgrTaskState)
                  0000ec90    00000064     ssf.obj (.text:Ssf_networkUpdate)
                  0000ecf4    00000064     drivers_cc13x2.a : UARTCC26XX.oem4f (.text:UARTCC26XX_control)
                  0000ed58    00000064     maclib_secure_cc13x2.a : mac.obj (.text:macRequestBackoff)
                  0000edbc    00000064                            : mac_timer.obj (.text:macSymbolTimerRolloverCallback)
                  0000ee20    00000064                            : mac_timer.obj (.text:macTimerAddTimer)
                  0000ee84    00000064     jdllc.obj (.text:sendScanReq$4)
                  0000eee8    00000062     ti_drivers_config.obj (.text:Board_sendExtFlashByte)
                  0000ef4a    00000062     rf_multiMode_cc13x2.a : RFCC26X2_multiMode.c.cc13x2.ccs.o (.text:RF_syncCb)
                  0000efac    00000062     drivers_cc13x2.a : UARTCC26XX.oem4f (.text:UARTCC26XX_swiIntFxn)
                  0000f00e    00000002     rtsv7M4_T_le_v4SPD16_eabi.lib : div0.asm.obj (.text)
                  0000f010    00000060     drivers_cc13x2.a : AESCCMCC26XX.oem4f (.text:AESCCM_hwiFxn)
                  0000f070    00000060                      : CryptoResourceCC26XX.oem4f (.text:CryptoResourceCC26XX_constructRTOSObjects)
                  0000f0d0    00000060                      : GPIOCC26XX.oem4f (.text:GPIO_write)
                  0000f130    00000060     rf_multiMode_cc13x2.a : RFCC26X2_multiMode.c.cc13x2.ccs.o (.text:RF_applyRfCorePatch)
                  0000f190    00000060     ssf.obj (.text:Ssf_getNetworkInfo)
                  0000f1f0    00000060     drivers_cc13x2.a : TRNGCC26XX.oem4f (.text:TRNGCC26XX_startTrng)
                  0000f250    00000060     maclib_secure_cc13x2.a : mac_radio.obj (.text:macGetRadioTxPowerReg)
                  0000f2b0    00000060                            : mac_timer.obj (.text:macTimerCancel)
                  0000f310    00000060                            : mac_timer.obj (.text:macTimerGetNextTimer)
                  0000f370    0000005e     api_mac.obj (.text:convertTxOptions)
                  0000f3ce    00000002     app_pem4f.oem4f (.text:ti_sysbios_BIOS_nullFunc__I)
                  0000f3d0    0000005c     nvocmp.obj (.text:NVOCMP_readItem$13)
                  0000f42c    0000005c     maclib_osal_tirtos_cc13x2_26x2.a : osal_port.obj (.text:OsalPort_msgReceive)
                  0000f488    0000005c                                      : osal_port.obj (.text:OsalPort_setEvent)
                  0000f4e4    0000005c     drivers_cc13x2.a : PINCC26XX.oem4f (.text:PIN_remove)
                  0000f540    0000005c     rf_multiMode_cc13x2.a : RFCC26X2_multiMode.c.cc13x2.ccs.o (.text:RF_hwiCpe0PowerFsm)
                  0000f59c    0000005c     drivers_cc13x2.a : NVSCC26XX.oem4f (.text:doErase)
                  0000f5f8    0000005c     maclib_secure_cc13x2.a : mac_radio.obj (.text:macRadioSetChannel)
                  0000f654    0000005c                            : mac_radio.obj (.text:macRadioSetChannelRx)
                  0000f6b0    0000005c                            : mac_hl_patch.obj (.text:macSetDefaultsByPatch)
                  0000f70c    0000005c     drivers_cc13x2.a : UARTCC26XX.oem4f (.text:startTxFifoEmptyClk)
                  0000f768    0000005c     app_pem4f.oem4f (.text:xdc_runtime_Startup_getState__I)
                  0000f7c4    00000058     nvocmp.obj (.text:NVOCMP_getItemLenApi$13)
                  0000f81c    00000058     drivers_cc13x2.a : PowerCC26X2_calibrateRCOSC.oem4f (.text:PowerCC26X2_initiateCalibration)
                  0000f874    00000058     rf_multiMode_cc13x2.a : RFCC26X2_multiMode.c.cc13x2.ccs.o (.text:RF_TxPowerTable_findValue)
                  0000f8cc    00000058     sensor.obj (.text:SensorReadCallback$5)
                  0000f924    00000058     drivers_cc13x2.a : TRNGCC26XX.oem4f (.text:TRNG_init)
                  0000f97c    00000058     boot.aem4f : boot.oem4f (.text)
                  0000f9d4    00000058     maclib_secure_cc13x2.a : mac_sleep.obj (.text:macCanSleep)
                  0000fa2c    00000058                            : mac_radio_tx.obj (.text:macRadioTxRequestTxAck)
                  0000fa84    00000058     main.obj (.text:main)
                  0000fadc    00000058     rom_sysbios.aem4f : rom_sysbios.obj (.text:ti_sysbios_heaps_HeapMem_alloc__E)
                  0000fb34    00000056     drivers_cc13x2.a : LED.oem4f (.text:LED_startBlinking)
                  0000fb8a    00000056     rf_multiMode_cc13x2.a : RFCC26X2_multiMode.c.cc13x2.ccs.o (.text:RF_defaultSubmitPolicy)
                  0000fbe0    00000054     drivers_cc13x2.a : AESCCMCC26XX.oem4f (.text:AESCCM_construct)
                  0000fc34    00000054     jdllc.obj (.text:Jdllc_addSecDevice)
                  0000fc88    00000054     driverlib.lib : prcm.obj (.text:NOROM_PRCMPowerDomainsAllOff)
                  0000fcdc    00000054     nvocmp.obj (.text:NVOCMP_doNVCRC$13)
                  0000fd30    00000054     drivers_cc13x2.a : NVSCC26XX.oem4f (.text:NVSCC26XX_init)
                  0000fd84    00000054     rf_multiMode_cc13x2.a : RFCC26X2_multiMode.c.cc13x2.ccs.o (.text:RF_fsmXOSCState)
                  0000fdd8    00000054     drivers_cc13x2.a : StructRingBuf.oem4f (.text:StructRingBuf_put)
                  0000fe2c    00000054     dpl_cc13x2.a : SwiP_tirtos.oem4f (.text:SwiP_construct)
                  0000fe80    00000054     sensor.obj (.text:UART_INIT)
                  0000fed4    00000054     maclib_secure_cc13x2.a : mac_hl_patch.obj (.text:macIncomingKeyUsagePolicyChecking)
                  0000ff28    00000054                            : mac_tx.obj (.text:macTxAckReceivedCallback)
                  0000ff7c    00000054     api_mac.obj (.text:processScanCnf$7)
                  0000ffd0    00000050     drivers_cc13x2.a : GPIOCC26XX.oem4f (.text:GPIO_enableInt)
                  00010020    00000050     nvocmp.obj (.text:NVOCMP_compactNvApi$13)
                  00010070    00000050     drivers_cc13x2.a : TRNGCC26XX.oem4f (.text:TRNGCC26XX_waitForResult)
                  000100c0    00000050     maclib_secure_cc13x2.a : mac_radio.obj (.text:macRadioSetPanCoordinator)
                  00010110    00000050                            : mac_timer.obj (.text:macTimerStart)
                  00010160    0000004c     driverlib.lib : prcm.obj (.text:NOROM_PRCMPowerDomainsAllOn)
                  000101ac    0000004c     nvocmp.obj (.text:NVOCMP_setItemInactive$13)
                  000101f8    0000004c     maclib_osal_tirtos_cc13x2_26x2.a : osal_port.obj (.text:OsalPort_msgSend)
                  00010244    0000004c     rf_multiMode_cc13x2.a : RFCC26X2_multiMode.c.cc13x2.ccs.o (.text:RF_wakeupNotification)
                  00010290    0000004c     drivers_cc13x2.a : StructRingBuf.oem4f (.text:StructRingBuf_get)
                  000102dc    0000004c                      : UARTCC26XX.oem4f (.text:UARTCC26XX_readCancel)
                  00010328    0000004c     rtsv7M4_T_le_v4SPD16_eabi.lib : cpy_tbl.c.obj (.text:copy_in)
                  00010374    0000004c     maclib_secure_cc13x2.a : mac_low_level.obj (.text:macLowLevelYield)
                  000103c0    0000004c                            : mac_radio_tx.obj (.text:macRadioTxHandleAck)
                  0001040c    0000004c                            : mac.obj (.text:macSendFsCmd)
                  00010458    0000004c     maclib_osal_tirtos_cc13x2_26x2.a : osal_port.obj (.text:osalHeapGetStatsFxn)
                  000104a4    00000048     ti_drivers_config.obj (.text:Board_wakeUpExtFlash)
                  000104ec    00000048     rf_multiMode_cc13x2.a : rfc.c.cc13x2.ccs.o (.text:NOROM_RFCSynthPowerDown)
                  00010534    00000048     nvocmp.obj (.text:NVOCMP_write$13)
                  0001057c    00000048     drivers_cc13x2.a : NVS.oem4f (.text:NVS_open)
                  000105c4    00000048                      : PINCC26XX.oem4f (.text:PIN_setOutputEnable)
                  0001060c    00000048                      : PowerCC26X2_calibrateRCOSC.oem4f (.text:PowerCC26X2_RCOSC_clockFunc)
                  00010654    00000048                      : PowerCC26X2.oem4f (.text:PowerCC26XX_switchXOSC_HF)
                  0001069c    00000048     ssf.obj (.text:Ssf_configurationUpdate)
                  000106e4    00000048     maclib_osal_tirtos_cc13x2_26x2.a : util_timer.obj (.text:UtilTimer_construct)
                  0001072c    00000048     drivers_cc13x2.a : NVSCC26XX.oem4f (.text:disableFlashCache)
                  00010774    00000048     maclib_secure_cc13x2.a : mac_radio.obj (.text:macRadioNeedAdjustPower)
                  000107bc    00000048                            : mac_radio.obj (.text:macRadioStopScan)
                  00010804    00000048                            : mac_timer.obj (.text:macTimerUpdActive)
                  0001084c    00000048     drivers_cc13x2.a : PowerCC26X2.oem4f (.text:switchXOSCHF)
                  00010894    00000048                      : UARTCC26XX.oem4f (.text:writeFinishedDoCallback)
                  000108dc    00000046                      : RingBuf.oem4f (.text:RingBuf_put)
                  00010922    00000046     maclib_secure_cc13x2.a : mac_hl_patch.obj (.text:macDeviceDescriptorLookup)
                  00010968    00000044                            : fh_ie_patch.obj (.text:FHNT_delTempIndex)
                  000109ac    00000044     drivers_cc13x2.a : GPIOCC26XX.oem4f (.text:GPIO_disableInt)
                  000109f0    00000044     maclib_secure_cc13x2.a : mac_timer.obj (.text:MAC_PwrNextTimeout)
                  00010a34    00000044     driverlib.lib : chipinfo.obj (.text:NOROM_ChipInfo_GetHwRevision)
                  00010a78    00000044     nvocmp.obj (.text:NVOCMP_getFreeNvApi$13)
                  00010abc    00000044     drivers_cc13x2.a : NVSCC26XX.oem4f (.text:NVSCC26XX_read)
                  00010b00    00000044                      : PINCC26XX.oem4f (.text:PIN_swi)
                  00010b44    00000044                      : PWM.oem4f (.text:PWM_init)
                  00010b88    00000044                      : UART.oem4f (.text:UART_init)
                  00010bcc    00000044     maclib_secure_cc13x2.a : mac.obj (.text:macRatCb_B)
                  00010c10    00000044                            : mac_rx_onoff.obj (.text:macRxDisable)
                  00010c54    00000044                            : mac_tx.obj (.text:macTxTimestampCallback)
                  00010c98    00000044     jdllc.obj (.text:populateInfo$4)
                  00010cdc    00000042     api_mac.obj (.text:copyMacPanDescToApiMacPanDesc$7)
                  00010d1e    00000040     dpl_cc13x2.a : ClockP_tirtos.oem4f (.text:ClockP_construct)
                  00010d5e    00000002     rom_sysbios.aem4f : rom_sysbios.obj (.text:ti_sysbios_heaps_HeapCallback_defaultDelete)
                  00010d60    00000040     dpl_cc13x2.a : ClockP_tirtos.oem4f (.text:ClockP_create)
                  00010da0    00000040     jdllc.obj (.text:Jdllc_sendDisassociationRequest)
                  00010de0    00000040     driverlib.lib : osc.obj (.text:NOROM_OSC_HPOSCRelativeFrequencyOffsetGet)
                  00010e20    00000040     maclib_osal_tirtos_cc13x2_26x2.a : osal_port.obj (.text:OsalPort_heapFree$40)
                  00010e60    00000040     drivers_cc13x2.a : PWM.oem4f (.text:PWM_open)
                  00010ea0    00000040                      : PowerCC26X2.oem4f (.text:PowerCC26XX_isStableXOSC_HF)
                  00010ee0    00000040                      : Random.oem4f (.text:Random_getNumber)
                  00010f20    00000040                      : RingBuf.oem4f (.text:RingBuf_get)
                  00010f60    00000040                      : TRNGCC26XX.oem4f (.text:TRNGCC26XX_copyToClient)
                  00010fa0    00000040                      : UART.oem4f (.text:UART_open)
                  00010fe0    00000040     rf_multiMode_cc13x2.a : rf_patch_cpe_prop.c.cc13x2.ccs.o (.text:configurePropPatch)
                  00011020    00000040     maclib_secure_cc13x2.a : mac_rx.obj (.text:macRxNokIsr)
                  00011060    00000040                            : mac_autopend.obj (.text:macSrcMatchSetEnableBit$16)
                  000110a0    00000040                            : mac_symbol_timer.obj (.text:macSymbolTimerSetTrigger)
                  000110e0    00000040                            : mac_tx.obj (.text:macTxUpdateIE)
                  00011120    00000040     rtsv7M4_T_le_v4SPD16_eabi.lib : u_divt2.asm.obj (.text)
                  00011160    00000040     rom_sysbios.aem4f : rom_sysbios.obj (.text:ti_sysbios_family_arm_cc26xx_Timer_setThreshold__I)
                  000111a0    00000040                       : rom_sysbios.obj (.text:ti_sysbios_heaps_HeapCallback_Module_startup__E)
                  000111e0    0000003e     dpl_cc13x2.a : HwiP_tirtos.oem4f (.text:HwiP_construct)
                  0001121e    0000003e     drivers_cc13x2.a : LED.oem4f (.text:LED_setBrightnessLevel)
                  0001125c    0000003e     maclib_osal_tirtos_cc13x2_26x2.a : osal_port.obj (.text:OsalPort_msgEnqueueMax)
                  0001129a    0000003e     drivers_cc13x2.a : TRNGCC26XX.oem4f (.text:TRNGCC26XX_serviceJob)
                  000112d8    0000003e                      : LED.oem4f (.text:clockTimeoutHandler)
                  00011316    0000003c                      : LED.oem4f (.text:LED_setOff)
                  00011352    00000002     rom_sysbios.aem4f : rom_sysbios.obj (.text:xdc_runtime_SysCallback_defaultAbort)
                  00011354    0000003c     maclib_secure_cc13x2.a : mac_pwr.obj (.text:MAC_PwrOnReq)
                  00011390    0000003c     nvocmp.obj (.text:NVOCMP_disableCache$13)
                  000113cc    0000003c     drivers_cc13x2.a : PINCC26XX.oem4f (.text:PIN_setInterrupt)
                  00011408    0000003c                      : PINCC26XX.oem4f (.text:PIN_setOutputValue)
                  00011444    0000003c     rf_multiMode_cc13x2.a : RFCC26X2_multiMode.c.cc13x2.ccs.o (.text:RF_cmdGet)
                  00011480    0000003c                           : RFCC26X2_multiMode.c.cc13x2.ccs.o (.text:RF_cmdStoreEvents)
                  000114bc    0000003c     drivers_cc13x2.a : NVSCC26XX.oem4f (.text:checkEraseRange)
                  000114f8    0000003c     maclib_secure_cc13x2.a : mac_timer.obj (.text:macTimerRecalcUnaligned)
                  00011534    0000003c                            : mac_tx.obj (.text:macTxDecrypt)
                  00011570    0000003c     rom_sysbios.aem4f : rom_sysbios.obj (.text:ti_sysbios_family_arm_m3_Hwi_construct2__E)
                  000115ac    0000003a     maclib_osal_tirtos_cc13x2_26x2.a : mac_util.obj (.text:Util_bufferUint32)
                  000115e6    00000002     rom_sysbios.aem4f : rom_sysbios.obj (.text:xdc_runtime_SysCallback_defaultExit)
                  000115e8    00000038     ti_drivers_config.obj (.text:Board_shutDownExtFlash)
                  00011620    00000038     drivers_cc13x2.a : PINCC26XX.oem4f (.text:PIN_setConfig)
                  00011658    00000038     rf_multiMode_cc13x2.a : RFCC26X2_multiMode.c.cc13x2.ccs.o (.text:RF_checkCmdFsError)
                  00011690    00000038     jdllc.obj (.text:handleMaxDataFail$4)
                  000116c8    00000038     maclib_secure_cc13x2.a : mac_timer.obj (.text:macTimerAligned)
                  00011700    00000038                            : mac_timer.obj (.text:macTimerInit)
                  00011738    00000038                            : mac_tx.obj (.text:macTxAckNotReceivedCallback)
                  00011770    00000038     drivers_cc13x2.a : PowerCC26X2.oem4f (.text:notify)
                  000117a8    00000038                      : UARTCC26XX.oem4f (.text:readData)
                  000117e0    00000038     jdllc.obj (.text:sendPollReq$4)
                  00011818    00000038     rom_sysbios.aem4f : rom_sysbios.obj (.text:ti_sysbios_family_arm_cc26xx_Timer_getCurrentTick__E)
                  00011850    00000038     drivers_cc13x2.a : UARTCC26XX.oem4f (.text:writeData)
                  00011888    00000036     api_mac.obj (.text:ApiMac_convertCapabilityInfo)
                  000118be    00000036     drivers_cc13x2.a : LED.oem4f (.text:LED_setOn)
                  000118f4    00000034     driverlib.lib : aes.obj (.text:NOROM_AESStartDMAOperation)
                  00011928    00000034                   : sys_ctrl.obj (.text:NOROM_SysCtrlIdle)
                  0001195c    00000034     nvocmp.obj (.text:NVOCMP_verifyCRC$13)
                  00011990    00000034     rf_multiMode_cc13x2.a : RFCC26X2_multiMode.c.cc13x2.ccs.o (.text:RF_powerConstraintRelease)
                  000119c4    00000034                           : RFCC26X2_multiMode.c.cc13x2.ccs.o (.text:RF_runDirectImmediateCmd)
                  000119f8    00000034     maclib_secure_cc13x2.a : mac_hl_patch.obj (.text:macCheckPhyRate)
                  00011a2c    00000034                            : mac_low_level.obj (.text:macLowLevelDiags)
                  00011a60    00000034                            : mac_radio.obj (.text:macRadioSetIEEEAddr)
                  00011a94    00000034                            : mac.obj (.text:macRatDisableChannelB)
                  00011ac8    00000034                            : mac_rx_onoff.obj (.text:macRxOff)
                  00011afc    00000034                            : mac_symbol_timer.obj (.text:macSymbolTimerCount)
                  00011b30    00000034                            : mac_tx.obj (.text:macTxFrameIsr)
                  00011b64    00000034     drivers_cc13x2.a : UARTCC26XX.oem4f (.text:readData2RingBuf)
                  00011b98    00000034     rom_sysbios.aem4f : rom_sysbios.obj (.text:ti_sysbios_knl_Swi_setPri__E)
                  00011bcc    00000032     maclib_osal_tirtos_cc13x2_26x2.a : osal_port.obj (.text:OsalPort_msgExtract)
                  00011bfe    00000032     rom_sysbios.aem4f : rom_sysbios.obj (.text:ti_sysbios_family_arm_cc26xx_Timer_setNextTick__E)
                  00011c30    00000032                       : rom_sysbios.obj (.text:ti_sysbios_gates_GateMutexPri_insertPri__I)
                  00011c62    00000002                       : rom_sysbios.obj (.text:xdc_runtime_SysCallback_defaultFlush)
                  00011c64    00000030     drivers_cc13x2.a : GPIOCC26XX.oem4f (.text:GPIO_hwiIntFxn)
                  00011c94    00000030                      : GPIOCC26XX.oem4f (.text:GPIO_setCallback)
                  00011cc4    00000030     nvocmp.obj (.text:NVOCMP_changePageState$13)
                  00011cf4    00000030     drivers_cc13x2.a : NVSCC26XX.oem4f (.text:NVSCC26XX_erase)
                  00011d24    00000030                      : PINCC26XX.oem4f (.text:PINCC26XX_setMux)
                  00011d54    00000030                      : PowerCC26X2.oem4f (.text:Power_releaseConstraint)
                  00011d84    00000030                      : PowerCC26X2.oem4f (.text:Power_setConstraint)
                  00011db4    00000030     ssf.obj (.text:Ssf_setPollClock)
                  00011de4    00000030     ssf.obj (.text:Ssf_setReadingClock)
                  00011e14    00000030     ssf.obj (.text:Ssf_setScanBackoffClock)
                  00011e44    00000030     drivers_cc13x2.a : TRNGCC26XX.oem4f (.text:TRNGCC26XX_fillEntropyPool)
                  00011e74    00000030                      : TRNGCC26XX.oem4f (.text:TRNG_generateKey)
                  00011ea4    00000030     maclib_secure_cc13x2.a : mac_rx_onoff.obj (.text:macRxHardDisable)
                  00011ed4    00000030                            : mac_symbol_timer.obj (.text:macSymbolTimerBCWakeUp)
                  00011f04    00000030                            : mac_symbol_timer.obj (.text:macSymbolTimerICallTimerCback)
                  00011f34    00000030                            : mac_timer.obj (.text:macTimerCheckUnAlignedQ)
                  00011f64    00000030     app_pem4f.oem4f (.text:ti_sysbios_BIOS_atExitFunc__I)
                  00011f94    00000030     app_pem4f.oem4f (.text:ti_sysbios_BIOS_startFunc__I)
                  00011fc4    00000030     rom_sysbios.aem4f : rom_sysbios.obj (.text:ti_sysbios_family_arm_cc26xx_Timer_initDevice__I)
                  00011ff4    00000030     app_pem4f.oem4f (.text:ti_sysbios_gates_GateMutexPri_Object__create__S)
                  00012024    00000030     app_pem4f.oem4f (.text:ti_sysbios_gates_GateMutexPri_create)
                  00012054    00000030     app_pem4f.oem4f (.text:ti_sysbios_heaps_HeapCallback_Object__create__S)
                  00012084    00000030     rom_sysbios.aem4f : rom_sysbios.obj (.text:ti_sysbios_knl_Clock_getTimeout__E)
                  000120b4    0000002e     maclib_osal_tirtos_cc13x2_26x2.a : osal_port.obj (.text:OsalPort_msgDequeue)
                  000120e2    0000002e                                      : osal_port.obj (.text:OsalPort_msgEnqueue)
                  00012110    0000002e     rf_multiMode_cc13x2.a : RFCC26X2_multiMode.c.cc13x2.ccs.o (.text:RF_queueEnd)
                  0001213e    00000002     rom_sysbios.aem4f : rom_sysbios.obj (.text:xdc_runtime_SysCallback_defaultPutch)
                  00012140    0000002c     drivers_cc13x2.a : NVS.oem4f (.text:NVS_init)
                  0001216c    0000002c     rf_multiMode_cc13x2.a : RFCC26X2_multiMode.c.cc13x2.ccs.o (.text:RF_executeDirectImmediateCmd)
                  00012198    0000002c     dpl_cc13x2.a : SemaphoreP_tirtos.oem4f (.text:SemaphoreP_constructBinary)
                  000121c4    0000002c                  : SemaphoreP_tirtos.oem4f (.text:SemaphoreP_createBinary)
                  000121f0    0000002c     ssf.obj (.text:Ssf_clearNetworkInfo)
                  0001221c    0000002c     drivers_cc13x2.a : TRNGCC26XX.oem4f (.text:TRNGCC26XX_stopTrng)
                  00012248    0000002c     rf_multiMode_cc13x2.a : rf_patch_cpe_prop.c.cc13x2.ccs.o (.text:applyPropPatch)
                  00012274    0000002c     maclib_secure_cc13x2.a : mac_radio.obj (.text:macRadioSetPanID)
                  000122a0    0000002c                            : mac_radio.obj (.text:macRadioSetShortAddr)
                  000122cc    0000002c                            : mac_rx_onoff.obj (.text:macRxSoftDisable)
                  000122f8    0000002c                            : mac_rx_onoff.obj (.text:macRxSoftEnable)
                  00012324    0000002c                            : mac_symbol_timer.obj (.text:macSymbolTimerSetRollover)
                  00012350    0000002c                            : mac_tx.obj (.text:macTxRequestCsmaRtcDelay)
                  0001237c    0000002c                            : saddr.obj (.text:sAddrCmp)
                  000123a8    0000002c     app_pem4f.oem4f (.text:ti_sysbios_gates_GateMutexPri_Handle__label__S)
                  000123d4    0000002c     app_pem4f.oem4f (.text:ti_sysbios_heaps_HeapCallback_Handle__label__S)
                  00012400    0000002c     rom_sysbios.aem4f : rom_sysbios.obj (.text:ti_sysbios_knl_Clock_getTicksUntilInterrupt__E)
                  0001242c    0000002a     drivers_cc13x2.a : List.oem4f (.text:List_insert)
                  00012456    0000002a     maclib_secure_cc13x2.a : mac_autopend.obj (.text:MAC_SrcMatchDeleteEntry)
[...]
200009fc  appTask                                                         
20000a4c  Main_user1Cfg                                                   
200017b0  rxbuffer                                                        
200017b4  Sensor_events                                                   
200017b6  UartReceiveBufferLength                                         
200017bc  totalE2EDelaySum                                                
200017c0  endToEndDelay                                                   
200017c4  gUartHandle                                                     
2000180c  Sensor_msgStats                                                 
20001884  UartReceiveBuffer                                               
200019b0  RF_cmdNop                                                       
200019c0  RF_cmdNopFg                                                     
200019d0  RF_cmdRxAckCmd                                                  
200019e4  RF_cmdFsRx                                                      
200019fc  RF_cmdFsTx                                                      
20001a14  RF_cmdIEEETx                                                    
20001a2c  RF_cmdPropCs                                                    
20001a48  RF_cmdPropCsSlotted                                             
20001a64  RF_cmdRadioSetup                                                
20001a84  RF_cmdIEEECsma                                                  
20001aa4  RF_cmdPropTxAdv                                                 
20001ac4  RF_cmdPropRadioDivSetup                                         
20001af4  RF_cmdPropRxAdv                                                 
20001b24  RF_cmdIEEERx                                                    
20001b60  taskCnt                                                         
20001b70  heapmgrMemFreeTotal                                             
20001b74  heapmgrMemFreeError                                             
20001b80  HEAPMGR_SIZE                                                    
20001b84  taskTbl                                                         
20001cec  PowerCC26X2_module                                              
20001e5c  Ssf_resetReseason                                               
20001e60  Ssf_resetCount                                                  
20001f74  ROM_stateStruct                                                 
20001f74  ti_sysbios_knl_Clock_Module__state__V                           
20001fa0  ti_sysbios_family_arm_cc26xx_TimestampProvider_Module__state__V 
20001fa4  xdc_runtime_Startup_Module__state__V                            
20001fac  xdc_runtime_Registry_Module__state__V                           
20001fb4  ti_sysbios_BIOS_Module__state__V                                
20001fd8  ti_sysbios_knl_Swi_Module__state__V                             
20001ff4  ti_sysbios_knl_Task_Module__state__V                            
20002038  xdc_runtime_Memory_Module__state__V                             
2000203c  xdc_runtime_System_Module__state__V                             
20002044  ti_sysbios_family_arm_m3_Hwi_Module__state__V                   
20002078  ti_sysbios_family_arm_cc26xx_Timer_Module__state__V             
20002080  initBroadcastMsg                                                
20002082  parentFound                                                     
2000208a  Jdllc_events                                                    
200020cc  Jdllc_statistics                                                
20002178  macMRFSKGenPhyTable                                             
20002218  RF_prop_2gfsk50kbps154g                                         
20002228  txPowerTable_868_pa13                                           
2000228c  fhObject                                                        
200022fa  gAction                                                         
200022fb  NVOCMP_size                                                     
20002328  NVOCMP_nvHandle                                                 
20002358  reqAccessAlloc                                                  
2000235a  rxCmdHandle                                                     
20002360  macRfDrvTblPtr                                                  
20002364  lastPostCmd                                                     
20002368  macSfdDetectCback                                               
2000236c  macTxTimestamp                                                  
20002370  pMacRadioConfig                                                 
20002388  macRxOutputSubG                                                 
20002394  macRxOutputIeee                                                 
200023a4  macFrmFilter                                                    
200023b8  FHIE_channelPlan                                                
2000240c  ti_sysbios_knl_Task_Object__table__V                            
20002458  ti_sysbios_family_arm_cc26xx_Timer_Object__table__V             
200024a8  pRfMode                                                         
200024ac  pRfPowerTable                                                   
200024b0  pMaxPower                                                       
200024b4  RF_handle                                                       
200024b8  macPhyTxPower                                                   
200024c0  RF_params                                                       
200024e0  ti_sysbios_gates_GateMutex_Object__table__V                     
20002518  appTaskId                                                       
20002520  appEvents                                                       
20002528  ApiMac_extAddr                                                  
20002530  appSem                                                          
2000254c  macBeaconPayload                                                
20002580  pMacDataTx                                                      
20002584  macDataTxIndirect                                               
20002588  macDataRequeueIndirect                                          
2000258c  macDataRxBeaconCritical                                         
20002590  macDataTxBeaconComplete                                         
20002594  macDataSetSched                                                 
20002598  macDataCheckSched                                               
2000259c  macDataCheckTxTime                                              
200025a0  macDataBeaconRequeue                                            
200025a4  csmPhy                                                          
200025a8  macTimerRollover                                                
200025ac  macTimerNewRollover                                             
200025b0  ti_sysbios_knl_Swi_Module_State_0_readyQ__A                     
200025e0  ti_sysbios_knl_Swi_Object__table__V                             
20002610  ti_sysbios_knl_Task_Module_State_0_readyQ__A                    
20002640  macSpecUsecsPerSymbol                                           
20002644  macPrevPeriodRatCount                                           
20002648  macSymbolTimerRollover                                          
2000264c  macSymbolTimerTrigger                                           
20002668  pOverrides_2gfsk50kbps154g                                      
20002690  macTxSlottedDelayFactor                                         
20002691  macTxType                                                       
20002692  macTxBe                                                         
20002693  macTxGpInterframeDelay                                          
20002694  txAckReq                                                        
20002697  txSeqn                                                          
20002699  numTx                                                           
2000269a  macTxCsmaBackoffDelay                                           
2000269c  macCsmaRtcTimerId                                               
200026a0  macAckDbg                                                       
200026b4  _hposcCoeffs                                                    
200026d8  macActionSet                                                    
200026fc  macSrcMatchIsAckAllPending                                      
200026fd  macSrcResIndex                                                  
20002720  macBeaconMargin                                                 
20002740  ti_sysbios_knl_Clock_Object__table__V                           
20002760  xdc_runtime_Error_IgnoreBlock                                   
20002780  ti_sysbios_family_arm_m3_Hwi_Object__table__V                   
20002798  txCmdHandle                                                     
2000279a  macRadioAckIeeeFrame                                            
200027a0  pMacEnhancedAck                                                 
200027a4  macRadioAckFrame                                                
200027ac  macStateTbl                                                     
200027d0  gpioCallbackFunctions                                           
200027e0  gpioPinConfigs                                                  
200027f0  macCfg                                                          
20002800  lastRatChanA                                                    
20002801  lastRatChanB                                                    
20002802  macRxCmdActive                                                  
20002803  macTxCmdActive                                                  
20002804  macFsCmdActive                                                  
20002805  macRxPreempted                                                  
20002806  macReqAccessCnt                                                 
20002808  macReqAccessTimeCnt                                             
2000280a  macReqAccErrCnt                                                 
2000280c  numRfCmd                                                        
2000280d  numRxCmd                                                        
2000280e  numRxPostCmd                                                    
20002818  pClockHandleEDScan                                              
2000281c  FH_FSM                                                          
20002828  ti_sysbios_heaps_HeapCallback_Object__table__V                  
20002834  _lock                                                           
20002838  _unlock                                                         
2000283c  FH_txTiming                                                     
20002844  RFCC26XX_schedulerPolicy                                        
2000284c  pinUpperBound                                                   
20002850  pinLowerBound                                                   
2000285c  ti_sysbios_family_arm_m3_Hwi_Module__root__V                    
20002864  ti_sysbios_gates_GateHwi_Module__root__V                        
2000286c  ti_sysbios_gates_GateMutexPri_Module__root__V                   
20002874  ti_sysbios_gates_GateMutex_Module__root__V                      
2000287c  ti_sysbios_hal_Hwi_Module__root__V                              
20002884  ti_sysbios_heaps_HeapCallback_Module__root__V                   
2000288c  ti_sysbios_heaps_HeapMem_Module__root__V                        
20002894  ti_sysbios_knl_Clock_Module__root__V                            
2000289c  ti_sysbios_knl_Event_Module__root__V                            
200028a4  ti_sysbios_knl_Mailbox_Module__root__V                          
200028ac  ti_sysbios_knl_Queue_Module__root__V                            
200028b4  ti_sysbios_knl_Semaphore_Module__root__V                        
200028bc  ti_sysbios_knl_Swi_Module__root__V                              
200028c4  ti_sysbios_knl_Task_Module__root__V                             
200028d1  CryptoResourceCC26XX_pollingFlag                                
200028d8  macAddrSize                                                     
200028dc  macTasksEvents                                                  
200028e0  macTxSlottedDelay                                               
200028e1  bInSwi                                                          
200028e2  macSrcMatchIsEnabled                                            
200028e3  macRadioYielded                                                 
200028e4  main_func_sp                                                    
200028e8  ti_sysbios_family_arm_m3_Hwi_Module_State_0_excContext__A       
200028ec  ti_sysbios_family_arm_m3_Hwi_Module_State_0_excStack__A         
200028f0  ti_sysbios_knl_Task_Module_State_0_idleTask__A                  
200028f6  ti_sysbios_family_arm_m3_Hwi_Module_State_0_excActive__A        
200028fa  macSleepState                                                   
20002900  ti_sysbios_knl_Task_Instance_State_0_stack__A                   
20002b00  uartCC26XXObjects                                               
20002cbc  enhancedAckBuf                                                  
20002eb0  ti_sysbios_family_arm_m3_Hwi_dispatchTable                      
20002f88  LEDObjects                                                      
20003040  FHPIB_db                                                        
200030cc  FH_hnd                                                          
20003154  macPib                                                          
200031dc  pinHandleTable                                                  
20003258  FHNT_tableOpt                                                   
200032d4  macScan                                                         
20003378  ButtonObjects                                                   
200033c8  CryptoResourceCC26XX_accessSemaphore                            
20003418  CryptoResourceCC26XX_operationSemaphore                         
20003468  FHFSM_Dbg                                                       
200034aa  driverlib_release_0_60278                                       
200034ab  macAckTxActive                                                  
200034ac  FHNT_tempTable                                                  
200034b4  FHNT_hnd                                                        
200034ec  macSecurityPib                                                  
20003568  macBeaconCoord                                                  
200035a4  macDeviceAction1                                                
200035dc  macBeaconDevice                                                 
20003610  macMgmtAction1                                                  
20003640  macSrcExtAddrList                                               
20003670  macCoord                                                        
2000369c  macDevice                                                       
200036c8  macRxFilter                                                     
200036c9  rxPromiscuousMode                                               
200036cc  rxSeqNum                                                        
200036d4  macRxDataEntryOffset                                            
200036d8  rxRadioBufferPtr                                                
200036e8  macRxDataEntryQueue                                             
20003750  macBeacon                                                       
200037c4  CryptoResourceCC26XX_hwi                                        
200037e0  macCoordAction2                                                 
200037fc  macReset                                                        
20003818  macSrcShortAddrList                                             
20003834  aesccmCC26XXObjects                                             
2000384c  macScanAction                                                   
2000388c  macDeviceAction2                                                
200038a0  macMgmtAction2                                                  
200038b4  macBeaconDeviceAction                                           
200038c4  macCoordAction3                                                 
200038d4  macData                                                         
200038e4  macDataTxDelay                                                  
2000390c  FH_PibTbl                                                       
20003918  coexMetricsStruct                                               
20003924  macMain                                                         
20003938  macBeaconCoordAction1                                           
20003940  macCoordAction1                                                 
20003948  FHNT_Dbg                                                        
2000394e  macMgmt                                                         
2000394f  macPanCoordinator                                               
20003954  AESCCM_handle                                                   
20003958  FH_test_var                                                     
2000395c  PowerCC26XX_swiKey                                              
20003960  PowerCC26XX_taskKey                                             
20003964  macCryptoDrvTblPtr                                              
20003968  macRxSymbol                                                     
2000396c  macTimerActive                                                  
20003970  nvsCC26XXObjects                                                
20003974  timerAlignedQ                                                   
20003978  timerUnalignedQ                                                 
2000397c  macPhyChannel                                                   
2000397d  macPwr                                                          
2000397e  macRxActive                                                     
2000397f  macRxEnableFlags                                                
20003980  macRxOutgoingAckFlag                                            
20003981  macSymbolTimerImpending                                         
20003982  macTaskId                                                       
20003983  macTxActive                                                     
20003984  macUnitBackoffPeriod                                            
20003985  rxFhRsl                                                         
20003986  heapStart                                                       
20013aa0  __stack                                                         
20013aa0  heapEnd                                                         
20014000  __STACK_END                                                     
20014000  __STACK_TOP                                                     
e000e000  ti_sysbios_family_arm_m3_Hwi_nvic                               
ffffffff  __TI_pprof_out_hndl                                             
ffffffff  __TI_prof_data_size                                             
ffffffff  __TI_prof_data_start                                            
ffffffff  __binit__                                                       
ffffffff  __c_args__                                                      
ffffffff  binit                                                           
UNDEFED   ITM_flush                                                       
UNDEFED   ITM_restore                                                     
UNDEFED   PWM_config                                                      
UNDEFED   PWM_count                                                       
UNDEFED   SHT$$INIT_ARRAY$$Base                                           
UNDEFED   SHT$$INIT_ARRAY$$Limit                                          

[1850 symbols]
