******************************************************************************
                  TI ARM Linker PC v20.2.5                     
******************************************************************************
>> Linked Tue Sep 28 09:42:42 2021

OUTPUT FILE NAME:   <sensor_CC1312R1_LAUNCHXL_tirtos_ccs.out>
ENTRY POINT SYMBOL: "ResetISR"  address: 0000f9e5


MEMORY CONFIGURATION

         name            origin    length      used     unused   attr    fill
----------------------  --------  ---------  --------  --------  ----  --------
  FLASH                 00000000   00056000  000182f0  0003dd10  R  X
  FLASH_LAST            00056000   00002000  00002000  00000000  R  X
  SRAM                  20000000   00014000  00003eba  00010146  RW X


SEGMENT ALLOCATION MAP

run origin  load origin   length   init length attrs members
----------  ----------- ---------- ----------- ----- -------
00000000    00000000    000142f0   000142f0    r-x
  00000000    00000000    0000003c   0000003c    r-- .resetVecs
  0000003c    0000003c    00001dd4   00001dd4    r-- .const
  00001e10    00001e10    000120e0   000120e0    r-x .text.1
  00013ef0    00013ef0    00000400   00000400    r-- .cinit
00052000    00052000    00004000   00000000    rw-
  00052000    00052000    00004000   00000000    rw- .TI.bound:flashBuf0
00056000    00056000    00002000   00002000    r-x
  00056000    00056000    00001fa8   00001fa8    r-x .text.2
  00057fa8    00057fa8    00000058   00000058    r-- .ccfg
20000100    20000100    00003886   00000000    rw-
  20000100    20000100    00000004   00000000    rw- .data:xdcRomConstPtr
  20000104    20000104    00000004   00000000    rw- .data:xdcRomExternFuncPtr
  20000108    20000108    00000004   00000000    rw- .data:xdcRomStatePtr
  2000010c    2000010c    00000010   00000000    rw- .data:RAM_MAC_BASE_ADDR
  20000120    20000120    000027e0   00000000    rw- .data
  20002900    20002900    00001086   00000000    rw- .bss
20013aa0    20013aa0    00000560   00000000    rw-
  20013aa0    20013aa0    00000560   00000000    rw- .stack


SECTION ALLOCATION MAP

 output                                  attributes/
section   page    origin      length       input sections
--------  ----  ----------  ----------   ----------------
.const     0    0000003c    00001dd4     
                  0000003c    00000568     maclib_secure_cc13x2.a : hmac_rom_init.obj (.const:HMAC_ROM_Flash_JT)
                  000005a4    000003b8     app_pem4f.oem4f (.const:ROM_constStruct)
                  0000095c    00000258     maclib_secure_cc13x2.a : fh_rom_init.obj (.const:FH_ROM_Flash_JT)
                  00000bb4    000001fc     rf_multiMode_cc13x2.a : rf_patch_cpe_prop.c.cc13x2.ccs.o (.const:patchImageProp)
                  00000db0    00000100     crc.obj (.const:.string:crc_table$12)
                  00000eb0    000000fa     maclib_secure_cc13x2.a : fh_global.obj (.const:FH_stateMatrix)
                  00000faa    000000f8     mac_cfg.obj (.const:macPibTbl)
                  000010a2    00000002     ti_drivers_config.obj (.const:ButtonHWAttrs)
                  000010a4    000000cc     maclib_secure_cc13x2.a : lmac_rom_init.obj (.const:LMAC_ROM_Flash_JT)
                  00001170    000000ac     ti_radio_config.obj (.const:$O2$$)
                  0000121c    0000008c     mac_cfg.obj (.const:FHPIB_defaults)
                  000012a8    00000088     mac_cfg.obj (.const:macPibDefaults)
                  00001330    00000084     drivers_cc13x2.a : Random.oem4f (.const:$P$T0$1)
                  000013b4    00000072     maclib_secure_cc13x2.a : hmac_global.obj (.const:macAssociatingSt)
                  00001426    00000072                            : hmac_global.obj (.const:macIdleSt)
                  00001498    00000072                            : hmac_global.obj (.const:macPollingSt)
                  0000150a    00000072                            : hmac_global.obj (.const:macScanningSt)
                  0000157c    00000072                            : hmac_global.obj (.const:macStartingSt)
                  000015ee    00000002     jdllc.obj (.const:keyUsageList$4)
                  000015f0    0000006c     maclib_secure_cc13x2.a : icall_osal_rom_init.obj (.const:ICALL_OSAL_ROM_Flash_JT)
                  0000165c    0000006c     mac_user_config.obj (.const:macRfDriverTable)
                  000016c8    00000058     mac_cfg.obj (.const:macSecurityPibTbl)
                  00001720    00000054     drivers_cc13x2.a : PowerCC26X2.oem4f (.const:resourceDB)
                  00001774    00000050     mac_cfg.obj (.const:macMRFSKStdPhyTable)
                  000017c4    00000048     app_pem4f.oem4f (.const:.string)
                  0000180c    00000048     app_pem4f.oem4f (.const:ROM_externFuncPtrs)
                  00001854    00000040     mac_user_config.obj (.const:macCryptoDriverTable)
                  00001894    00000040     maclib_secure_cc13x2.a : hmac_global.obj (.const:macTimerRolloverValue)
                  000018d4    00000038     ti_drivers_config.obj (.const:$O1$$)
                  0000190c    00000038     jdllc.obj (.const:$O7$$)
                  00001944    00000038     maclib_secure_cc13x2.a : hmac_global.obj (.const:macCmdIncludeFHIe)
                  0000197c    00000028     drivers_cc13x2.a : NVSCC26XX.oem4f (.const:NVSCC26XX_fxnTable)
                  000019a4    00000028                      : UARTCC26XX.oem4f (.const:UARTCC26XX_fxnTable)
                  000019cc    00000028     app_pem4f.oem4f (.const:ti_sysbios_heaps_HeapCallback_Module__FXNS__C)
                  000019f4    00000028     ti_drivers_config.obj (.const:uartCC26XXHWAttrs)
                  00001a1c    00000028     app_pem4f.oem4f (.const:xdc_runtime_Startup_sfxnTab__A)
                  00001a44    00000024     drivers_cc13x2.a : UART.oem4f (.const:UART_defaultParams)
                  00001a68    00000024     app_pem4f.oem4f (.const:ti_sysbios_gates_GateMutexPri_Module__FXNS__C)
                  00001a8c    00000020     mac_user_config.obj (.const:$P$T0$1$11)
                  00001aac    00000020     rf_multiMode_cc13x2.a : RFCC26X2_multiMode.c.cc13x2.ccs.o (.const:RF_defaultParams)
                  00001acc    00000020     jdllc.obj (.const:keyDeviceList$4)
                  00001aec    00000020     app_pem4f.oem4f (.const:ti_sysbios_gates_GateMutexPri_Object__DESC__C)
                  00001b0c    00000020     app_pem4f.oem4f (.const:ti_sysbios_heaps_HeapCallback_Object__DESC__C)
                  00001b2c    0000001c     sensor.obj (.const:$O9$$)
                  00001b48    0000001c     app_pem4f.oem4f (.const:ti_sysbios_heaps_HeapCallback_Object__PARAMS__C)
                  00001b64    00000018     drivers_cc13x2.a : PWM.oem4f (.const:PWM_defaultParams)
                  00001b7c    00000018                      : GPIOCC26XX.oem4f (.const:interruptType)
                  00001b94    00000018     maclib_secure_cc13x2.a : hmac_global.obj (.const:macSendMsgBufSize)
                  00001bac    00000018     app_pem4f.oem4f (.const:ti_sysbios_gates_GateMutexPri_Object__PARAMS__C)
                  00001bc4    00000014     ti_drivers_config.obj (.const:GPIOCC26XX_config)
                  00001bd8    00000014     ti_drivers_config.obj (.const:PowerCC26X2_config)
                  00001bec    00000014     drivers_cc13x2.a : TRNG.oem4f (.const:TRNG_defaultParams)
                  00001c00    00000014                      : UARTCC26XX.oem4f (.const:parityType)
                  00001c14    00000014     app_pem4f.oem4f (.const:xdc_runtime_Startup_sfxnRts__A)
                  00001c28    00000013     macTask.obj (.const:.string:msacbackSizeTable)
                  00001c3b    00000011     ti_drivers_config.obj (.const)
                  00001c4c    00000010     drivers_cc13x2.a : AESCCM.oem4f (.const:AESCCM_defaultParams)
                  00001c5c    00000010     ti_drivers_config.obj (.const:Button_config)
                  00001c6c    00000010     drivers_cc13x2.a : Button.oem4f (.const:Button_defaultParams)
                  00001c7c    00000010     ti_drivers_config.obj (.const:LED_config)
                  00001c8c    00000010     drivers_cc13x2.a : UARTCC26XX.oem4f (.const:dataLength)
                  00001c9c    00000010     maclib_secure_cc13x2.a : hmac_global.obj (.const:macIEEEPhyTable)
                  00001cac    00000010     drivers_cc13x2.a : GPIOCC26XX.oem4f (.const:outPinTypes)
                  00001cbc    0000000e     maclib_secure_cc13x2.a : hmac_global.obj (.const:.string:macCmdBufSize)
                  00001cca    0000000e                            : hmac_global.obj (.const:.string:macTxFrameFailed)
                  00001cd8    0000000e                            : hmac_global.obj (.const:.string:macTxFrameSuccess)
                  00001ce6    00000001     ti_drivers_config.obj (.const:aesccmCC26XXHWAttrs)
                  00001ce7    00000001     app_pem4f.oem4f (.const:xdc_runtime_Text_charTab__A)
                  00001ce8    0000000c     drivers_cc13x2.a : Random.oem4f (.const:$P$T1$2)
                  00001cf4    0000000c     maclib_secure_cc13x2.a : hmac_global.obj (.const:.string:macCbackEventTbl)
                  00001d00    0000000c                            : hmac_global.obj (.const:.string:macSendMsgDataSize)
                  00001d0c    0000000c     ti_drivers_config.obj (.const:NVS_config)
                  00001d18    0000000c     ti_drivers_config.obj (.const:RFCC26XX_hwAttrs)
                  00001d24    0000000c     ti_drivers_config.obj (.const:UART_config)
                  00001d30    0000000c     drivers_cc13x2.a : GPIOCC26XX.oem4f (.const:inPinTypes)
                  00001d3c    0000000c                      : GPIOCC26XX.oem4f (.const:outPinStrengths)
                  00001d48    0000000c     app_pem4f.oem4f (.const:xdc_runtime_Startup_firstFxns__A)
                  00001d54    00000009     maclib_secure_cc13x2.a : hmac_global.obj (.const:.string:macCmdLen)
                  00001d5d    00000003     --HOLE-- [fill = 0]
                  00001d60    00000008                            : mac_rx.obj (.const:$O20$$)
                  00001d68    00000008     driverlib.lib : aux_sysif.obj (.const:$O29$$)
                  00001d70    00000008     main.obj (.const:.string:dummyExtAddr$3)
                  00001d78    00000008     maclib_secure_cc13x2.a : fh_global.obj (.const:.string:fhSupFrameTypes)
                  00001d80    00000008                            : hmac_global.obj (.const:.string:macAuthTagLen)
                  00001d88    00000008     ti_drivers_config.obj (.const:AESCCM_config)
                  00001d90    00000008     drivers_cc13x2.a : LED.oem4f (.const:LED_defaultParams)
                  00001d98    00000008     ti_drivers_config.obj (.const:PINCC26XX_hwAttrs)
                  00001da0    00000008     ti_drivers_config.obj (.const:nvsCC26XXHWAttrs)
                  00001da8    00000008     drivers_cc13x2.a : UARTCC26XX.oem4f (.const:stopBits)
                  00001db0    00000008     app_pem4f.oem4f (.const:ti_sysbios_family_arm_m3_Hwi_excHookFuncs__A)
                  00001db8    00000006     drivers_cc13x2.a : UARTCC26XX.oem4f (.const:.string:rxFifoBytes)
                  00001dbe    00000006                      : UARTCC26XX.oem4f (.const:.string:rxFifoThreshold)
                  00001dc4    00000006                      : UARTCC26XX.oem4f (.const:.string:txFifoBytes)
                  00001dca    00000006                      : UARTCC26XX.oem4f (.const:.string:txFifoThreshold)
                  00001dd0    00000006     ssf.obj (.const:nvResetId$6)
                  00001dd6    00000004     maclib_secure_cc13x2.a : hmac_global.obj (.const:.string:macKeySourceLen)
                  00001dda    00000004     ti_drivers_config.obj (.const:LEDHWAttrs)
                  00001dde    00000002     --HOLE-- [fill = 0]
                  00001de0    00000004     drivers_cc13x2.a : NVS.oem4f (.const:NVS_defaultParams)
                  00001de4    00000004     app_pem4f.oem4f (.const:ti_sysbios_gates_GateMutexPri_Instance_State_pendQ__O)
                  00001de8    00000004     app_pem4f.oem4f (.const:ti_sysbios_heaps_HeapCallback_Object__count__C)
                  00001dec    00000004     app_pem4f.oem4f (.const:ti_sysbios_heaps_HeapCallback_allocInstFxn__C)
                  00001df0    00000004     app_pem4f.oem4f (.const:ti_sysbios_heaps_HeapCallback_createInstFxn__C)
                  00001df4    00000004     app_pem4f.oem4f (.const:ti_sysbios_heaps_HeapCallback_deleteInstFxn__C)
                  00001df8    00000004     app_pem4f.oem4f (.const:ti_sysbios_heaps_HeapCallback_freeInstFxn__C)
                  00001dfc    00000004     app_pem4f.oem4f (.const:ti_sysbios_heaps_HeapCallback_getStatsInstFxn__C)
                  00001e00    00000004     app_pem4f.oem4f (.const:ti_sysbios_heaps_HeapCallback_initInstFxn__C)
                  00001e04    00000004     app_pem4f.oem4f (.const:ti_sysbios_heaps_HeapCallback_isBlockingInstFxn__C)
                  00001e08    00000004     app_pem4f.oem4f (.const:ti_sysbios_knl_Clock_tickPeriod__C)
                  00001e0c    00000004     app_pem4f.oem4f (.const:ti_sysbios_knl_Idle_funcList__A)

.cinit     0    00013ef0    00000400     
                  00013ef0    0000039b     (.cinit..data.load) [load image, compression = lzss]
                  0001428b    00000001     --HOLE-- [fill = 0]
                  0001428c    0000000c     (__TI_handler_table)
                  00014298    00000008     (.cinit..bss.load) [load image, compression = zero_init]
                  000142a0    00000008     (.cinit..data:RAM_MAC_BASE_ADDR.load) [load image, compression = zero_init]
                  000142a8    00000008     (.cinit..data:xdcRomConstPtr.load) [load image, compression = lzss]
                  000142b0    00000008     (.cinit..data:xdcRomExternFuncPtr.load) [load image, compression = lzss]
                  000142b8    00000008     (.cinit..data:xdcRomStatePtr.load) [load image, compression = lzss]
                  000142c0    00000030     (__TI_cinit_table)

.init_array 
*          0    00000000    00000000     UNINITIALIZED

.TI.bound:flashBuf0 
*          0    00052000    00004000     UNINITIALIZED
                  00052000    00004000     ti_drivers_config.obj (.TI.bound:flashBuf0)

.ccfg      0    00057fa8    00000058     
                  00057fa8    00000058     ti_devices_config.obj (.ccfg:retain)

.data:xdcRomConstPtr 
*          0    20000100    00000004     UNINITIALIZED
                  20000100    00000004     app_pem4f.oem4f (.data:xdcRomConstPtr)

.data:xdcRomExternFuncPtr 
*          0    20000104    00000004     UNINITIALIZED
                  20000104    00000004     app_pem4f.oem4f (.data:xdcRomExternFuncPtr)

.data:xdcRomStatePtr 
*          0    20000108    00000004     UNINITIALIZED
                  20000108    00000004     app_pem4f.oem4f (.data:xdcRomStatePtr)

.data      0    20000120    000027e0     UNINITIALIZED
                  20000120    000008c4     macTask.obj (.data:$O12$$)
                  200009e4    000008c4     main.obj (.data:$O5$$)
                  200012a8    00000508     rf_multiMode_cc13x2.a : RFCC26X2_multiMode.c.cc13x2.ccs.o (.data:$O1$$)
                  200017b0    00000204     sensor.obj (.data:$O8$$)
                  200019b4    000001b0     mac_settings.obj (.data:$O13$$)
                  20001b64    0000018c     maclib_osal_tirtos_cc13x2_26x2.a : osal_port.obj (.data:$O25$$)
                  20001cf0    00000170     drivers_cc13x2.a : PowerCC26X2.oem4f (.data:PowerCC26X2_module)
                  20001e60    00000118     ssf.obj (.data:$O10$$)
                  20001f78    0000010c     app_pem4f.oem4f (.data:ROM_stateStruct)
                  20002084    000000f8     jdllc.obj (.data:$O6$$)
                  2000217c    000000a0     mac_cfg.obj (.data:macMRFSKGenPhyTable)
                  2000221c    00000074     ti_radio_config.obj (.data:$O1$$)
                  20002290    0000006c     maclib_secure_cc13x2.a : hmac_global.obj (.data:fhObject)
                  200022fc    00000060     nvocmp.obj (.data:$O14$$)
                  2000235c    00000004     maclib_secure_cc13x2.a : mac_autopend.obj (.data:$O17$$)
                  20002360    00000060                            : mac.obj (.data:$O16$$)
                  200023c0    00000054                            : fh_global.obj (.data:FHIE_channelPlan)
                  20002414    0000004c     app_pem4f.oem4f (.data:ti_sysbios_knl_Task_Object__table__V)
                  20002460    00000048     app_pem4f.oem4f (.data:ti_sysbios_family_arm_cc26xx_Timer_Object__table__V)
                  200024a8    00000040     maclib_secure_cc13x2.a : mac_radio.obj (.data:$O18$$)
                  200024e8    00000038     app_pem4f.oem4f (.data:ti_sysbios_gates_GateMutex_Object__table__V)
                  20002520    00000034     api_mac.obj (.data:$O11$$)
                  20002554    00000034     maclib_secure_cc13x2.a : hmac_global.obj (.data:macBeaconPayload)
                  20002588    00000030                            : hmac_global.obj (.data)
                  200025b8    00000030     app_pem4f.oem4f (.data:ti_sysbios_knl_Swi_Module_State_0_readyQ__A)
                  200025e8    00000030     app_pem4f.oem4f (.data:ti_sysbios_knl_Swi_Object__table__V)
                  20002618    00000030     app_pem4f.oem4f (.data:ti_sysbios_knl_Task_Module_State_0_readyQ__A)
                  20002648    00000028     maclib_secure_cc13x2.a : mac_symbol_timer.obj (.data:$O21$$)
                  20002670    00000028     ti_radio_config.obj (.data:pOverrides_2gfsk50kbps154g)
                  20002698    00000024     maclib_secure_cc13x2.a : mac_tx.obj (.data:$O22$$)
                  200026bc    00000024     driverlib.lib : osc.obj (.data:$O27$$)
                  200026e0    00000024     maclib_secure_cc13x2.a : hmac_global.obj (.data:macActionSet)
                  20002704    00000004     drivers_cc13x2.a : GPIOCC26XX.oem4f (.data:gpioPinTable)
                  20002708    00000020                      : TRNGCC26XX.oem4f (.data:entropyPoolBuffer)
                  20002728    00000020     mac_cfg.obj (.data:macBeaconMargin)
                  20002748    00000020     app_pem4f.oem4f (.data:ti_sysbios_knl_Clock_Object__table__V)
                  20002768    00000020     app_pem4f.oem4f (.data:xdc_runtime_Error_IgnoreBlock)
                  20002788    00000018     app_pem4f.oem4f (.data:ti_sysbios_family_arm_m3_Hwi_Object__table__V)
                  200027a0    00000014     maclib_secure_cc13x2.a : mac_radio_tx.obj (.data:$O23$$)
                  200027b4    00000014                            : hmac_global.obj (.data:macStateTbl)
                  200027c8    00000010     maclib_osal_tirtos_cc13x2_26x2.a : osal_port_timers.obj (.data:$O26$$)
                  200027d8    00000010     ti_drivers_config.obj (.data:gpioCallbackFunctions)
                  200027e8    00000010     ti_drivers_config.obj (.data:gpioPinConfigs)
                  200027f8    00000010     mac_cfg.obj (.data:macCfg)
                  20002808    0000000f     maclib_secure_cc13x2.a : mac.obj (.data)
                  20002817    00000001     drivers_cc13x2.a : AESCCMCC26XX.oem4f (.data)
                  20002818    0000000c     maclib_secure_cc13x2.a : mac_hl_patch.obj (.data:$O15$$)
                  20002824    0000000c                            : fh_global.obj (.data:FH_FSM)
                  20002830    0000000c     app_pem4f.oem4f (.data:ti_sysbios_heaps_HeapCallback_Object__table__V)
                  2000283c    00000008     rtsv7M4_T_le_v4SPD16_eabi.lib : _lock.c.obj (.data:$O30$$)
                  20002844    00000008     maclib_secure_cc13x2.a : fh_global.obj (.data:FH_txTiming)
                  2000284c    00000008     rf_multiMode_cc13x2.a : RFCC26X2_multiMode.c.cc13x2.ccs.o (.data:RFCC26XX_schedulerPolicy)
                  20002854    00000008     drivers_cc13x2.a : PINCC26XX.oem4f (.data)
                  2000285c    00000008                      : TRNGCC26XX.oem4f (.data:jobList)
                  20002864    00000008     app_pem4f.oem4f (.data:ti_sysbios_family_arm_m3_Hwi_Module__root__V)
                  2000286c    00000008     app_pem4f.oem4f (.data:ti_sysbios_gates_GateHwi_Module__root__V)
                  20002874    00000008     app_pem4f.oem4f (.data:ti_sysbios_gates_GateMutexPri_Module__root__V)
                  2000287c    00000008     app_pem4f.oem4f (.data:ti_sysbios_gates_GateMutex_Module__root__V)
                  20002884    00000008     app_pem4f.oem4f (.data:ti_sysbios_hal_Hwi_Module__root__V)
                  2000288c    00000008     app_pem4f.oem4f (.data:ti_sysbios_heaps_HeapCallback_Module__root__V)
                  20002894    00000008     app_pem4f.oem4f (.data:ti_sysbios_heaps_HeapMem_Module__root__V)
                  2000289c    00000008     app_pem4f.oem4f (.data:ti_sysbios_knl_Clock_Module__root__V)
                  200028a4    00000008     app_pem4f.oem4f (.data:ti_sysbios_knl_Event_Module__root__V)
                  200028ac    00000008     app_pem4f.oem4f (.data:ti_sysbios_knl_Mailbox_Module__root__V)
                  200028b4    00000008     app_pem4f.oem4f (.data:ti_sysbios_knl_Queue_Module__root__V)
                  200028bc    00000008     app_pem4f.oem4f (.data:ti_sysbios_knl_Semaphore_Module__root__V)
                  200028c4    00000008     app_pem4f.oem4f (.data:ti_sysbios_knl_Swi_Module__root__V)
                  200028cc    00000008     app_pem4f.oem4f (.data:ti_sysbios_knl_Task_Module__root__V)
                  200028d4    00000005     drivers_cc13x2.a : GPIOCC26XX.oem4f (.data)
                  200028d9    00000004     maclib_secure_cc13x2.a : fh_global.obj (.data:macAddrSize)
                  200028dd    00000002     drivers_cc13x2.a : CryptoResourceCC26XX.oem4f (.data)
                  200028df    00000001                      : NVS.oem4f (.data)
                  200028e0    00000004     maclib_osal_tirtos_cc13x2_26x2.a : osal_port.obj (.data)
                  200028e4    00000004     maclib_secure_cc13x2.a : lmac_global.obj (.data)
                  200028e8    00000004     rtsv7M4_T_le_v4SPD16_eabi.lib : stkdepth_vars.c.obj (.data)
                  200028ec    00000004     app_pem4f.oem4f (.data:ti_sysbios_family_arm_m3_Hwi_Module_State_0_excContext__A)
                  200028f0    00000004     app_pem4f.oem4f (.data:ti_sysbios_family_arm_m3_Hwi_Module_State_0_excStack__A)
                  200028f4    00000004     app_pem4f.oem4f (.data:ti_sysbios_knl_Task_Module_State_0_idleTask__A)
                  200028f8    00000002     drivers_cc13x2.a : TRNGCC26XX.oem4f (.data)
                  200028fa    00000002     app_pem4f.oem4f (.data:ti_sysbios_family_arm_m3_Hwi_Module_State_0_excActive__A)
                  200028fc    00000001     drivers_cc13x2.a : PWM.oem4f (.data)
                  200028fd    00000001                      : UART.oem4f (.data)
                  200028fe    00000001     maclib_secure_cc13x2.a : mac_sleep.obj (.data)
                  200028ff    00000001     rf_multiMode_cc13x2.a : rf_patch_cpe_prop.c.cc13x2.ccs.o (.data)

.bss       0    20002900    00001086     UNINITIALIZED
                  20002900    00000200     app_pem4f.oem4f (.bss:taskStackSection)
                  20002b00    000001bc     (.common:uartCC26XXObjects)
                  20002cbc    000000fc     (.common:enhancedAckBuf)
                  20002db8    000000f8     maclib_secure_cc13x2.a : mac_radio.obj (.bss:RF_object$19)
                  20002eb0    000000d8     (.common:ti_sysbios_family_arm_m3_Hwi_dispatchTable)
                  20002f88    000000b8     (.common:LEDObjects)
                  20003040    0000008c     (.common:FHPIB_db)
                  200030cc    00000088     (.common:FH_hnd)
                  20003154    00000088     (.common:macPib)
                  200031dc    0000007c     (.common:pinHandleTable)
                  20003258    0000007a     (.common:FHNT_tableOpt)
                  200032d2    00000001                            : mac_tx.obj (.bss)
                  200032d3    00000001     rf_multiMode_cc13x2.a : RFCC26X2_multiMode.c.cc13x2.ccs.o (.bss)
                  200032d4    00000054     (.common:macScan)
                  20003328    00000050     drivers_cc13x2.a : PINCC26XX.oem4f (.bss:pinSemaphore)
                  20003378    00000050     (.common:ButtonObjects)
                  200033c8    00000050     (.common:CryptoResourceCC26XX_accessSemaphore)
                  20003418    00000050     (.common:CryptoResourceCC26XX_operationSemaphore)
                  20003468    00000042     (.common:FHFSM_Dbg)
                  200034aa    00000001     (.common:driverlib_release_0_60278)
                  200034ab    00000001     (.common:macAckTxActive)
                  200034ac    00000040     maclib_secure_cc13x2.a : fh_global.obj (.bss:$O24$$)
                  200034ec    00000040     (.common:macSecurityPib)
                  2000352c    0000003c     drivers_cc13x2.a : PINCC26XX.oem4f (.bss:pinSwi)
                  20003568    0000003c     (.common:macBeaconCoord)
                  200035a4    00000038     (.common:macDeviceAction1)
                  200035dc    00000034     (.common:macBeaconDevice)
                  20003610    00000030     (.common:macMgmtAction1)
                  20003640    00000030     (.common:macSrcExtAddrList)
                  20003670    0000002c     (.common:macCoord)
                  2000369c    0000002c     (.common:macDevice)
                  200036c8    00000028     maclib_secure_cc13x2.a : mac_rx.obj (.bss:$O19$$)
                  200036f0    00000020     drivers_cc13x2.a : GPIOCC26XX.oem4f (.bss:gpioCallbackInfo)
                  20003710    00000020                      : PINCC26XX.oem4f (.bss:pinGpioConfigTable)
                  20003730    00000020     ti_drivers_config.obj (.bss:uartCC26XXRingBuffer0)
                  20003750    00000020     (.common:macBeacon)
                  20003770    0000001c     drivers_cc13x2.a : TRNGCC26XX.oem4f (.bss:TRNGCC26XX_hwi)
                  2000378c    0000001c                      : TRNGCC26XX.oem4f (.bss:entropyPool)
                  200037a8    0000001c                      : PINCC26XX.oem4f (.bss:pinHwi)
                  200037c4    0000001c     (.common:CryptoResourceCC26XX_hwi)
                  200037e0    0000001c     (.common:macCoordAction2)
                  200037fc    0000001c     (.common:macReset)
                  20003818    0000001c     (.common:macSrcShortAddrList)
                  20003834    00000018     (.common:aesccmCC26XXObjects)
                  2000384c    00000018     (.common:macScanAction)
                  20003864    00000014     rf_multiMode_cc13x2.a : RFCC26X2_multiMode.c.cc13x2.ccs.o (.bss:RF_ratSyncCmd)
                  20003878    00000014     drivers_cc13x2.a : Random.oem4f (.bss:state)
                  2000388c    00000014     (.common:macDeviceAction2)
                  200038a0    00000014     (.common:macMgmtAction2)
                  200038b4    00000010     (.common:macBeaconDeviceAction)
                  200038c4    00000010     (.common:macCoordAction3)
                  200038d4    00000010     (.common:macData)
                  200038e4    00000010     (.common:macDataTxDelay)
                  200038f4    0000000c                      : NVSCC26XX.oem4f (.bss)
                  20003900    0000000c                      : GPIOCC26XX.oem4f (.bss:gpioPinState)
                  2000390c    0000000c     (.common:FH_PibTbl)
                  20003918    0000000c     (.common:coexMetricsStruct)
                  20003924    0000000c     (.common:macMain)
                  20003930    00000008                      : GPIOCC26XX.oem4f (.bss)
                  20003938    00000008     (.common:macBeaconCoordAction1)
                  20003940    00000008     (.common:macCoordAction1)
                  20003948    00000006     (.common:FHNT_Dbg)
                  2000394e    00000001     (.common:macMgmt)
                  2000394f    00000001     (.common:macPanCoordinator)
                  20003950    00000004                      : PINCC26XX.oem4f (.bss)
                  20003954    00000004     (.common:AESCCM_handle)
                  20003958    00000004     (.common:FH_test_var)
                  2000395c    00000004     (.common:PowerCC26XX_swiKey)
                  20003960    00000004     (.common:PowerCC26XX_taskKey)
                  20003964    00000004     (.common:macCryptoDrvTblPtr)
                  20003968    00000004     (.common:macRxSymbol)
                  2000396c    00000004     (.common:macTimerActive)
                  20003970    00000004     (.common:nvsCC26XXObjects)
                  20003974    00000004     (.common:timerAlignedQ)
                  20003978    00000004     (.common:timerUnalignedQ)
                  2000397c    00000001     (.common:macPhyChannel)
                  2000397d    00000001     (.common:macPwr)
                  2000397e    00000001     (.common:macRxActive)
                  2000397f    00000001     (.common:macRxEnableFlags)
                  20003980    00000001     (.common:macRxOutgoingAckFlag)
                  20003981    00000001     (.common:macSymbolTimerImpending)
                  20003982    00000001     (.common:macTaskId)
                  20003983    00000001     (.common:macTxActive)
                  20003984    00000001     (.common:macUnitBackoffPeriod)
                  20003985    00000001     (.common:rxFhRsl)

.vtable    0    20003986    00000000     UNINITIALIZED

.vtable_ram 
*          0    20003986    00000000     UNINITIALIZED

vtable_ram 
*          0    20003986    00000000     UNINITIALIZED

.sysmem    0    20003986    00000000     UNINITIALIZED

.nonretenvar 
*          0    20003986    00000000     UNINITIALIZED

.stack     0    20013aa0    00000560     UNINITIALIZED
                  20013aa0    00000560     --HOLE--

.bootVecs 
*          0    00000000    00000008     DSECT
                  00000000    00000008     boot.aem4f : boot.oem4f (.bootVecs)

.resetVecs 
*          0    00000000    0000003c     
                  00000000    0000003c     app_pem4f.oem4f (.resetVecs)

.vecs      0    20000000    000000d8     NOLOAD SECTION
                  20000000    000000d8     app_pem4f.oem4f (.vecs)

xdc.meta   0    00000000    000000fb     COPY SECTION
                  00000000    000000fb     app_pem4f.oem4f (xdc.meta)

xdc.noload 
*          0    00000000    00000000     COPY SECTION

.data:RAM_MAC_BASE_ADDR 
*          0    2000010c    00000010     UNINITIALIZED
                  2000010c    00000010     maclib_secure_cc13x2.a : rom_init_154.obj (.data:RAM_MAC_BASE_ADDR)

.text.1    0    00001e10    000120e0     
                  00001e10    00000394     sensor.obj (.text:Sensor_process)
                  000021a4    00000378     api_mac.obj (.text:processIncomingICallMsg$7)
                  0000251c    00000354     maclib_secure_cc13x2.a : mac_rx.obj (.text:rxPayloadIsr$20)
                  00002870    0000034c                            : mac_radio_tx.obj (.text:macRadioCsmaTxCb)
                  00002bbc    00000338     mac_user_config.obj (.text:rfSelect)
                  00002ef4    000002dc     sensor.obj (.text:dataIndCB$5)
                  000031d0    00000298     rf_multiMode_cc13x2.a : RFCC26X2_multiMode.c.cc13x2.ccs.o (.text:RF_open)
                  00003468    00000294     maclib_secure_cc13x2.a : mac_tx.obj (.text:macTxFrame)
                  000036fc    00000270                            : mac_pwr.obj (.text:macPwrVote)
                  0000396c    0000025c                            : mac_tx.obj (.text:txCsmaPrep$23)
                  00003bc8    00000254                            : mac_radio.obj (.text:macRadioInitSubG)
                  00003e1c    0000021c                            : mac.obj (.text:macSendReceiveCmdIeee)
                  00004038    00000218     nvocmp.obj (.text:NVOCMP_initNv$13)
                  00004250    00000214     maclib_secure_cc13x2.a : mac.obj (.text:macSendReceiveCmdSubG)
                  00004464    00000210     rf_multiMode_cc13x2.a : RFCC26X2_multiMode.c.cc13x2.ccs.o (.text:RF_scheduleCmd)
                  00004674    00000208     nvocmp.obj (.text:NVOCMP_addItem$13)
                  0000487c    000001f4     drivers_cc13x2.a : PINCC26XX.oem4f (.text:PIN_init)
                  00004a70    000001e0     maclib_secure_cc13x2.a : mac_hl_patch.obj (.text:macWrapperAddKeyInitFCtr)
                  00004c50    000001dc     rf_multiMode_cc13x2.a : RFCC26X2_multiMode.c.cc13x2.ccs.o (.text:RF_dispatchNextCmd)
                  00004e2c    000001c8     maclib_secure_cc13x2.a : mac_radio_tx.obj (.text:macRadioTxAck$27)
                  00004ff4    000001ac                            : mac_hl_patch.obj (.text:macRxBeaconCritical)
                  000051a0    000001a4                            : mac_hl_patch.obj (.text:macWrapperDeleteKeyAndAssociatedDevices)
                  00005344    0000019c                            : mac_hl_patch.obj (.text:macIncomingFrameSecurityMaterialRetrieval)
                  000054e0    00000198     drivers_cc13x2.a : PowerCC26X2.oem4f (.text:Power_sleep)
                  00005678    00000198     maclib_secure_cc13x2.a : mac_hl_patch.obj (.text:macWrapperDeleteDevice)
                  00005810    00000190     drivers_cc13x2.a : PowerCC26X2_calibrateRCOSC.oem4f (.text:calibrateRcoscHf1)
                  000059a0    0000018c     maclib_secure_cc13x2.a : mac_hl_patch.obj (.text:macIncomingFrameSecurity)
                  00005b2c    0000018c     drivers_cc13x2.a : PowerCC26X2_calibrateRCOSC.oem4f (.text:runCalibrateFsm)
                  00005cb8    00000188     nvocmp.obj (.text:NVOCMP_compact$13)
                  00005e40    00000188     maclib_secure_cc13x2.a : mac_radio_tx.obj (.text:macRadioTxGoIeee$27)
                  00005fc8    00000186     drivers_cc13x2.a : Button.oem4f (.text:Button_clockTimeoutHandler)
                  0000614e    00000002     ti_drivers_config.obj (.text:Board_initHook)
                  00006150    00000174     drivers_cc13x2.a : PowerCC26X2.oem4f (.text:Power_init)
                  000062c4    0000016c     ssf.obj (.text:Ssf_init)
                  00006430    00000164     drivers_cc13x2.a : UARTCC26XX.oem4f (.text:UARTCC26XX_open)
                  00006594    00000164     maclib_secure_cc13x2.a : mac_radio_tx.obj (.text:macRadioTxPrepCsmaUnslotted)
                  000066f8    00000164                            : mac_hl_patch.obj (.text:macWrapperDeleteAllDevices)
                  0000685c    00000164                            : mac_tx.obj (.text:txCsmaDelay)
                  000069c0    0000015c                            : mac_hl_patch.obj (.text:macScanNextChan)
                  00006b1c    00000154     rf_multiMode_cc13x2.a : RFCC26X2_multiMode.c.cc13x2.ccs.o (.text:RF_radioOpDoneCb)
                  00006c70    00000154     drivers_cc13x2.a : UARTCC26XX.oem4f (.text:UARTCC26XX_hwiIntFxn)
                  00006dc4    00000150     sensor.obj (.text:Sensor_init)
                  00006f14    00000148     rf_multiMode_cc13x2.a : RFCC26X2_multiMode.c.cc13x2.ccs.o (.text:RF_fsmSetupState)
                  0000705c    00000148     maclib_secure_cc13x2.a : mac_radio_tx.obj (.text:macRadioLbtTxCb)
                  000071a4    0000013c     drivers_cc13x2.a : AESCCMCC26XX.oem4f (.text:AESCCM_startOperation)
                  000072e0    0000013a                      : UARTCC26XX.oem4f (.text:UARTCC26XX_read)
                  0000741a    00000002     rf_multiMode_cc13x2.a : rfc.c.cc13x2.ccs.o (.text:NOROM_RFCCpePatchReset)
                  0000741c    00000138     drivers_cc13x2.a : NVSCC26XX.oem4f (.text:NVSCC26XX_write)
                  00007554    00000138     rf_multiMode_cc13x2.a : RFCC26X2_multiMode.c.cc13x2.ccs.o (.text:RF_abortCmd)
                  0000768c    00000138                           : RFCC26X2_multiMode.c.cc13x2.ccs.o (.text:RF_ratSetupChannel)
                  000077c4    00000138     maclib_secure_cc13x2.a : mac_hl_patch.obj (.text:macBuildDataFrame)
                  000078fc    00000130                            : mac_radio.obj (.text:macRadioInitIeee)
                  00007a2c    00000120     nvocmp.obj (.text:NVOCMP_compactPage$13)
                  00007b4c    00000120     rf_multiMode_cc13x2.a : RFCC26X2_multiMode.c.cc13x2.ccs.o (.text:RF_close)
                  00007c6c    00000120     drivers_cc13x2.a : PowerCC26X2.oem4f (.text:configureXOSCHF)
                  00007d8c    00000120     sensor.obj (.text:dataCnfCB$5)
                  00007eac    0000011c     jdllc.obj (.text:assocCnfCb$4)
                  00007fc8    00000118     maclib_secure_cc13x2.a : mac_low_level.obj (.text:macLowLevelBufferInit)
                  000080e0    00000118                            : mac.obj (.text:macSetupRATChanCompare)
                  000081f8    00000114     macTask.obj (.text:MAC_CbackEvent)
                  0000830c    00000114     drivers_cc13x2.a : PINCC26XX.oem4f (.text:PINCC26XX_setIoCfg)
                  00008420    00000110                      : GPIOCC26XX.oem4f (.text:GPIO_setConfig)
                  00008530    00000110                      : LED.oem4f (.text:LED_open)
                  00008640    00000106     app_pem4f.oem4f (.text:xdc_runtime_System_printfExtend__I)
                  00008746    00000002     rf_multiMode_cc13x2.a : RFCC26X2_multiMode.c.cc13x2.ccs.o (.text:RF_defaultCallback)
                  00008748    00000104                           : RFCC26X2_multiMode.c.cc13x2.ccs.o (.text:RF_hwiCpe0Active)
                  0000884c    00000100     nvocmp.obj (.text:NVOCMP_findItem$13)
                  0000894c    000000fc     rf_multiMode_cc13x2.a : RFCC26X2_multiMode.c.cc13x2.ccs.o (.text:RF_decodeOverridePointers)
                  00008a48    000000fc     sensor.obj (.text:Sensor_sendMsg)
                  00008b44    000000fc     maclib_secure_cc13x2.a : mac_hl_patch.obj (.text:macOutgoingFrameKeyDescRetrieval)
                  00008c40    000000f0     rf_multiMode_cc13x2.a : RFCC26X2_multiMode.c.cc13x2.ccs.o (.text:RF_fsmPowerUpState)
                  00008d30    000000e8     drivers_cc13x2.a : Button.oem4f (.text:Button_open)
                  00008e18    000000e8     maclib_secure_cc13x2.a : mac.obj (.text:macSetupReceiveCmd)
                  00008f00    000000e4                            : mac_hl_patch.obj (.text:macOutgoingFrameSecurity)
                  00008fe4    000000e4                            : mac_hl_patch.obj (.text:macScanRxCoordRealign)
                  000090c8    000000e4                            : mac_tx.obj (.text:macTxChannelBusyCallback)
                  000091ac    000000e0     drivers_cc13x2.a : UARTCC26XX.oem4f (.text:UARTCC26XX_write)
                  0000928c    000000e0     maclib_secure_cc13x2.a : mac_rx.obj (.text:rxPostRxUpdates$20)
                  0000936c    000000dc                            : mac_hl_patch.obj (.text:macBuildHeaderIes)
                  00009448    000000d8     driverlib.lib : aes.obj (.text:NOROM_AESWriteToKeyStore)
                  00009520    000000d8     rf_multiMode_cc13x2.a : RFCC26X2_multiMode.c.cc13x2.ccs.o (.text:RF_control)
                  000095f8    000000d8                           : RFCC26X2_multiMode.c.cc13x2.ccs.o (.text:RF_pendCmd)
                  000096d0    000000d8     driverlib.lib : setup.obj (.text:TrimAfterColdResetWakeupFromShutDown$47)
                  000097a8    000000d8     main.obj (.text:appTaskFxn)
                  00009880    000000d8     maclib_secure_cc13x2.a : mac_hl_patch.obj (.text:macCcmStarTransform)
                  00009958    000000d8                            : mac_hl_patch.obj (.text:macEdScanISR)
                  00009a30    000000d4                            : mac_hl_patch.obj (.text:MAC_MlmeScanReq)
                  00009b04    000000d2     rf_multiMode_cc13x2.a : RFCC26X2_multiMode.c.cc13x2.ccs.o (.text:RF_updatePaConfiguration)
                  00009bd6    00000002     rtsv7M4_T_le_v4SPD16_eabi.lib : _lock.c.obj (.text:_nop)
                  00009bd8    000000cc     rf_multiMode_cc13x2.a : RFCC26X2_multiMode.c.cc13x2.ccs.o (.text:RF_swiHw)
                  00009ca4    000000cc     maclib_secure_cc13x2.a : mac_timer.obj (.text:macSymbolTimerTriggerCallback)
                  00009d70    000000c8     dpl_cc13x2.a : PowerCC26X2_tirtos.oem4f (.text:PowerCC26XX_standbyPolicy)
                  00009e38    000000c4     drivers_cc13x2.a : GPIOCC26XX.oem4f (.text:GPIO_init)
                  00009efc    000000c4     jdllc.obj (.text:Jdllc_init)
                  00009fc0    000000c4     maclib_secure_cc13x2.a : mac_autopend.obj (.text:MAC_SrcMatchAddEntry)
                  0000a084    000000c4                            : mac_hl_patch.obj (.text:macApiStartReq)
                  0000a148    000000c0                            : mac_pwr.obj (.text:MAC_PwrOffReq)
                  0000a208    000000c0     nvocmp.obj (.text:NVOCMP_erase$13)
                  0000a2c8    000000c0     drivers_cc13x2.a : PowerCC26X2.oem4f (.text:Power_releaseDependency)
                  0000a388    000000c0                      : TRNGCC26XX.oem4f (.text:TRNG_getRandom)
                  0000a448    000000c0                      : UARTCC26XX.oem4f (.text:UARTCC26XX_initIO)
                  0000a508    000000c0     maclib_secure_cc13x2.a : mac_hl_patch.obj (.text:macMgmtReset)
                  0000a5c8    000000bc     rf_multiMode_cc13x2.a : RFCC26X2_multiMode.c.cc13x2.ccs.o (.text:RF_initRadioSetup)
                  0000a684    000000bc     maclib_secure_cc13x2.a : mac_hl_patch.obj (.text:macAutoPoll)
                  0000a740    000000bc                            : mac.obj (.text:macGetRFCmdDuration)
                  0000a7fc    000000bc     jdllc.obj (.text:pollCnfCb$4)
                  0000a8b8    000000bc     jdllc.obj (.text:processCoordRealign$4)
                  0000a974    000000b8     drivers_cc13x2.a : PowerCC26X2.oem4f (.text:Power_setDependency)
                  0000aa2c    000000b8                      : UARTCC26XX.oem4f (.text:UARTCC26XX_initHw)
                  0000aae4    000000b0     maclib_secure_cc13x2.a : mac_hl_patch.obj (.text:macDataTxComplete)
                  0000ab94    000000b0                            : mac_radio_tx.obj (.text:macRadioTxAckCb$27)
                  0000ac44    000000b0                            : mac_radio.obj (.text:macRadioUpdateTxPower)
                  0000acf4    000000b0                            : mac.obj (.text:macStopCmd)
                  0000ada4    000000ac     nvocmp.obj (.text:NVOCMP_readContItemApi$13)
                  0000ae50    000000ac     drivers_cc13x2.a : PINCC26XX.oem4f (.text:PIN_open)
                  0000aefc    000000ac     maclib_secure_cc13x2.a : mac_hl_patch.obj (.text:macApiBeaconStartReq)
                  0000afa8    000000ac     macTask.obj (.text:macTaskInit)
                  0000b054    000000ac     maclib_secure_cc13x2.a : mac_tx.obj (.text:macTxDoneCallback)
                  0000b100    000000ac     api_mac.obj (.text:processBeaconNotifyInd$7)
                  0000b1ac    000000a8     driverlib.lib : setup.obj (.text:NOROM_SetupTrimDevice)
                  0000b254    000000a8     nvocmp.obj (.text:NVOCMP_initNvApi$13)
                  0000b2fc    000000a8     maclib_secure_cc13x2.a : mac_hl_patch.obj (.text:macBeaconCheckTxTime)
                  0000b3a4    000000a8                            : mac_hl_patch.obj (.text:macTrackTimeoutCallback)
                  0000b44c    000000a4     rf_multiMode_cc13x2.a : RFCC26X2_multiMode.c.cc13x2.ccs.o (.text:RF_ratRestartChannels)
                  0000b4f0    000000a4     jdllc.obj (.text:beaconNotifyIndCb$4)
                  0000b594    000000a4     maclib_secure_cc13x2.a : mac_hl_patch.obj (.text:macCcmStarInverseTransform)
                  0000b638    000000a4                            : mac_radio_tx.obj (.text:macRadioTxPrepLbt)
                  0000b6dc    000000a0     rf_multiMode_cc13x2.a : RFCC26X2_multiMode.c.cc13x2.ccs.o (.text:RF_requestAccess)
                  0000b77c    000000a0     auto_init.aem4f : auto_init.oem4f (.text)
                  0000b81c    000000a0     maclib_secure_cc13x2.a : mac_hl_patch.obj (.text:macBlacklistChecking)
                  0000b8bc    000000a0                            : mac_radio.obj (.text:scheduleNopWakeupCmd)
                  0000b95c    000000a0     rom_sysbios.aem4f : rom_sysbios.obj (.text:ti_sysbios_knl_Task_setPri__E)
                  0000b9fc    0000009c     nvocmp.obj (.text:NVOCMP_readHeader$13)
                  0000ba98    0000009c     drivers_cc13x2.a : TRNGCC26XX.oem4f (.text:TRNG_construct)
                  0000bb34    0000009c     maclib_secure_cc13x2.a : mac_radio.obj (.text:macRadioStartScan)
                  0000bbd0    0000009c                            : mac_radio.obj (.text:macRadioUpdateChannel)
                  0000bc6c    0000009c                            : mac_radio.obj (.text:macRadioUpdateChannelRx)
                  0000bd08    0000009c                            : mac_rx_onoff.obj (.text:macRxOffRequest)
                  0000bda4    0000009c                            : mac_timer.obj (.text:macTimerRealign)
                  0000be40    0000009c     rtsv7M4_T_le_v4SPD16_eabi.lib : memcpy_t2.asm.obj (.text)
                  0000bedc    0000009c     maclib_secure_cc13x2.a : mac_tx.obj (.text:txComplete)
                  0000bf78    00000098     nvocmp.obj (.text:NVOCMP_updateItemApi$13)
                  0000c010    00000098     rf_multiMode_cc13x2.a : RFCC26X2_multiMode.c.cc13x2.ccs.o (.text:RF_calculateDispatchTime)
                  0000c0a8    00000098     drivers_cc13x2.a : TRNGCC26XX.oem4f (.text:TRNGCC26XX_hwiFxn)
                  0000c140    00000098     maclib_secure_cc13x2.a : mac_hl_patch.obj (.text:macAutoPendAddSrcMatchTableEntry)
                  0000c1d8    00000098     drivers_cc13x2.a : UARTCC26XX.oem4f (.text:writeTxFifoFlush)
                  0000c270    00000096     rtsv7M4_T_le_v4SPD16_eabi.lib : ull_div_t2.asm.obj (.text)
                  0000c306    00000002     drivers_cc13x2.a : PowerCC26X2.oem4f (.text:emptyClockFunc)
                  0000c308    00000094     maclib_secure_cc13x2.a : mac_hl_patch.obj (.text:macIncomingSecurityLevelChecking)
                  0000c39c    00000094                            : mac.obj (.text:macRatCb_A)
                  0000c430    00000094                            : mac.obj (.text:macSetupFsCmd)
                  0000c4c4    00000092     drivers_cc13x2.a : UARTCC26XX.oem4f (.text:UARTCC26XX_writeCancel)
                  0000c556    00000002                      : CryptoResourceCC26XX.oem4f (.text:errorSpin)
                  0000c558    00000090     maclib_secure_cc13x2.a : mac_hl_patch.obj (.text:MAC_ResumeReq)
                  0000c5e8    00000090     rf_multiMode_cc13x2.a : RFCC26X2_multiMode.c.cc13x2.ccs.o (.text:RF_discardPendCmd)
                  0000c678    00000090                           : RFCC26X2_multiMode.c.cc13x2.ccs.o (.text:RF_getInfo)
                  0000c708    00000090     jdllc.obj (.text:disassoCnfCb$4)
                  0000c798    00000090     maclib_secure_cc13x2.a : mac_hl_patch.obj (.text:macCcmDecrypt)
                  0000c828    00000090                            : mac_hl_patch.obj (.text:macTrackStartCallback)
                  0000c8b8    00000090     jdllc.obj (.text:scanCnfCb$4)
                  0000c948    0000008c     maclib_osal_tirtos_cc13x2_26x2.a : osal_port.obj (.text:OsalPort_heapMalloc$40)
                  0000c9d4    0000008c                                      : osal_port.obj (.text:OsalPort_setTimer)
                  0000ca60    0000008c     api_mac.obj (.text:copyDataInd$7)
                  0000caec    0000008c     sensor.obj (.text:jdllcJoinedCb$5)
                  0000cb78    0000008c     maclib_secure_cc13x2.a : mac_hl_patch.obj (.text:macCcmEncrypt)
                  0000cc04    0000008c                            : mac_radio_tx.obj (.text:macRadioTxEnhAckCb)
                  0000cc90    0000008c                            : mac_autopend.obj (.text:macSrcMatchCheckSrcAddr$16)
                  0000cd1c    0000008c     rom_sysbios.aem4f : rom_sysbios.obj (.text:ti_sysbios_gates_GateMutexPri_enter__E)
                  0000cda8    00000088     maclib_secure_cc13x2.a : mac_autopend.obj (.text:MAC_SrcMatchEnable)
                  0000ce30    00000088     driverlib.lib : osc.obj (.text:NOROM_OSCHF_AttemptToSwitchToXosc)
                  0000ceb8    00000088     nvocmp.obj (.text:NVOCMP_deleteItemApi$13)
                  0000cf40    00000088     rf_multiMode_cc13x2.a : RFCC26X2_multiMode.c.cc13x2.ccs.o (.text:RF_cmdDispatchTime)
                  0000cfc8    00000088                           : RFCC26X2_multiMode.c.cc13x2.ccs.o (.text:RF_getTxPower)
                  0000d050    00000088     drivers_cc13x2.a : PowerCC26X2_calibrateRCOSC.oem4f (.text:calibrateRcoscHf2)
                  0000d0d8    00000088                      : PowerCC26X2.oem4f (.text:disableLFClockQualifiers)
                  0000d160    00000088     maclib_secure_cc13x2.a : mac_hl_patch.obj (.text:macKeyDescriptorLookup)
                  0000d1e8    00000088                            : mac_mcu.obj (.text:macMcuOverflowSetPeriod)
                  0000d270    00000088                            : mac_symbol_timer.obj (.text:macSymbolTimerInit)
                  0000d2f8    00000088     drivers_cc13x2.a : PowerCC26X2_calibrateRCOSC.oem4f (.text:updateSubSecInc)
                  0000d380    00000084     api_mac.obj (.text:ApiMac_init)
                  0000d404    00000084     nvocmp.obj (.text:NVOCMP_createItemApi$13)
                  0000d488    00000084     rf_multiMode_cc13x2.a : RFCC26X2_multiMode.c.cc13x2.ccs.o (.text:RF_issueRadioFreeCb)
                  0000d50c    00000084                           : RFCC26X2_multiMode.c.cc13x2.ccs.o (.text:RF_verifyGap)
                  0000d590    00000084     drivers_cc13x2.a : UARTCC26XX.oem4f (.text:UARTCC26XX_close)
                  0000d614    00000084     maclib_secure_cc13x2.a : mac_timer.obj (.text:macTimerUpdateSymbolTimer)
                  0000d698    00000084     jdllc.obj (.text:syncLossCb$4)
                  0000d71c    00000080     driverlib.lib : chipinfo.obj (.text:NOROM_ChipInfo_GetChipType)
                  0000d79c    00000080     drivers_cc13x2.a : NVSCC26XX.oem4f (.text:NVSCC26XX_open)
                  0000d81c    00000080     jdllc.obj (.text:disassocIndCb$4)
                  0000d89c    00000080     maclib_secure_cc13x2.a : mac_mcu.obj (.text:macMcuOverflowSetCompare)
                  0000d91c    00000080                            : mac_radio.obj (.text:macRadioWakeupCb)
                  0000d99c    00000080     rom_sysbios.aem4f : rom_sysbios.obj (.text:ti_sysbios_family_arm_cc26xx_Timer_start__E)
                  0000da1c    00000080     maclib_secure_cc13x2.a : mac_tx.obj (.text:txGo$23)
                  0000da9c    0000007c     nvocmp.obj (.text:NVOCMP_readItemApi$13)
                  0000db18    0000007c     rf_multiMode_cc13x2.a : RFCC26X2_multiMode.c.cc13x2.ccs.o (.text:RF_ratFreeChannel)
                  0000db94    0000007c     maclib_secure_cc13x2.a : mac_rx_onoff.obj (.text:macRxOn)
                  0000dc10    0000007c     maclib_osal_tirtos_cc13x2_26x2.a : osal_port.obj (.text:osalHeapInitFxn)
                  0000dc8c    0000007a     rtsv7M4_T_le_v4SPD16_eabi.lib : memset_t2.asm.obj (.text)
                  0000dd06    00000002     sensor.obj (.text:jdllcStateChangeCb$5)
                  0000dd08    00000078     jdllc.obj (.text:Jdllc_securityInit)
                  0000dd80    00000078     nvocmp.obj (.text:NVOCMP_checkItem$13)
                  0000ddf8    00000078     jdllc.obj (.text:dataCnfCb$4)
                  0000de70    00000078     maclib_secure_cc13x2.a : mac_timer.obj (.text:macTimerSetRollover)
                  0000dee8    00000078     rom_sysbios.aem4f : rom_sysbios.obj (.text:ti_sysbios_heaps_HeapMem_allocUnprotected__E)
                  0000df60    00000074     nvocmp.obj (.text:NVOCMP_writeItemApi$13)
                  0000dfd4    00000074     drivers_cc13x2.a : PowerCC26X2_calibrateRCOSC.oem4f (.text:PowerCC26X2_auxISR)
                  0000e048    00000074     rf_multiMode_cc13x2.a : RFCC26X2_multiMode.c.cc13x2.ccs.o (.text:RF_ratDisableChannel)
                  0000e0bc    00000074                           : RFCC26X2_multiMode.c.cc13x2.ccs.o (.text:RF_yield)
                  0000e130    00000074     rom_sysbios.aem4f : rom_sysbios.obj (.text:ti_sysbios_gates_GateMutexPri_leave__E)
                  0000e1a4    00000072     rf_multiMode_cc13x2.a : RFCC26X2_multiMode.c.cc13x2.ccs.o (.text:RF_detachOverrides)
                  0000e216    00000002     maclib_secure_cc13x2.a : mac_pwr.obj (.text:macApiPwrOnReq)
                  0000e218    00000070     drivers_cc13x2.a : AESCCMCC26XX.oem4f (.text:AESCCM_cleanup)
                  0000e288    00000070     rf_multiMode_cc13x2.a : rfc.c.cc13x2.ccs.o (.text:NOROM_RFCAnaDivTxOverride)
                  0000e2f8    00000070     nvocmp.obj (.text:NVOCMP_eraseNvApi$13)
                  0000e368    00000070     drivers_cc13x2.a : PINCC26XX.oem4f (.text:PIN_add)
                  0000e3d8    00000070     rf_multiMode_cc13x2.a : RFCC26X2_multiMode.c.cc13x2.ccs.o (.text:RF_getCurrentTime)
                  0000e448    00000070     drivers_cc13x2.a : Random.oem4f (.text:Random_seedAutomatic)
                  0000e4b8    00000070     jdllc.obj (.text:sendAssocReq$4)
                  0000e528    0000006e     rf_multiMode_cc13x2.a : RFCC26X2_multiMode.c.cc13x2.ccs.o (.text:RF_attachOverrides)
                  0000e596    0000006e                           : RFCC26X2_multiMode.c.cc13x2.ccs.o (.text:RF_howToSchedule)
                  0000e604    0000006e     rtsv7M4_T_le_v4SPD16_eabi.lib : ll_div_t2.asm.obj (.text)
                  0000e672    00000002     maclib_secure_cc13x2.a : mac_mcu.obj (.text:macMcuBitReverse)
                  0000e674    0000006d     rom_sysbios.aem4f : rom_sysbios.obj (.text:xdc_runtime_System_formatNum__I)
                  0000e6e1    00000001     --HOLE-- [fill = 0]
                  0000e6e2    00000002     maclib_secure_cc13x2.a : mac_radio.obj (.text:macRadioSetRE)
                  0000e6e4    0000006c     nvocmp.obj (.text:NVOCMP_getDstPage$13)
                  0000e750    0000006c     rf_multiMode_cc13x2.a : RFCC26X2_multiMode.c.cc13x2.ccs.o (.text:RF_dispatchNextEvent)
                  0000e7bc    0000006c     maclib_secure_cc13x2.a : mac_radio_tx.obj (.text:macRadioTxBackoffBoundary)
                  0000e828    0000006c                            : mac_hl_patch.obj (.text:macTrackPeriodCallback)
                  0000e894    00000068     driverlib.lib : osc.obj (.text:NOROM_OSCHF_SwitchToRcOscTurnOffXosc)
                  0000e8fc    00000068     maclib_osal_tirtos_cc13x2_26x2.a : osal_port.obj (.text:OsalPort_registerTask)
                  0000e964    00000068     rf_multiMode_cc13x2.a : RFCC26X2_multiMode.c.cc13x2.ccs.o (.text:RF_hwiHw)
                  0000e9cc    00000068     rtsv7M4_T_le_v4SPD16_eabi.lib : copy_decompress_lzss.c.obj (.text:decompress:lzss:__TI_decompress_lzss)
                  0000ea34    00000068     maclib_secure_cc13x2.a : mac_rx.obj (.text:macRxHaltCleanup)
                  0000ea9c    00000068     jdllc.obj (.text:updateState$4)
                  0000eb04    00000064     drivers_cc13x2.a : AESCCMCC26XX.oem4f (.text:AESCCM_waitForResult)
                  0000eb68    00000064                      : Button.oem4f (.text:Button_gpioCallbackFxn)
                  0000ebcc    00000064     nvocmp.obj (.text:NVOCMP_findSignature$13)
                  0000ec30    00000064     maclib_osal_tirtos_cc13x2_26x2.a : osal_port.obj (.text:OsalPort_clearEvent)
                  0000ec94    00000064                                      : osal_port.obj (.text:OsalPort_pwrmgrTaskState)
                  0000ecf8    00000064     ssf.obj (.text:Ssf_networkUpdate)
                  0000ed5c    00000064     drivers_cc13x2.a : UARTCC26XX.oem4f (.text:UARTCC26XX_control)
                  0000edc0    00000064     maclib_secure_cc13x2.a : mac.obj (.text:macRequestBackoff)
                  0000ee24    00000064                            : mac_timer.obj (.text:macSymbolTimerRolloverCallback)
                  0000ee88    00000064                            : mac_timer.obj (.text:macTimerAddTimer)
                  0000eeec    00000064     jdllc.obj (.text:sendScanReq$4)
                  0000ef50    00000062     ti_drivers_config.obj (.text:Board_sendExtFlashByte)
                  0000efb2    00000062     rf_multiMode_cc13x2.a : RFCC26X2_multiMode.c.cc13x2.ccs.o (.text:RF_syncCb)
                  0000f014    00000062     drivers_cc13x2.a : UARTCC26XX.oem4f (.text:UARTCC26XX_swiIntFxn)
                  0000f076    00000002     rtsv7M4_T_le_v4SPD16_eabi.lib : div0.asm.obj (.text)
                  0000f078    00000060     drivers_cc13x2.a : AESCCMCC26XX.oem4f (.text:AESCCM_hwiFxn)
                  0000f0d8    00000060                      : CryptoResourceCC26XX.oem4f (.text:CryptoResourceCC26XX_constructRTOSObjects)
                  0000f138    00000060                      : GPIOCC26XX.oem4f (.text:GPIO_write)
                  0000f198    00000060     rf_multiMode_cc13x2.a : RFCC26X2_multiMode.c.cc13x2.ccs.o (.text:RF_applyRfCorePatch)
                  0000f1f8    00000060     ssf.obj (.text:Ssf_getNetworkInfo)
                  0000f258    00000060     drivers_cc13x2.a : TRNGCC26XX.oem4f (.text:TRNGCC26XX_startTrng)
                  0000f2b8    00000060     maclib_secure_cc13x2.a : mac_radio.obj (.text:macGetRadioTxPowerReg)
                  0000f318    00000060                            : mac_timer.obj (.text:macTimerCancel)
                  0000f378    00000060                            : mac_timer.obj (.text:macTimerGetNextTimer)
                  0000f3d8    0000005e     api_mac.obj (.text:convertTxOptions)
                  0000f436    00000002     app_pem4f.oem4f (.text:ti_sysbios_BIOS_nullFunc__I)
                  0000f438    0000005c     nvocmp.obj (.text:NVOCMP_readItem$13)
                  0000f494    0000005c     maclib_osal_tirtos_cc13x2_26x2.a : osal_port.obj (.text:OsalPort_msgReceive)
                  0000f4f0    0000005c                                      : osal_port.obj (.text:OsalPort_setEvent)
                  0000f54c    0000005c     drivers_cc13x2.a : PINCC26XX.oem4f (.text:PIN_remove)
                  0000f5a8    0000005c     rf_multiMode_cc13x2.a : RFCC26X2_multiMode.c.cc13x2.ccs.o (.text:RF_hwiCpe0PowerFsm)
                  0000f604    0000005c     drivers_cc13x2.a : NVSCC26XX.oem4f (.text:doErase)
                  0000f660    0000005c     maclib_secure_cc13x2.a : mac_radio.obj (.text:macRadioSetChannel)
                  0000f6bc    0000005c                            : mac_radio.obj (.text:macRadioSetChannelRx)
                  0000f718    0000005c                            : mac_hl_patch.obj (.text:macSetDefaultsByPatch)
                  0000f774    0000005c     drivers_cc13x2.a : UARTCC26XX.oem4f (.text:startTxFifoEmptyClk)
                  0000f7d0    0000005c     app_pem4f.oem4f (.text:xdc_runtime_Startup_getState__I)
                  0000f82c    00000058     nvocmp.obj (.text:NVOCMP_getItemLenApi$13)
                  0000f884    00000058     drivers_cc13x2.a : PowerCC26X2_calibrateRCOSC.oem4f (.text:PowerCC26X2_initiateCalibration)
                  0000f8dc    00000058     rf_multiMode_cc13x2.a : RFCC26X2_multiMode.c.cc13x2.ccs.o (.text:RF_TxPowerTable_findValue)
                  0000f934    00000058     sensor.obj (.text:SensorReadCallback$5)
                  0000f98c    00000058     drivers_cc13x2.a : TRNGCC26XX.oem4f (.text:TRNG_init)
                  0000f9e4    00000058     boot.aem4f : boot.oem4f (.text)
                  0000fa3c    00000058     maclib_secure_cc13x2.a : mac_sleep.obj (.text:macCanSleep)
                  0000fa94    00000058                            : mac_radio_tx.obj (.text:macRadioTxRequestTxAck)
                  0000faec    00000058     main.obj (.text:main)
                  0000fb44    00000058     rom_sysbios.aem4f : rom_sysbios.obj (.text:ti_sysbios_heaps_HeapMem_alloc__E)
                  0000fb9c    00000056     drivers_cc13x2.a : LED.oem4f (.text:LED_startBlinking)
                  0000fbf2    00000056     rf_multiMode_cc13x2.a : RFCC26X2_multiMode.c.cc13x2.ccs.o (.text:RF_defaultSubmitPolicy)
                  0000fc48    00000054     drivers_cc13x2.a : AESCCMCC26XX.oem4f (.text:AESCCM_construct)
                  0000fc9c    00000054     jdllc.obj (.text:Jdllc_addSecDevice)
                  0000fcf0    00000054     driverlib.lib : prcm.obj (.text:NOROM_PRCMPowerDomainsAllOff)
                  0000fd44    00000054     nvocmp.obj (.text:NVOCMP_doNVCRC$13)
                  0000fd98    00000054     drivers_cc13x2.a : NVSCC26XX.oem4f (.text:NVSCC26XX_init)
                  0000fdec    00000054     rf_multiMode_cc13x2.a : RFCC26X2_multiMode.c.cc13x2.ccs.o (.text:RF_fsmXOSCState)
                  0000fe40    00000054     drivers_cc13x2.a : StructRingBuf.oem4f (.text:StructRingBuf_put)
                  0000fe94    00000054     dpl_cc13x2.a : SwiP_tirtos.oem4f (.text:SwiP_construct)
                  0000fee8    00000054     sensor.obj (.text:UART_INIT)
                  0000ff3c    00000054     maclib_secure_cc13x2.a : mac_hl_patch.obj (.text:macIncomingKeyUsagePolicyChecking)
                  0000ff90    00000054                            : mac_tx.obj (.text:macTxAckReceivedCallback)
                  0000ffe4    00000054     api_mac.obj (.text:processScanCnf$7)
                  00010038    00000050     drivers_cc13x2.a : GPIOCC26XX.oem4f (.text:GPIO_enableInt)
                  00010088    00000050     nvocmp.obj (.text:NVOCMP_compactNvApi$13)
                  000100d8    00000050     drivers_cc13x2.a : TRNGCC26XX.oem4f (.text:TRNGCC26XX_waitForResult)
                  00010128    00000050     maclib_secure_cc13x2.a : mac_radio.obj (.text:macRadioSetPanCoordinator)
                  00010178    00000050                            : mac_timer.obj (.text:macTimerStart)
                  000101c8    0000004c     driverlib.lib : prcm.obj (.text:NOROM_PRCMPowerDomainsAllOn)
                  00010214    0000004c     nvocmp.obj (.text:NVOCMP_setItemInactive$13)
                  00010260    0000004c     maclib_osal_tirtos_cc13x2_26x2.a : osal_port.obj (.text:OsalPort_msgSend)
                  000102ac    0000004c     rf_multiMode_cc13x2.a : RFCC26X2_multiMode.c.cc13x2.ccs.o (.text:RF_wakeupNotification)
                  000102f8    0000004c     drivers_cc13x2.a : StructRingBuf.oem4f (.text:StructRingBuf_get)
                  00010344    0000004c                      : UARTCC26XX.oem4f (.text:UARTCC26XX_readCancel)
                  00010390    0000004c     rtsv7M4_T_le_v4SPD16_eabi.lib : cpy_tbl.c.obj (.text:copy_in)
                  000103dc    0000004c     maclib_secure_cc13x2.a : mac_low_level.obj (.text:macLowLevelYield)
                  00010428    0000004c                            : mac_radio_tx.obj (.text:macRadioTxHandleAck)
                  00010474    0000004c                            : mac.obj (.text:macSendFsCmd)
                  000104c0    0000004c     maclib_osal_tirtos_cc13x2_26x2.a : osal_port.obj (.text:osalHeapGetStatsFxn)
                  0001050c    00000048     ti_drivers_config.obj (.text:Board_wakeUpExtFlash)
                  00010554    00000048     rf_multiMode_cc13x2.a : rfc.c.cc13x2.ccs.o (.text:NOROM_RFCSynthPowerDown)
                  0001059c    00000048     nvocmp.obj (.text:NVOCMP_write$13)
                  000105e4    00000048     drivers_cc13x2.a : NVS.oem4f (.text:NVS_open)
                  0001062c    00000048                      : PINCC26XX.oem4f (.text:PIN_setOutputEnable)
                  00010674    00000048                      : PowerCC26X2_calibrateRCOSC.oem4f (.text:PowerCC26X2_RCOSC_clockFunc)
                  000106bc    00000048                      : PowerCC26X2.oem4f (.text:PowerCC26XX_switchXOSC_HF)
                  00010704    00000048     ssf.obj (.text:Ssf_configurationUpdate)
                  0001074c    00000048     maclib_osal_tirtos_cc13x2_26x2.a : util_timer.obj (.text:UtilTimer_construct)
                  00010794    00000048     drivers_cc13x2.a : NVSCC26XX.oem4f (.text:disableFlashCache)
                  000107dc    00000048     maclib_secure_cc13x2.a : mac_radio.obj (.text:macRadioNeedAdjustPower)
                  00010824    00000048                            : mac_radio.obj (.text:macRadioStopScan)
                  0001086c    00000048                            : mac_timer.obj (.text:macTimerUpdActive)
                  000108b4    00000048     drivers_cc13x2.a : PowerCC26X2.oem4f (.text:switchXOSCHF)
                  000108fc    00000048                      : UARTCC26XX.oem4f (.text:writeFinishedDoCallback)
                  00010944    00000046                      : RingBuf.oem4f (.text:RingBuf_put)
                  0001098a    00000046     maclib_secure_cc13x2.a : mac_hl_patch.obj (.text:macDeviceDescriptorLookup)
                  000109d0    00000044                            : fh_ie_patch.obj (.text:FHNT_delTempIndex)
                  00010a14    00000044     drivers_cc13x2.a : GPIOCC26XX.oem4f (.text:GPIO_disableInt)
                  00010a58    00000044     maclib_secure_cc13x2.a : mac_timer.obj (.text:MAC_PwrNextTimeout)
                  00010a9c    00000044     driverlib.lib : chipinfo.obj (.text:NOROM_ChipInfo_GetHwRevision)
                  00010ae0    00000044     nvocmp.obj (.text:NVOCMP_getFreeNvApi$13)
                  00010b24    00000044     drivers_cc13x2.a : NVSCC26XX.oem4f (.text:NVSCC26XX_read)
                  00010b68    00000044                      : PINCC26XX.oem4f (.text:PIN_swi)
                  00010bac    00000044                      : PWM.oem4f (.text:PWM_init)
                  00010bf0    00000044                      : UART.oem4f (.text:UART_init)
                  00010c34    00000044     maclib_secure_cc13x2.a : mac.obj (.text:macRatCb_B)
                  00010c78    00000044                            : mac_rx_onoff.obj (.text:macRxDisable)
                  00010cbc    00000044                            : mac_tx.obj (.text:macTxTimestampCallback)
                  00010d00    00000044     jdllc.obj (.text:populateInfo$4)
                  00010d44    00000042     api_mac.obj (.text:copyMacPanDescToApiMacPanDesc$7)
                  00010d86    00000040     dpl_cc13x2.a : ClockP_tirtos.oem4f (.text:ClockP_construct)
                  00010dc6    00000002     rom_sysbios.aem4f : rom_sysbios.obj (.text:ti_sysbios_heaps_HeapCallback_defaultDelete)
                  00010dc8    00000040     dpl_cc13x2.a : ClockP_tirtos.oem4f (.text:ClockP_create)
                  00010e08    00000040     jdllc.obj (.text:Jdllc_sendDisassociationRequest)
                  00010e48    00000040     driverlib.lib : osc.obj (.text:NOROM_OSC_HPOSCRelativeFrequencyOffsetGet)
                  00010e88    00000040     maclib_osal_tirtos_cc13x2_26x2.a : osal_port.obj (.text:OsalPort_heapFree$40)
                  00010ec8    00000040     drivers_cc13x2.a : PWM.oem4f (.text:PWM_open)
                  00010f08    00000040                      : PowerCC26X2.oem4f (.text:PowerCC26XX_isStableXOSC_HF)
                  00010f48    00000040                      : Random.oem4f (.text:Random_getNumber)
                  00010f88    00000040                      : RingBuf.oem4f (.text:RingBuf_get)
                  00010fc8    00000040                      : TRNGCC26XX.oem4f (.text:TRNGCC26XX_copyToClient)
                  00011008    00000040                      : UART.oem4f (.text:UART_open)
                  00011048    00000040     rf_multiMode_cc13x2.a : rf_patch_cpe_prop.c.cc13x2.ccs.o (.text:configurePropPatch)
                  00011088    00000040     maclib_secure_cc13x2.a : mac_rx.obj (.text:macRxNokIsr)
                  000110c8    00000040                            : mac_autopend.obj (.text:macSrcMatchSetEnableBit$16)
                  00011108    00000040                            : mac_symbol_timer.obj (.text:macSymbolTimerSetTrigger)
                  00011148    00000040                            : mac_tx.obj (.text:macTxUpdateIE)
                  00011188    00000040     rtsv7M4_T_le_v4SPD16_eabi.lib : u_divt2.asm.obj (.text)
                  000111c8    00000040     rom_sysbios.aem4f : rom_sysbios.obj (.text:ti_sysbios_family_arm_cc26xx_Timer_setThreshold__I)
                  00011208    00000040                       : rom_sysbios.obj (.text:ti_sysbios_heaps_HeapCallback_Module_startup__E)
                  00011248    0000003e     dpl_cc13x2.a : HwiP_tirtos.oem4f (.text:HwiP_construct)
                  00011286    0000003e     drivers_cc13x2.a : LED.oem4f (.text:LED_setBrightnessLevel)
                  000112c4    0000003e     maclib_osal_tirtos_cc13x2_26x2.a : osal_port.obj (.text:OsalPort_msgEnqueueMax)
                  00011302    0000003e     drivers_cc13x2.a : TRNGCC26XX.oem4f (.text:TRNGCC26XX_serviceJob)
                  00011340    0000003e                      : LED.oem4f (.text:clockTimeoutHandler)
                  0001137e    0000003c                      : LED.oem4f (.text:LED_setOff)
                  000113ba    00000002     rom_sysbios.aem4f : rom_sysbios.obj (.text:xdc_runtime_SysCallback_defaultAbort)
                  000113bc    0000003c     maclib_secure_cc13x2.a : mac_pwr.obj (.text:MAC_PwrOnReq)
                  000113f8    0000003c     nvocmp.obj (.text:NVOCMP_disableCache$13)
                  00011434    0000003c     drivers_cc13x2.a : PINCC26XX.oem4f (.text:PIN_setInterrupt)
                  00011470    0000003c                      : PINCC26XX.oem4f (.text:PIN_setOutputValue)
                  000114ac    0000003c     rf_multiMode_cc13x2.a : RFCC26X2_multiMode.c.cc13x2.ccs.o (.text:RF_cmdGet)
                  000114e8    0000003c                           : RFCC26X2_multiMode.c.cc13x2.ccs.o (.text:RF_cmdStoreEvents)
                  00011524    0000003c     drivers_cc13x2.a : NVSCC26XX.oem4f (.text:checkEraseRange)
                  00011560    0000003c     maclib_secure_cc13x2.a : mac_timer.obj (.text:macTimerRecalcUnaligned)
                  0001159c    0000003c                            : mac_tx.obj (.text:macTxDecrypt)
                  000115d8    0000003c     rom_sysbios.aem4f : rom_sysbios.obj (.text:ti_sysbios_family_arm_m3_Hwi_construct2__E)
                  00011614    0000003a     maclib_osal_tirtos_cc13x2_26x2.a : mac_util.obj (.text:Util_bufferUint32)
                  0001164e    00000002     rom_sysbios.aem4f : rom_sysbios.obj (.text:xdc_runtime_SysCallback_defaultExit)
                  00011650    00000038     ti_drivers_config.obj (.text:Board_shutDownExtFlash)
                  00011688    00000038     drivers_cc13x2.a : PINCC26XX.oem4f (.text:PIN_setConfig)
                  000116c0    00000038     rf_multiMode_cc13x2.a : RFCC26X2_multiMode.c.cc13x2.ccs.o (.text:RF_checkCmdFsError)
                  000116f8    00000038     jdllc.obj (.text:handleMaxDataFail$4)
                  00011730    00000038     maclib_secure_cc13x2.a : mac_timer.obj (.text:macTimerAligned)
                  00011768    00000038                            : mac_timer.obj (.text:macTimerInit)
                  000117a0    00000038                            : mac_tx.obj (.text:macTxAckNotReceivedCallback)
                  000117d8    00000038     drivers_cc13x2.a : PowerCC26X2.oem4f (.text:notify)
                  00011810    00000038                      : UARTCC26XX.oem4f (.text:readData)
                  00011848    00000038     jdllc.obj (.text:sendPollReq$4)
                  00011880    00000038     rom_sysbios.aem4f : rom_sysbios.obj (.text:ti_sysbios_family_arm_cc26xx_Timer_getCurrentTick__E)
                  000118b8    00000038     drivers_cc13x2.a : UARTCC26XX.oem4f (.text:writeData)
                  000118f0    00000036     api_mac.obj (.text:ApiMac_convertCapabilityInfo)
                  00011926    00000036     drivers_cc13x2.a : LED.oem4f (.text:LED_setOn)
                  0001195c    00000034     driverlib.lib : aes.obj (.text:NOROM_AESStartDMAOperation)
                  00011990    00000034                   : sys_ctrl.obj (.text:NOROM_SysCtrlIdle)
                  000119c4    00000034     nvocmp.obj (.text:NVOCMP_verifyCRC$13)
                  000119f8    00000034     rf_multiMode_cc13x2.a : RFCC26X2_multiMode.c.cc13x2.ccs.o (.text:RF_powerConstraintRelease)
                  00011a2c    00000034                           : RFCC26X2_multiMode.c.cc13x2.ccs.o (.text:RF_runDirectImmediateCmd)
                  00011a60    00000034     maclib_secure_cc13x2.a : mac_hl_patch.obj (.text:macCheckPhyRate)
                  00011a94    00000034                            : mac_low_level.obj (.text:macLowLevelDiags)
                  00011ac8    00000034                            : mac_radio.obj (.text:macRadioSetIEEEAddr)
                  00011afc    00000034                            : mac.obj (.text:macRatDisableChannelB)
                  00011b30    00000034                            : mac_rx_onoff.obj (.text:macRxOff)
                  00011b64    00000034                            : mac_symbol_timer.obj (.text:macSymbolTimerCount)
                  00011b98    00000034                            : mac_tx.obj (.text:macTxFrameIsr)
                  00011bcc    00000034     drivers_cc13x2.a : UARTCC26XX.oem4f (.text:readData2RingBuf)
                  00011c00    00000034     rom_sysbios.aem4f : rom_sysbios.obj (.text:ti_sysbios_knl_Swi_setPri__E)
                  00011c34    00000032     maclib_osal_tirtos_cc13x2_26x2.a : osal_port.obj (.text:OsalPort_msgExtract)
                  00011c66    00000032     rom_sysbios.aem4f : rom_sysbios.obj (.text:ti_sysbios_family_arm_cc26xx_Timer_setNextTick__E)
                  00011c98    00000032                       : rom_sysbios.obj (.text:ti_sysbios_gates_GateMutexPri_insertPri__I)
                  00011cca    00000002                       : rom_sysbios.obj (.text:xdc_runtime_SysCallback_defaultFlush)
                  00011ccc    00000030     drivers_cc13x2.a : GPIOCC26XX.oem4f (.text:GPIO_hwiIntFxn)
                  00011cfc    00000030                      : GPIOCC26XX.oem4f (.text:GPIO_setCallback)
                  00011d2c    00000030     nvocmp.obj (.text:NVOCMP_changePageState$13)
                  00011d5c    00000030     drivers_cc13x2.a : NVSCC26XX.oem4f (.text:NVSCC26XX_erase)
                  00011d8c    00000030                      : PINCC26XX.oem4f (.text:PINCC26XX_setMux)
                  00011dbc    00000030                      : PowerCC26X2.oem4f (.text:Power_releaseConstraint)
                  00011dec    00000030                      : PowerCC26X2.oem4f (.text:Power_setConstraint)
                  00011e1c    00000030     ssf.obj (.text:Ssf_setPollClock)
                  00011e4c    00000030     ssf.obj (.text:Ssf_setReadingClock)
                  00011e7c    00000030     ssf.obj (.text:Ssf_setScanBackoffClock)
                  00011eac    00000030     drivers_cc13x2.a : TRNGCC26XX.oem4f (.text:TRNGCC26XX_fillEntropyPool)
                  00011edc    00000030                      : TRNGCC26XX.oem4f (.text:TRNG_generateKey)
                  00011f0c    00000030     maclib_secure_cc13x2.a : mac_rx_onoff.obj (.text:macRxHardDisable)
                  00011f3c    00000030                            : mac_symbol_timer.obj (.text:macSymbolTimerBCWakeUp)
                  00011f6c    00000030                            : mac_symbol_timer.obj (.text:macSymbolTimerICallTimerCback)
                  00011f9c    00000030                            : mac_timer.obj (.text:macTimerCheckUnAlignedQ)
                  00011fcc    00000030     app_pem4f.oem4f (.text:ti_sysbios_BIOS_atExitFunc__I)
                  00011ffc    00000030     app_pem4f.oem4f (.text:ti_sysbios_BIOS_startFunc__I)
                  0001202c    00000030     rom_sysbios.aem4f : rom_sysbios.obj (.text:ti_sysbios_family_arm_cc26xx_Timer_initDevice__I)
                  0001205c    00000030     app_pem4f.oem4f (.text:ti_sysbios_gates_GateMutexPri_Object__create__S)
                  0001208c    00000030     app_pem4f.oem4f (.text:ti_sysbios_gates_GateMutexPri_create)
                  000120bc    00000030     app_pem4f.oem4f (.text:ti_sysbios_heaps_HeapCallback_Object__create__S)
                  000120ec    00000030     rom_sysbios.aem4f : rom_sysbios.obj (.text:ti_sysbios_knl_Clock_getTimeout__E)
                  0001211c    0000002e     maclib_osal_tirtos_cc13x2_26x2.a : osal_port.obj (.text:OsalPort_msgDequeue)
                  0001214a    0000002e                                      : osal_port.obj (.text:OsalPort_msgEnqueue)
                  00012178    0000002e     rf_multiMode_cc13x2.a : RFCC26X2_multiMode.c.cc13x2.ccs.o (.text:RF_queueEnd)
                  000121a6    00000002     rom_sysbios.aem4f : rom_sysbios.obj (.text:xdc_runtime_SysCallback_defaultPutch)
                  000121a8    0000002c     drivers_cc13x2.a : NVS.oem4f (.text:NVS_init)
                  000121d4    0000002c     rf_multiMode_cc13x2.a : RFCC26X2_multiMode.c.cc13x2.ccs.o (.text:RF_executeDirectImmediateCmd)
                  00012200    0000002c     dpl_cc13x2.a : SemaphoreP_tirtos.oem4f (.text:SemaphoreP_constructBinary)
                  0001222c    0000002c                  : SemaphoreP_tirtos.oem4f (.text:SemaphoreP_createBinary)
                  00012258    0000002c     ssf.obj (.text:Ssf_clearNetworkInfo)
                  00012284    0000002c     drivers_cc13x2.a : TRNGCC26XX.oem4f (.text:TRNGCC26XX_stopTrng)
                  000122b0    0000002c     rf_multiMode_cc13x2.a : rf_patch_cpe_prop.c.cc13x2.ccs.o (.text:applyPropPatch)
                  000122dc    0000002c     maclib_secure_cc13x2.a : mac_radio.obj (.text:macRadioSetPanID)
                  00012308    0000002c                            : mac_radio.obj (.text:macRadioSetShortAddr)
                  00012334    0000002c                            : mac_rx_onoff.obj (.text:macRxSoftDisable)
                  00012360    0000002c                            : mac_rx_onoff.obj (.text:macRxSoftEnable)
                  0001238c    0000002c                            : mac_symbol_timer.obj (.text:macSymbolTimerSetRollover)
                  000123b8    0000002c                            : mac_tx.obj (.text:macTxRequestCsmaRtcDelay)
                  000123e4    0000002c                            : saddr.obj (.text:sAddrCmp)
                  00012410    0000002c     app_pem4f.oem4f (.text:ti_sysbios_gates_GateMutexPri_Handle__label__S)
                  0001243c    0000002c     app_pem4f.oem4f (.text:ti_sysbios_heaps_HeapCallback_Handle__label__S)
                  00012468    0000002c     rom_sysbios.aem4f : rom_sysbios.obj (.text:ti_sysbios_knl_Clock_getTicksUntilInterrupt__E)
                  00012494    0000002a     drivers_cc13x2.a : List.oem4f (.text:List_insert)
                  000124be    0000002a     maclib_secure_cc13x2.a : mac_autopend.obj (.text:MAC_SrcMatchDeleteEntry)
                  000124e8    0000002a     rf_multiMode_cc13x2.a : RFCC26X2_multiMode.c.cc13x2.ccs.o (.text:RF_searchAndReplacePAOverride)
[...]
20000a4c  Main_user1Cfg                                                   
200017b0  rxbuffer                                                        
200017b4  Sensor_events                                                   
200017b6  UartReceiveBufferLength                                         
200017bc  totalE2EDelaySum                                                
200017c0  endToEndDelay                                                   
200017c4  gUartHandle                                                     
200017c8  retries                                                         
20001810  Sensor_msgStats                                                 
20001888  UartReceiveBuffer                                               
200019b4  RF_cmdNop                                                       
200019c4  RF_cmdNopFg                                                     
200019d4  RF_cmdRxAckCmd                                                  
200019e8  RF_cmdFsRx                                                      
20001a00  RF_cmdFsTx                                                      
20001a18  RF_cmdIEEETx                                                    
20001a30  RF_cmdPropCs                                                    
20001a4c  RF_cmdPropCsSlotted                                             
20001a68  RF_cmdRadioSetup                                                
20001a88  RF_cmdIEEECsma                                                  
20001aa8  RF_cmdPropTxAdv                                                 
20001ac8  RF_cmdPropRadioDivSetup                                         
20001af8  RF_cmdPropRxAdv                                                 
20001b28  RF_cmdIEEERx                                                    
20001b64  taskCnt                                                         
20001b74  heapmgrMemFreeTotal                                             
20001b78  heapmgrMemFreeError                                             
20001b84  HEAPMGR_SIZE                                                    
20001b88  taskTbl                                                         
20001cf0  PowerCC26X2_module                                              
20001e60  Ssf_resetReseason                                               
20001e64  Ssf_resetCount                                                  
20001f78  ROM_stateStruct                                                 
20001f78  ti_sysbios_knl_Clock_Module__state__V                           
20001fa4  ti_sysbios_family_arm_cc26xx_TimestampProvider_Module__state__V 
20001fa8  xdc_runtime_Startup_Module__state__V                            
20001fb0  xdc_runtime_Registry_Module__state__V                           
20001fb8  ti_sysbios_BIOS_Module__state__V                                
20001fdc  ti_sysbios_knl_Swi_Module__state__V                             
20001ff8  ti_sysbios_knl_Task_Module__state__V                            
2000203c  xdc_runtime_Memory_Module__state__V                             
20002040  xdc_runtime_System_Module__state__V                             
20002048  ti_sysbios_family_arm_m3_Hwi_Module__state__V                   
2000207c  ti_sysbios_family_arm_cc26xx_Timer_Module__state__V             
20002084  initBroadcastMsg                                                
20002086  parentFound                                                     
2000208e  Jdllc_events                                                    
200020d0  Jdllc_statistics                                                
2000217c  macMRFSKGenPhyTable                                             
2000221c  RF_prop_2gfsk50kbps154g                                         
2000222c  txPowerTable_868_pa13                                           
20002290  fhObject                                                        
200022fe  gAction                                                         
200022ff  NVOCMP_size                                                     
2000232c  NVOCMP_nvHandle                                                 
2000235c  macSrcMatchIsAckAllPending                                      
2000235d  macSrcResIndex                                                  
20002360  reqAccessAlloc                                                  
20002362  rxCmdHandle                                                     
20002368  macRfDrvTblPtr                                                  
2000236c  lastPostCmd                                                     
20002370  macSfdDetectCback                                               
20002374  macTxTimestamp                                                  
20002378  pMacRadioConfig                                                 
20002390  macRxOutputSubG                                                 
2000239c  macRxOutputIeee                                                 
200023ac  macFrmFilter                                                    
200023c0  FHIE_channelPlan                                                
20002414  ti_sysbios_knl_Task_Object__table__V                            
20002460  ti_sysbios_family_arm_cc26xx_Timer_Object__table__V             
200024b0  pRfMode                                                         
200024b4  pRfPowerTable                                                   
200024b8  pMaxPower                                                       
200024bc  RF_handle                                                       
200024c0  macPhyTxPower                                                   
200024c8  RF_params                                                       
200024e8  ti_sysbios_gates_GateMutex_Object__table__V                     
20002520  appTaskId                                                       
20002528  appEvents                                                       
20002530  ApiMac_extAddr                                                  
20002538  appSem                                                          
20002554  macBeaconPayload                                                
20002588  pMacDataTx                                                      
2000258c  macDataTxIndirect                                               
20002590  macDataRequeueIndirect                                          
20002594  macDataRxBeaconCritical                                         
20002598  macDataTxBeaconComplete                                         
2000259c  macDataSetSched                                                 
200025a0  macDataCheckSched                                               
200025a4  macDataCheckTxTime                                              
200025a8  macDataBeaconRequeue                                            
200025ac  csmPhy                                                          
200025b0  macTimerRollover                                                
200025b4  macTimerNewRollover                                             
200025b8  ti_sysbios_knl_Swi_Module_State_0_readyQ__A                     
200025e8  ti_sysbios_knl_Swi_Object__table__V                             
20002618  ti_sysbios_knl_Task_Module_State_0_readyQ__A                    
20002648  macSpecUsecsPerSymbol                                           
2000264c  macPrevPeriodRatCount                                           
20002650  macSymbolTimerRollover                                          
20002654  macSymbolTimerTrigger                                           
20002670  pOverrides_2gfsk50kbps154g                                      
20002698  macTxSlottedDelayFactor                                         
20002699  macTxType                                                       
2000269a  macTxBe                                                         
2000269b  macTxGpInterframeDelay                                          
2000269c  txAckReq                                                        
2000269f  txSeqn                                                          
200026a1  numTx                                                           
200026a2  macTxCsmaBackoffDelay                                           
200026a4  macCsmaRtcTimerId                                               
200026a8  macAckDbg                                                       
200026bc  _hposcCoeffs                                                    
200026e0  macActionSet                                                    
20002728  macBeaconMargin                                                 
20002748  ti_sysbios_knl_Clock_Object__table__V                           
20002768  xdc_runtime_Error_IgnoreBlock                                   
20002788  ti_sysbios_family_arm_m3_Hwi_Object__table__V                   
200027a0  txCmdHandle                                                     
200027a2  macRadioAckIeeeFrame                                            
200027a8  pMacEnhancedAck                                                 
200027ac  macRadioAckFrame                                                
200027b4  macStateTbl                                                     
200027d8  gpioCallbackFunctions                                           
200027e8  gpioPinConfigs                                                  
200027f8  macCfg                                                          
20002808  lastRatChanA                                                    
20002809  lastRatChanB                                                    
2000280a  macRxCmdActive                                                  
2000280b  macTxCmdActive                                                  
2000280c  macFsCmdActive                                                  
2000280d  macRxPreempted                                                  
2000280e  macReqAccessCnt                                                 
20002810  macReqAccessTimeCnt                                             
20002812  macReqAccErrCnt                                                 
20002814  numRfCmd                                                        
20002815  numRxCmd                                                        
20002816  numRxPostCmd                                                    
20002820  pClockHandleEDScan                                              
20002824  FH_FSM                                                          
20002830  ti_sysbios_heaps_HeapCallback_Object__table__V                  
2000283c  _lock                                                           
20002840  _unlock                                                         
20002844  FH_txTiming                                                     
2000284c  RFCC26XX_schedulerPolicy                                        
20002854  pinUpperBound                                                   
20002858  pinLowerBound                                                   
20002864  ti_sysbios_family_arm_m3_Hwi_Module__root__V                    
2000286c  ti_sysbios_gates_GateHwi_Module__root__V                        
20002874  ti_sysbios_gates_GateMutexPri_Module__root__V                   
2000287c  ti_sysbios_gates_GateMutex_Module__root__V                      
20002884  ti_sysbios_hal_Hwi_Module__root__V                              
2000288c  ti_sysbios_heaps_HeapCallback_Module__root__V                   
20002894  ti_sysbios_heaps_HeapMem_Module__root__V                        
2000289c  ti_sysbios_knl_Clock_Module__root__V                            
200028a4  ti_sysbios_knl_Event_Module__root__V                            
200028ac  ti_sysbios_knl_Mailbox_Module__root__V                          
200028b4  ti_sysbios_knl_Queue_Module__root__V                            
200028bc  ti_sysbios_knl_Semaphore_Module__root__V                        
200028c4  ti_sysbios_knl_Swi_Module__root__V                              
200028cc  ti_sysbios_knl_Task_Module__root__V                             
200028d9  macAddrSize                                                     
200028dd  CryptoResourceCC26XX_pollingFlag                                
200028e0  macTasksEvents                                                  
200028e4  macTxSlottedDelay                                               
200028e5  bInSwi                                                          
200028e6  macSrcMatchIsEnabled                                            
200028e7  macRadioYielded                                                 
200028e8  main_func_sp                                                    
200028ec  ti_sysbios_family_arm_m3_Hwi_Module_State_0_excContext__A       
200028f0  ti_sysbios_family_arm_m3_Hwi_Module_State_0_excStack__A         
200028f4  ti_sysbios_knl_Task_Module_State_0_idleTask__A                  
200028fa  ti_sysbios_family_arm_m3_Hwi_Module_State_0_excActive__A        
200028fe  macSleepState                                                   
20002900  ti_sysbios_knl_Task_Instance_State_0_stack__A                   
20002b00  uartCC26XXObjects                                               
20002cbc  enhancedAckBuf                                                  
20002eb0  ti_sysbios_family_arm_m3_Hwi_dispatchTable                      
20002f88  LEDObjects                                                      
20003040  FHPIB_db                                                        
200030cc  FH_hnd                                                          
20003154  macPib                                                          
200031dc  pinHandleTable                                                  
20003258  FHNT_tableOpt                                                   
200032d4  macScan                                                         
20003378  ButtonObjects                                                   
200033c8  CryptoResourceCC26XX_accessSemaphore                            
20003418  CryptoResourceCC26XX_operationSemaphore                         
20003468  FHFSM_Dbg                                                       
200034aa  driverlib_release_0_60278                                       
200034ab  macAckTxActive                                                  
200034ac  FHNT_tempTable                                                  
200034b4  FHNT_hnd                                                        
200034ec  macSecurityPib                                                  
20003568  macBeaconCoord                                                  
200035a4  macDeviceAction1                                                
200035dc  macBeaconDevice                                                 
20003610  macMgmtAction1                                                  
20003640  macSrcExtAddrList                                               
20003670  macCoord                                                        
2000369c  macDevice                                                       
200036c8  macRxFilter                                                     
200036c9  rxPromiscuousMode                                               
200036cc  rxSeqNum                                                        
200036d4  macRxDataEntryOffset                                            
200036d8  rxRadioBufferPtr                                                
200036e8  macRxDataEntryQueue                                             
20003750  macBeacon                                                       
200037c4  CryptoResourceCC26XX_hwi                                        
200037e0  macCoordAction2                                                 
200037fc  macReset                                                        
20003818  macSrcShortAddrList                                             
20003834  aesccmCC26XXObjects                                             
2000384c  macScanAction                                                   
2000388c  macDeviceAction2                                                
200038a0  macMgmtAction2                                                  
200038b4  macBeaconDeviceAction                                           
200038c4  macCoordAction3                                                 
200038d4  macData                                                         
200038e4  macDataTxDelay                                                  
2000390c  FH_PibTbl                                                       
20003918  coexMetricsStruct                                               
20003924  macMain                                                         
20003938  macBeaconCoordAction1                                           
20003940  macCoordAction1                                                 
20003948  FHNT_Dbg                                                        
2000394e  macMgmt                                                         
2000394f  macPanCoordinator                                               
20003954  AESCCM_handle                                                   
20003958  FH_test_var                                                     
2000395c  PowerCC26XX_swiKey                                              
20003960  PowerCC26XX_taskKey                                             
20003964  macCryptoDrvTblPtr                                              
20003968  macRxSymbol                                                     
2000396c  macTimerActive                                                  
20003970  nvsCC26XXObjects                                                
20003974  timerAlignedQ                                                   
20003978  timerUnalignedQ                                                 
2000397c  macPhyChannel                                                   
2000397d  macPwr                                                          
2000397e  macRxActive                                                     
2000397f  macRxEnableFlags                                                
20003980  macRxOutgoingAckFlag                                            
20003981  macSymbolTimerImpending                                         
20003982  macTaskId                                                       
20003983  macTxActive                                                     
20003984  macUnitBackoffPeriod                                            
20003985  rxFhRsl                                                         
20003986  heapStart                                                       
20013aa0  __stack                                                         
20013aa0  heapEnd                                                         
20014000  __STACK_END                                                     
20014000  __STACK_TOP                                                     
e000e000  ti_sysbios_family_arm_m3_Hwi_nvic                               
ffffffff  __TI_pprof_out_hndl                                             
ffffffff  __TI_prof_data_size                                             
ffffffff  __TI_prof_data_start                                            
ffffffff  __binit__                                                       
ffffffff  __c_args__                                                      
ffffffff  binit                                                           
UNDEFED   ITM_flush                                                       
UNDEFED   ITM_restore                                                     
UNDEFED   PWM_config                                                      
UNDEFED   PWM_count                                                       
UNDEFED   SHT$$INIT_ARRAY$$Base                                           
UNDEFED   SHT$$INIT_ARRAY$$Limit                                          

[1850 symbols]
