******************************************************************************
                  TI ARM Linker PC v20.2.5                     
******************************************************************************
>> Linked Thu Sep 23 11:10:20 2021

OUTPUT FILE NAME:   <collector_CC1312R1_LAUNCHXL_tirtos_ccs.out>
ENTRY POINT SYMBOL: "ResetISR"  address: 000102b5


MEMORY CONFIGURATION

         name            origin    length      used     unused   attr    fill
----------------------  --------  ---------  --------  --------  ----  --------
  FLASH                 00000000   00056000  0001ce54  000391ac  R  X
  FLASH_LAST            00056000   00002000  00002000  00000000  R  X
  SRAM                  20000000   00014000  00003e1a  000101e6  RW X


SEGMENT ALLOCATION MAP

run origin  load origin   length   init length attrs members
----------  ----------- ---------- ----------- ----- -------
00000000    00000000    00014e58   00014e58    r-x
  00000000    00000000    0000003c   0000003c    r-- .resetVecs
  0000003c    0000003c    00001df0   00001df0    r-- .const
  00001e2c    00001e2c    00012c20   00012c20    r-x .text.1
  00014a50    00014a50    00000408   00000408    r-- .cinit
0004e000    0004e000    00008000   00000000    rw-
  0004e000    0004e000    00008000   00000000    rw- .TI.bound:flashBuf0
00056000    00056000    00002000   00002000    r-x
  00056000    00056000    00001fa8   00001fa8    r-x .text.2
  00057fa8    00057fa8    00000058   00000058    r-- .ccfg
20000100    20000100    000037e6   00000000    rw-
  20000100    20000100    00000004   00000000    rw- .data:xdcRomConstPtr
  20000104    20000104    00000004   00000000    rw- .data:xdcRomExternFuncPtr
  20000108    20000108    00000004   00000000    rw- .data:xdcRomStatePtr
  2000010c    2000010c    00000010   00000000    rw- .data:RAM_MAC_BASE_ADDR
  20000120    20000120    00002740   00000000    rw- .data
  20002860    20002860    00001086   00000000    rw- .bss
20013aa0    20013aa0    00000560   00000000    rw-
  20013aa0    20013aa0    00000560   00000000    rw- .stack


SECTION ALLOCATION MAP

 output                                  attributes/
section   page    origin      length       input sections
--------  ----  ----------  ----------   ----------------
.const     0    0000003c    00001df0     
                  0000003c    00000568     maclib_secure_cc13x2.a : hmac_rom_init.obj (.const:HMAC_ROM_Flash_JT)
                  000005a4    000003b8     app_pem4f.oem4f (.const:ROM_constStruct)
                  0000095c    00000258     maclib_secure_cc13x2.a : fh_rom_init.obj (.const:FH_ROM_Flash_JT)
                  00000bb4    000001fc     rf_multiMode_cc13x2.a : rf_patch_cpe_prop.c.cc13x2.ccs.o (.const:patchImageProp)
                  00000db0    00000100     crc.obj (.const:.string:crc_table$12)
                  00000eb0    000000fa     maclib_secure_cc13x2.a : fh_global.obj (.const:FH_stateMatrix)
                  00000faa    000000f8     mac_cfg.obj (.const:macPibTbl)
                  000010a2    00000002     ti_drivers_config.obj (.const:ButtonHWAttrs)
                  000010a4    000000cc     maclib_secure_cc13x2.a : lmac_rom_init.obj (.const:LMAC_ROM_Flash_JT)
                  00001170    000000ac     ti_radio_config.obj (.const:$O2$$)
                  0000121c    0000008c     mac_cfg.obj (.const:FHPIB_defaults)
                  000012a8    00000088     mac_cfg.obj (.const:macPibDefaults)
                  00001330    00000084     drivers_cc13x2.a : Random.oem4f (.const:$P$T0$1)
                  000013b4    00000078     cllc.obj (.const:$O6$$)
                  0000142c    00000072     maclib_secure_cc13x2.a : hmac_global.obj (.const:macAssociatingSt)
                  0000149e    00000072                            : hmac_global.obj (.const:macIdleSt)
                  00001510    00000072                            : hmac_global.obj (.const:macPollingSt)
                  00001582    00000072                            : hmac_global.obj (.const:macScanningSt)
                  000015f4    00000072                            : hmac_global.obj (.const:macStartingSt)
                  00001666    00000002     cllc.obj (.const:keyUsageList$4)
                  00001668    0000006c     maclib_secure_cc13x2.a : icall_osal_rom_init.obj (.const:ICALL_OSAL_ROM_Flash_JT)
                  000016d4    0000006c     mac_user_config.obj (.const:macRfDriverTable)
                  00001740    00000058     mac_cfg.obj (.const:macSecurityPibTbl)
                  00001798    00000054     drivers_cc13x2.a : PowerCC26X2.oem4f (.const:resourceDB)
                  000017ec    00000050     mac_cfg.obj (.const:macMRFSKStdPhyTable)
                  0000183c    00000048     app_pem4f.oem4f (.const:.string)
                  00001884    00000048     app_pem4f.oem4f (.const:ROM_externFuncPtrs)
                  000018cc    00000040     mac_user_config.obj (.const:macCryptoDriverTable)
                  0000190c    00000040     maclib_secure_cc13x2.a : hmac_global.obj (.const:macTimerRolloverValue)
                  0000194c    00000038     ti_drivers_config.obj (.const:$O1$$)
                  00001984    00000038     maclib_secure_cc13x2.a : hmac_global.obj (.const:macCmdIncludeFHIe)
                  000019bc    00000028     drivers_cc13x2.a : NVSCC26XX.oem4f (.const:NVSCC26XX_fxnTable)
                  000019e4    00000028                      : UARTCC26XX.oem4f (.const:UARTCC26XX_fxnTable)
                  00001a0c    00000028     app_pem4f.oem4f (.const:ti_sysbios_heaps_HeapCallback_Module__FXNS__C)
                  00001a34    00000028     ti_drivers_config.obj (.const:uartCC26XXHWAttrs)
                  00001a5c    00000028     app_pem4f.oem4f (.const:xdc_runtime_Startup_sfxnTab__A)
                  00001a84    00000024     drivers_cc13x2.a : UART.oem4f (.const:UART_defaultParams)
                  00001aa8    00000024     app_pem4f.oem4f (.const:ti_sysbios_gates_GateMutexPri_Module__FXNS__C)
                  00001acc    00000020     mac_user_config.obj (.const:$P$T0$1$11)
                  00001aec    00000020     rf_multiMode_cc13x2.a : RFCC26X2_multiMode.c.cc13x2.ccs.o (.const:RF_defaultParams)
                  00001b0c    00000020     cllc.obj (.const:keyDeviceList$4)
                  00001b2c    00000020     app_pem4f.oem4f (.const:ti_sysbios_gates_GateMutexPri_Object__DESC__C)
                  00001b4c    00000020     app_pem4f.oem4f (.const:ti_sysbios_heaps_HeapCallback_Object__DESC__C)
                  00001b6c    0000001c     app_pem4f.oem4f (.const:ti_sysbios_heaps_HeapCallback_Object__PARAMS__C)
                  00001b88    00000018     drivers_cc13x2.a : PWM.oem4f (.const:PWM_defaultParams)
                  00001ba0    00000018                      : GPIOCC26XX.oem4f (.const:interruptType)
                  00001bb8    00000018     maclib_secure_cc13x2.a : hmac_global.obj (.const:macSendMsgBufSize)
                  00001bd0    00000018     app_pem4f.oem4f (.const:ti_sysbios_gates_GateMutexPri_Object__PARAMS__C)
                  00001be8    00000014     ti_drivers_config.obj (.const:GPIOCC26XX_config)
                  00001bfc    00000014     ti_drivers_config.obj (.const:PowerCC26X2_config)
                  00001c10    00000014     drivers_cc13x2.a : TRNG.oem4f (.const:TRNG_defaultParams)
                  00001c24    00000014                      : UARTCC26XX.oem4f (.const:parityType)
                  00001c38    00000014     app_pem4f.oem4f (.const:xdc_runtime_Startup_sfxnRts__A)
                  00001c4c    00000013     macTask.obj (.const:.string:msacbackSizeTable)
                  00001c5f    00000011     ti_drivers_config.obj (.const)
                  00001c70    00000010     drivers_cc13x2.a : AESCCM.oem4f (.const:AESCCM_defaultParams)
                  00001c80    00000010     ti_drivers_config.obj (.const:Button_config)
                  00001c90    00000010     drivers_cc13x2.a : Button.oem4f (.const:Button_defaultParams)
                  00001ca0    00000010     ti_drivers_config.obj (.const:LED_config)
                  00001cb0    00000010     drivers_cc13x2.a : UARTCC26XX.oem4f (.const:dataLength)
                  00001cc0    00000010     maclib_secure_cc13x2.a : hmac_global.obj (.const:macIEEEPhyTable)
                  00001cd0    00000010     drivers_cc13x2.a : GPIOCC26XX.oem4f (.const:outPinTypes)
                  00001ce0    0000000e     maclib_secure_cc13x2.a : hmac_global.obj (.const:.string:macCmdBufSize)
                  00001cee    0000000e                            : hmac_global.obj (.const:.string:macTxFrameFailed)
                  00001cfc    0000000e                            : hmac_global.obj (.const:.string:macTxFrameSuccess)
                  00001d0a    00000001     ti_drivers_config.obj (.const:aesccmCC26XXHWAttrs)
                  00001d0b    00000001     app_pem4f.oem4f (.const:xdc_runtime_Text_charTab__A)
                  00001d0c    0000000c     drivers_cc13x2.a : Random.oem4f (.const:$P$T1$2)
                  00001d18    0000000c     maclib_secure_cc13x2.a : hmac_global.obj (.const:.string:macCbackEventTbl)
                  00001d24    0000000c                            : hmac_global.obj (.const:.string:macSendMsgDataSize)
                  00001d30    0000000c     ti_drivers_config.obj (.const:NVS_config)
                  00001d3c    0000000c     ti_drivers_config.obj (.const:RFCC26XX_hwAttrs)
                  00001d48    0000000c     ti_drivers_config.obj (.const:UART_config)
                  00001d54    0000000c     drivers_cc13x2.a : GPIOCC26XX.oem4f (.const:inPinTypes)
                  00001d60    0000000c                      : GPIOCC26XX.oem4f (.const:outPinStrengths)
                  00001d6c    0000000c     app_pem4f.oem4f (.const:xdc_runtime_Startup_firstFxns__A)
                  00001d78    00000009     maclib_secure_cc13x2.a : hmac_global.obj (.const:.string:macCmdLen)
                  00001d81    00000003     --HOLE-- [fill = 0]
                  00001d84    00000008                            : mac_rx.obj (.const:$O19$$)
                  00001d8c    00000008     driverlib.lib : aux_sysif.obj (.const:$O28$$)
                  00001d94    00000008     main.obj (.const:.string:dummyExtAddr$6)
                  00001d9c    00000008     maclib_secure_cc13x2.a : fh_global.obj (.const:.string:fhSupFrameTypes)
                  00001da4    00000008                            : hmac_global.obj (.const:.string:macAuthTagLen)
                  00001dac    00000008     ti_drivers_config.obj (.const:AESCCM_config)
                  00001db4    00000008     drivers_cc13x2.a : LED.oem4f (.const:LED_defaultParams)
                  00001dbc    00000008     ti_drivers_config.obj (.const:PINCC26XX_hwAttrs)
                  00001dc4    00000008     ti_drivers_config.obj (.const:nvsCC26XXHWAttrs)
                  00001dcc    00000008     drivers_cc13x2.a : UARTCC26XX.oem4f (.const:stopBits)
                  00001dd4    00000008     app_pem4f.oem4f (.const:ti_sysbios_family_arm_m3_Hwi_excHookFuncs__A)
                  00001ddc    00000006     drivers_cc13x2.a : UARTCC26XX.oem4f (.const:.string:rxFifoBytes)
                  00001de2    00000006                      : UARTCC26XX.oem4f (.const:.string:rxFifoThreshold)
                  00001de8    00000006                      : UARTCC26XX.oem4f (.const:.string:txFifoBytes)
                  00001dee    00000006                      : UARTCC26XX.oem4f (.const:.string:txFifoThreshold)
                  00001df4    00000004     maclib_secure_cc13x2.a : hmac_global.obj (.const:.string:macKeySourceLen)
                  00001df8    00000004     ti_drivers_config.obj (.const:LEDHWAttrs)
                  00001dfc    00000004     drivers_cc13x2.a : NVS.oem4f (.const:NVS_defaultParams)
                  00001e00    00000004     app_pem4f.oem4f (.const:ti_sysbios_gates_GateMutexPri_Instance_State_pendQ__O)
                  00001e04    00000004     app_pem4f.oem4f (.const:ti_sysbios_heaps_HeapCallback_Object__count__C)
                  00001e08    00000004     app_pem4f.oem4f (.const:ti_sysbios_heaps_HeapCallback_allocInstFxn__C)
                  00001e0c    00000004     app_pem4f.oem4f (.const:ti_sysbios_heaps_HeapCallback_createInstFxn__C)
                  00001e10    00000004     app_pem4f.oem4f (.const:ti_sysbios_heaps_HeapCallback_deleteInstFxn__C)
                  00001e14    00000004     app_pem4f.oem4f (.const:ti_sysbios_heaps_HeapCallback_freeInstFxn__C)
                  00001e18    00000004     app_pem4f.oem4f (.const:ti_sysbios_heaps_HeapCallback_getStatsInstFxn__C)
                  00001e1c    00000004     app_pem4f.oem4f (.const:ti_sysbios_heaps_HeapCallback_initInstFxn__C)
                  00001e20    00000004     app_pem4f.oem4f (.const:ti_sysbios_heaps_HeapCallback_isBlockingInstFxn__C)
                  00001e24    00000004     app_pem4f.oem4f (.const:ti_sysbios_knl_Clock_tickPeriod__C)
                  00001e28    00000004     app_pem4f.oem4f (.const:ti_sysbios_knl_Idle_funcList__A)

.cinit     0    00014a50    00000408     
                  00014a50    000003a0     (.cinit..data.load) [load image, compression = lzss]
                  00014df0    0000000c     (__TI_handler_table)
                  00014dfc    00000004     --HOLE-- [fill = 0]
                  00014e00    00000008     (.cinit..bss.load) [load image, compression = zero_init]
                  00014e08    00000008     (.cinit..data:RAM_MAC_BASE_ADDR.load) [load image, compression = zero_init]
                  00014e10    00000008     (.cinit..data:xdcRomConstPtr.load) [load image, compression = lzss]
                  00014e18    00000008     (.cinit..data:xdcRomExternFuncPtr.load) [load image, compression = lzss]
                  00014e20    00000008     (.cinit..data:xdcRomStatePtr.load) [load image, compression = lzss]
                  00014e28    00000030     (__TI_cinit_table)

.init_array 
*          0    00000000    00000000     UNINITIALIZED

.TI.bound:flashBuf0 
*          0    0004e000    00008000     UNINITIALIZED
                  0004e000    00008000     ti_drivers_config.obj (.TI.bound:flashBuf0)

.ccfg      0    00057fa8    00000058     
                  00057fa8    00000058     ti_devices_config.obj (.ccfg:retain)

.data:xdcRomConstPtr 
*          0    20000100    00000004     UNINITIALIZED
                  20000100    00000004     app_pem4f.oem4f (.data:xdcRomConstPtr)

.data:xdcRomExternFuncPtr 
*          0    20000104    00000004     UNINITIALIZED
                  20000104    00000004     app_pem4f.oem4f (.data:xdcRomExternFuncPtr)

.data:xdcRomStatePtr 
*          0    20000108    00000004     UNINITIALIZED
                  20000108    00000004     app_pem4f.oem4f (.data:xdcRomStatePtr)

.data      0    20000120    00002740     UNINITIALIZED
                  20000120    000008c4     macTask.obj (.data:$O11$$)
                  200009e4    000006c4     main.obj (.data:$O9$$)
                  200010a8    00000508     rf_multiMode_cc13x2.a : RFCC26X2_multiMode.c.cc13x2.ccs.o (.data:$O1$$)
                  200015b0    00000338     cllc.obj (.data:$O5$$)
                  200018e8    000001b0     mac_settings.obj (.data:$O12$$)
                  20001a98    0000018c     maclib_osal_tirtos_cc13x2_26x2.a : osal_port.obj (.data:$O24$$)
                  20001c24    00000170     drivers_cc13x2.a : PowerCC26X2.oem4f (.data:PowerCC26X2_module)
                  20001d94    00000144     csf.obj (.data:$O4$$)
                  20001ed8    0000010c     app_pem4f.oem4f (.data:ROM_stateStruct)
                  20001fe4    000000e0     collector.obj (.data:$O3$$)
                  200020c4    000000a0     mac_cfg.obj (.data:macMRFSKGenPhyTable)
                  20002164    00000078     nvocmp.obj (.data:$O13$$)
                  200021dc    00000074     ti_radio_config.obj (.data:$O1$$)
                  20002250    0000006c     maclib_secure_cc13x2.a : hmac_global.obj (.data:fhObject)
                  200022bc    00000004                            : mac_autopend.obj (.data:$O16$$)
                  200022c0    00000060                            : mac.obj (.data:$O15$$)
                  20002320    00000054                            : fh_global.obj (.data:FHIE_channelPlan)
                  20002374    0000004c     app_pem4f.oem4f (.data:ti_sysbios_knl_Task_Object__table__V)
                  200023c0    00000048     app_pem4f.oem4f (.data:ti_sysbios_family_arm_cc26xx_Timer_Object__table__V)
                  20002408    00000040     maclib_secure_cc13x2.a : mac_radio.obj (.data:$O17$$)
                  20002448    00000038     app_pem4f.oem4f (.data:ti_sysbios_gates_GateMutex_Object__table__V)
                  20002480    00000034     api_mac.obj (.data:$O10$$)
                  200024b4    00000034     maclib_secure_cc13x2.a : hmac_global.obj (.data:macBeaconPayload)
                  200024e8    00000030                            : hmac_global.obj (.data)
                  20002518    00000030     app_pem4f.oem4f (.data:ti_sysbios_knl_Swi_Module_State_0_readyQ__A)
                  20002548    00000030     app_pem4f.oem4f (.data:ti_sysbios_knl_Swi_Object__table__V)
                  20002578    00000030     app_pem4f.oem4f (.data:ti_sysbios_knl_Task_Module_State_0_readyQ__A)
                  200025a8    00000028     maclib_secure_cc13x2.a : mac_symbol_timer.obj (.data:$O20$$)
                  200025d0    00000028     ti_radio_config.obj (.data:pOverrides_2gfsk50kbps154g)
                  200025f8    00000024     maclib_secure_cc13x2.a : mac_tx.obj (.data:$O21$$)
                  2000261c    00000024     driverlib.lib : osc.obj (.data:$O26$$)
                  20002640    00000024     maclib_secure_cc13x2.a : hmac_global.obj (.data:macActionSet)
                  20002664    00000004     drivers_cc13x2.a : GPIOCC26XX.oem4f (.data:gpioPinTable)
                  20002668    00000020                      : TRNGCC26XX.oem4f (.data:entropyPoolBuffer)
                  20002688    00000020     mac_cfg.obj (.data:macBeaconMargin)
                  200026a8    00000020     app_pem4f.oem4f (.data:ti_sysbios_knl_Clock_Object__table__V)
                  200026c8    00000020     app_pem4f.oem4f (.data:xdc_runtime_Error_IgnoreBlock)
                  200026e8    00000018     app_pem4f.oem4f (.data:ti_sysbios_family_arm_m3_Hwi_Object__table__V)
                  20002700    00000014     maclib_secure_cc13x2.a : mac_radio_tx.obj (.data:$O22$$)
                  20002714    00000014                            : hmac_global.obj (.data:macStateTbl)
                  20002728    00000010     maclib_osal_tirtos_cc13x2_26x2.a : osal_port_timers.obj (.data:$O25$$)
                  20002738    00000010     ti_drivers_config.obj (.data:gpioCallbackFunctions)
                  20002748    00000010     ti_drivers_config.obj (.data:gpioPinConfigs)
                  20002758    00000010     mac_cfg.obj (.data:macCfg)
                  20002768    0000000f     maclib_secure_cc13x2.a : mac.obj (.data)
                  20002777    00000001     drivers_cc13x2.a : AESCCMCC26XX.oem4f (.data)
                  20002778    0000000c     maclib_secure_cc13x2.a : mac_hl_patch.obj (.data:$O14$$)
                  20002784    0000000c                            : fh_global.obj (.data:FH_FSM)
                  20002790    0000000c     app_pem4f.oem4f (.data:ti_sysbios_heaps_HeapCallback_Object__table__V)
                  2000279c    00000008     rtsv7M4_T_le_v4SPD16_eabi.lib : _lock.c.obj (.data:$O29$$)
                  200027a4    00000008     maclib_secure_cc13x2.a : fh_global.obj (.data:FH_txTiming)
                  200027ac    00000008     rf_multiMode_cc13x2.a : RFCC26X2_multiMode.c.cc13x2.ccs.o (.data:RFCC26XX_schedulerPolicy)
                  200027b4    00000008     drivers_cc13x2.a : PINCC26XX.oem4f (.data)
                  200027bc    00000008                      : TRNGCC26XX.oem4f (.data:jobList)
                  200027c4    00000008     app_pem4f.oem4f (.data:ti_sysbios_family_arm_m3_Hwi_Module__root__V)
                  200027cc    00000008     app_pem4f.oem4f (.data:ti_sysbios_gates_GateHwi_Module__root__V)
                  200027d4    00000008     app_pem4f.oem4f (.data:ti_sysbios_gates_GateMutexPri_Module__root__V)
                  200027dc    00000008     app_pem4f.oem4f (.data:ti_sysbios_gates_GateMutex_Module__root__V)
                  200027e4    00000008     app_pem4f.oem4f (.data:ti_sysbios_hal_Hwi_Module__root__V)
                  200027ec    00000008     app_pem4f.oem4f (.data:ti_sysbios_heaps_HeapCallback_Module__root__V)
                  200027f4    00000008     app_pem4f.oem4f (.data:ti_sysbios_heaps_HeapMem_Module__root__V)
                  200027fc    00000008     app_pem4f.oem4f (.data:ti_sysbios_knl_Clock_Module__root__V)
                  20002804    00000008     app_pem4f.oem4f (.data:ti_sysbios_knl_Event_Module__root__V)
                  2000280c    00000008     app_pem4f.oem4f (.data:ti_sysbios_knl_Mailbox_Module__root__V)
                  20002814    00000008     app_pem4f.oem4f (.data:ti_sysbios_knl_Queue_Module__root__V)
                  2000281c    00000008     app_pem4f.oem4f (.data:ti_sysbios_knl_Semaphore_Module__root__V)
                  20002824    00000008     app_pem4f.oem4f (.data:ti_sysbios_knl_Swi_Module__root__V)
                  2000282c    00000008     app_pem4f.oem4f (.data:ti_sysbios_knl_Task_Module__root__V)
                  20002834    00000005     drivers_cc13x2.a : GPIOCC26XX.oem4f (.data)
                  20002839    00000004     maclib_secure_cc13x2.a : fh_global.obj (.data:macAddrSize)
                  2000283d    00000002     drivers_cc13x2.a : CryptoResourceCC26XX.oem4f (.data)
                  2000283f    00000001                      : NVS.oem4f (.data)
                  20002840    00000004     maclib_osal_tirtos_cc13x2_26x2.a : osal_port.obj (.data)
                  20002844    00000004     maclib_secure_cc13x2.a : lmac_global.obj (.data)
                  20002848    00000004     rtsv7M4_T_le_v4SPD16_eabi.lib : stkdepth_vars.c.obj (.data)
                  2000284c    00000004     app_pem4f.oem4f (.data:ti_sysbios_family_arm_m3_Hwi_Module_State_0_excContext__A)
                  20002850    00000004     app_pem4f.oem4f (.data:ti_sysbios_family_arm_m3_Hwi_Module_State_0_excStack__A)
                  20002854    00000004     app_pem4f.oem4f (.data:ti_sysbios_knl_Task_Module_State_0_idleTask__A)
                  20002858    00000002     drivers_cc13x2.a : TRNGCC26XX.oem4f (.data)
                  2000285a    00000002     app_pem4f.oem4f (.data:ti_sysbios_family_arm_m3_Hwi_Module_State_0_excActive__A)
                  2000285c    00000001     drivers_cc13x2.a : PWM.oem4f (.data)
                  2000285d    00000001                      : UART.oem4f (.data)
                  2000285e    00000001     maclib_secure_cc13x2.a : mac_sleep.obj (.data)
                  2000285f    00000001     rf_multiMode_cc13x2.a : rf_patch_cpe_prop.c.cc13x2.ccs.o (.data)

.bss       0    20002860    00001086     UNINITIALIZED
                  20002860    00000200     app_pem4f.oem4f (.bss:taskStackSection)
                  20002a60    000001bc     (.common:uartCC26XXObjects)
                  20002c1c    000000fc     (.common:enhancedAckBuf)
                  20002d18    000000f8     maclib_secure_cc13x2.a : mac_radio.obj (.bss:RF_object$19)
                  20002e10    000000d8     (.common:ti_sysbios_family_arm_m3_Hwi_dispatchTable)
                  20002ee8    000000b8     (.common:LEDObjects)
                  20002fa0    0000008c     (.common:FHPIB_db)
                  2000302c    00000088     (.common:FH_hnd)
                  200030b4    00000088     (.common:macPib)
                  2000313c    0000007c     (.common:pinHandleTable)
                  200031b8    0000007a     (.common:FHNT_tableOpt)
                  20003232    00000001                            : mac_tx.obj (.bss)
                  20003233    00000001     rf_multiMode_cc13x2.a : RFCC26X2_multiMode.c.cc13x2.ccs.o (.bss)
                  20003234    00000054     (.common:macScan)
                  20003288    00000050     drivers_cc13x2.a : PINCC26XX.oem4f (.bss:pinSemaphore)
                  200032d8    00000050     (.common:ButtonObjects)
                  20003328    00000050     (.common:CryptoResourceCC26XX_accessSemaphore)
                  20003378    00000050     (.common:CryptoResourceCC26XX_operationSemaphore)
                  200033c8    00000042     (.common:FHFSM_Dbg)
                  2000340a    00000001     (.common:driverlib_release_0_60278)
                  2000340b    00000001     (.common:macAckTxActive)
                  2000340c    00000040     maclib_secure_cc13x2.a : fh_global.obj (.bss:$O23$$)
                  2000344c    00000040     (.common:macSecurityPib)
                  2000348c    0000003c     drivers_cc13x2.a : PINCC26XX.oem4f (.bss:pinSwi)
                  200034c8    0000003c     (.common:macBeaconCoord)
                  20003504    00000038     (.common:macDeviceAction1)
                  2000353c    00000034     (.common:macBeaconDevice)
                  20003570    00000030     (.common:macMgmtAction1)
                  200035a0    00000030     (.common:macSrcExtAddrList)
                  200035d0    0000002c     (.common:macCoord)
                  200035fc    0000002c     (.common:macDevice)
                  20003628    00000028     maclib_secure_cc13x2.a : mac_rx.obj (.bss:$O18$$)
                  20003650    00000020     drivers_cc13x2.a : GPIOCC26XX.oem4f (.bss:gpioCallbackInfo)
                  20003670    00000020                      : PINCC26XX.oem4f (.bss:pinGpioConfigTable)
                  20003690    00000020     ti_drivers_config.obj (.bss:uartCC26XXRingBuffer0)
                  200036b0    00000020     (.common:macBeacon)
                  200036d0    0000001c     drivers_cc13x2.a : TRNGCC26XX.oem4f (.bss:TRNGCC26XX_hwi)
                  200036ec    0000001c                      : TRNGCC26XX.oem4f (.bss:entropyPool)
                  20003708    0000001c                      : PINCC26XX.oem4f (.bss:pinHwi)
                  20003724    0000001c     (.common:CryptoResourceCC26XX_hwi)
                  20003740    0000001c     (.common:macCoordAction2)
                  2000375c    0000001c     (.common:macReset)
                  20003778    0000001c     (.common:macSrcShortAddrList)
                  20003794    00000018     (.common:aesccmCC26XXObjects)
                  200037ac    00000018     (.common:macScanAction)
                  200037c4    00000014     rf_multiMode_cc13x2.a : RFCC26X2_multiMode.c.cc13x2.ccs.o (.bss:RF_ratSyncCmd)
                  200037d8    00000014     drivers_cc13x2.a : Random.oem4f (.bss:state)
                  200037ec    00000014     (.common:macDeviceAction2)
                  20003800    00000014     (.common:macMgmtAction2)
                  20003814    00000010     (.common:macBeaconDeviceAction)
                  20003824    00000010     (.common:macCoordAction3)
                  20003834    00000010     (.common:macData)
                  20003844    00000010     (.common:macDataTxDelay)
                  20003854    0000000c                      : NVSCC26XX.oem4f (.bss)
                  20003860    0000000c                      : GPIOCC26XX.oem4f (.bss:gpioPinState)
                  2000386c    0000000c     (.common:FH_PibTbl)
                  20003878    0000000c     (.common:coexMetricsStruct)
                  20003884    0000000c     (.common:macMain)
                  20003890    00000008                      : GPIOCC26XX.oem4f (.bss)
                  20003898    00000008     (.common:macBeaconCoordAction1)
                  200038a0    00000008     (.common:macCoordAction1)
                  200038a8    00000006     (.common:FHNT_Dbg)
                  200038ae    00000001     (.common:macMgmt)
                  200038af    00000001     (.common:macPanCoordinator)
                  200038b0    00000004                      : PINCC26XX.oem4f (.bss)
                  200038b4    00000004     (.common:AESCCM_handle)
                  200038b8    00000004     (.common:FH_test_var)
                  200038bc    00000004     (.common:PowerCC26XX_swiKey)
                  200038c0    00000004     (.common:PowerCC26XX_taskKey)
                  200038c4    00000004     (.common:macCryptoDrvTblPtr)
                  200038c8    00000004     (.common:macRxSymbol)
                  200038cc    00000004     (.common:macTimerActive)
                  200038d0    00000004     (.common:nvsCC26XXObjects)
                  200038d4    00000004     (.common:timerAlignedQ)
                  200038d8    00000004     (.common:timerUnalignedQ)
                  200038dc    00000001     (.common:macPhyChannel)
                  200038dd    00000001     (.common:macPwr)
                  200038de    00000001     (.common:macRxActive)
                  200038df    00000001     (.common:macRxEnableFlags)
                  200038e0    00000001     (.common:macRxOutgoingAckFlag)
                  200038e1    00000001     (.common:macSymbolTimerImpending)
                  200038e2    00000001     (.common:macTaskId)
                  200038e3    00000001     (.common:macTxActive)
                  200038e4    00000001     (.common:macUnitBackoffPeriod)
                  200038e5    00000001     (.common:rxFhRsl)

.vtable    0    200038e6    00000000     UNINITIALIZED

.vtable_ram 
*          0    200038e6    00000000     UNINITIALIZED

vtable_ram 
*          0    200038e6    00000000     UNINITIALIZED

.sysmem    0    200038e6    00000000     UNINITIALIZED

.nonretenvar 
*          0    200038e6    00000000     UNINITIALIZED

.stack     0    20013aa0    00000560     UNINITIALIZED
                  20013aa0    00000560     --HOLE--

.bootVecs 
*          0    00000000    00000008     DSECT
                  00000000    00000008     boot.aem4f : boot.oem4f (.bootVecs)

.resetVecs 
*          0    00000000    0000003c     
                  00000000    0000003c     app_pem4f.oem4f (.resetVecs)

.vecs      0    20000000    000000d8     NOLOAD SECTION
                  20000000    000000d8     app_pem4f.oem4f (.vecs)

xdc.meta   0    00000000    000000fe     COPY SECTION
                  00000000    000000fe     app_pem4f.oem4f (xdc.meta)

xdc.noload 
*          0    00000000    00000000     COPY SECTION

.data:RAM_MAC_BASE_ADDR 
*          0    2000010c    00000010     UNINITIALIZED
                  2000010c    00000010     maclib_secure_cc13x2.a : rom_init_154.obj (.data:RAM_MAC_BASE_ADDR)

.text.1    0    00001e2c    00012c20     
                  00001e2c    00000420     main.obj (.text:appTaskFxn)
                  0000224c    00000408     maclib_secure_cc13x2.a : mac.obj (.text:macRxCb)
                  00002654    00000378     api_mac.obj (.text:processIncomingICallMsg$7)
                  000029cc    00000354     maclib_secure_cc13x2.a : mac_rx.obj (.text:rxPayloadIsr$20)
                  00002d20    0000034c                            : mac_radio_tx.obj (.text:macRadioCsmaTxCb)
                  0000306c    00000338     mac_user_config.obj (.text:rfSelect)
                  000033a4    000002c0     nvocmp.obj (.text:NVOCMP_compactPage$13)
                  00003664    00000298     rf_multiMode_cc13x2.a : RFCC26X2_multiMode.c.cc13x2.ccs.o (.text:RF_open)
                  000038fc    00000294     maclib_secure_cc13x2.a : mac_tx.obj (.text:macTxFrame)
                  00003b90    00000290     collector.obj (.text:processSensorData$2)
                  00003e20    00000274     nvocmp.obj (.text:NVOCMP_compact$13)
                  00004094    00000270     maclib_secure_cc13x2.a : mac_pwr.obj (.text:macPwrVote)
                  00004304    0000025c                            : mac_tx.obj (.text:txCsmaPrep$23)
                  00004560    00000254                            : mac_radio.obj (.text:macRadioInitSubG)
                  000047b4    0000021c                            : mac.obj (.text:macSendReceiveCmdIeee)
                  000049d0    00000214                            : mac.obj (.text:macSendReceiveCmdSubG)
                  00004be4    00000210     rf_multiMode_cc13x2.a : RFCC26X2_multiMode.c.cc13x2.ccs.o (.text:RF_scheduleCmd)
                  00004df4    00000208     nvocmp.obj (.text:NVOCMP_addItem$13)
                  00004ffc    000001f4     drivers_cc13x2.a : PINCC26XX.oem4f (.text:PIN_init)
                  000051f0    000001e0     maclib_secure_cc13x2.a : mac_hl_patch.obj (.text:macWrapperAddKeyInitFCtr)
                  000053d0    000001dc     rf_multiMode_cc13x2.a : RFCC26X2_multiMode.c.cc13x2.ccs.o (.text:RF_dispatchNextCmd)
                  000055ac    000001c8     maclib_secure_cc13x2.a : mac_radio_tx.obj (.text:macRadioTxAck$27)
                  00005774    000001ac                            : mac_hl_patch.obj (.text:macRxBeaconCritical)
                  00005920    000001a4                            : mac_hl_patch.obj (.text:macWrapperDeleteKeyAndAssociatedDevices)
                  00005ac4    0000019c                            : mac_hl_patch.obj (.text:macIncomingFrameSecurityMaterialRetrieval)
                  00005c60    00000198     drivers_cc13x2.a : PowerCC26X2.oem4f (.text:Power_sleep)
                  00005df8    00000198     maclib_secure_cc13x2.a : mac_hl_patch.obj (.text:macWrapperDeleteDevice)
                  00005f90    00000190     drivers_cc13x2.a : PowerCC26X2_calibrateRCOSC.oem4f (.text:calibrateRcoscHf1)
                  00006120    0000018c     maclib_secure_cc13x2.a : mac_hl_patch.obj (.text:macIncomingFrameSecurity)
                  000062ac    0000018c     drivers_cc13x2.a : PowerCC26X2_calibrateRCOSC.oem4f (.text:runCalibrateFsm)
                  00006438    00000188     maclib_secure_cc13x2.a : mac_radio_tx.obj (.text:macRadioTxGoIeee$27)
                  000065c0    00000186     drivers_cc13x2.a : Button.oem4f (.text:Button_clockTimeoutHandler)
                  00006746    00000002     ti_drivers_config.obj (.text:Board_initHook)
                  00006748    00000174     drivers_cc13x2.a : PowerCC26X2.oem4f (.text:Power_init)
                  000068bc    00000164                      : UARTCC26XX.oem4f (.text:UARTCC26XX_open)
                  00006a20    00000164     maclib_secure_cc13x2.a : mac_radio_tx.obj (.text:macRadioTxPrepCsmaUnslotted)
                  00006b84    00000164                            : mac_hl_patch.obj (.text:macWrapperDeleteAllDevices)
                  00006ce8    00000164                            : mac_tx.obj (.text:txCsmaDelay)
                  00006e4c    0000015c                            : mac_hl_patch.obj (.text:macScanNextChan)
                  00006fa8    00000158     driverlib.lib : sys_ctrl.obj (.text:NOROM_SysCtrlStandby)
                  00007100    00000154     nvocmp.obj (.text:NVOCMP_findItem$13)
                  00007254    00000154     rf_multiMode_cc13x2.a : RFCC26X2_multiMode.c.cc13x2.ccs.o (.text:RF_radioOpDoneCb)
                  000073a8    00000154     drivers_cc13x2.a : UARTCC26XX.oem4f (.text:UARTCC26XX_hwiIntFxn)
                  000074fc    00000154     collector.obj (.text:dataCnfCB$2)
                  00007650    00000148     rf_multiMode_cc13x2.a : RFCC26X2_multiMode.c.cc13x2.ccs.o (.text:RF_fsmSetupState)
                  00007798    00000148     maclib_secure_cc13x2.a : mac_radio_tx.obj (.text:macRadioLbtTxCb)
                  000078e0    0000013c     drivers_cc13x2.a : AESCCMCC26XX.oem4f (.text:AESCCM_startOperation)
                  00007a1c    0000013a                      : UARTCC26XX.oem4f (.text:UARTCC26XX_read)
                  00007b56    00000002     rf_multiMode_cc13x2.a : rfc.c.cc13x2.ccs.o (.text:NOROM_RFCCpePatchReset)
                  00007b58    00000138     drivers_cc13x2.a : NVSCC26XX.oem4f (.text:NVSCC26XX_write)
                  00007c90    00000138     rf_multiMode_cc13x2.a : RFCC26X2_multiMode.c.cc13x2.ccs.o (.text:RF_abortCmd)
                  00007dc8    00000138                           : RFCC26X2_multiMode.c.cc13x2.ccs.o (.text:RF_ratSetupChannel)
                  00007f00    00000138     maclib_secure_cc13x2.a : mac_hl_patch.obj (.text:macBuildDataFrame)
                  00008038    00000120     rf_multiMode_cc13x2.a : RFCC26X2_multiMode.c.cc13x2.ccs.o (.text:RF_close)
                  00008158    00000120     drivers_cc13x2.a : PowerCC26X2.oem4f (.text:configureXOSCHF)
                  00008278    00000118     collector.obj (.text:Collector_init)
                  00008390    00000118     maclib_secure_cc13x2.a : mac_low_level.obj (.text:macLowLevelBufferInit)
                  000084a8    00000118                            : mac.obj (.text:macSetupRATChanCompare)
                  000085c0    00000114     macTask.obj (.text:MAC_CbackEvent)
                  000086d4    00000114     drivers_cc13x2.a : PINCC26XX.oem4f (.text:PINCC26XX_setIoCfg)
                  000087e8    00000110                      : GPIOCC26XX.oem4f (.text:GPIO_setConfig)
                  000088f8    00000110                      : LED.oem4f (.text:LED_open)
                  00008a08    00000110     collector.obj (.text:dataIndCB$2)
                  00008b18    00000106     app_pem4f.oem4f (.text:xdc_runtime_System_printfExtend__I)
                  00008c1e    00000002     rf_multiMode_cc13x2.a : RFCC26X2_multiMode.c.cc13x2.ccs.o (.text:RF_defaultCallback)
                  00008c20    00000104                           : RFCC26X2_multiMode.c.cc13x2.ccs.o (.text:RF_hwiCpe0Active)
                  00008d24    000000fc                           : RFCC26X2_multiMode.c.cc13x2.ccs.o (.text:RF_decodeOverridePointers)
                  00008e20    000000fc     maclib_secure_cc13x2.a : mac_hl_patch.obj (.text:macOutgoingFrameKeyDescRetrieval)
                  00008f1c    000000f8     csf.obj (.text:Csf_init)
                  00009014    000000f0     rf_multiMode_cc13x2.a : RFCC26X2_multiMode.c.cc13x2.ccs.o (.text:RF_fsmPowerUpState)
                  00009104    000000ec     nvocmp.obj (.text:NVOCMP_cleanPage$13)
                  000091f0    000000e8     drivers_cc13x2.a : Button.oem4f (.text:Button_open)
                  000092d8    000000e8     maclib_secure_cc13x2.a : mac.obj (.text:macSetupReceiveCmd)
                  000093c0    000000e4                            : mac_hl_patch.obj (.text:macOutgoingFrameSecurity)
                  000094a4    000000e4                            : mac_hl_patch.obj (.text:macScanRxCoordRealign)
                  00009588    000000e4                            : mac_tx.obj (.text:macTxChannelBusyCallback)
                  0000966c    000000e0     drivers_cc13x2.a : UARTCC26XX.oem4f (.text:UARTCC26XX_write)
                  0000974c    000000e0     maclib_secure_cc13x2.a : mac_rx.obj (.text:rxPostRxUpdates$20)
                  0000982c    000000dc     collector.obj (.text:Collector_sendConfigRequest)
                  00009908    000000dc     maclib_secure_cc13x2.a : mac_hl_patch.obj (.text:macBuildHeaderIes)
                  000099e4    000000d8     driverlib.lib : aes.obj (.text:NOROM_AESWriteToKeyStore)
                  00009abc    000000d8     rf_multiMode_cc13x2.a : RFCC26X2_multiMode.c.cc13x2.ccs.o (.text:RF_control)
                  00009b94    000000d8                           : RFCC26X2_multiMode.c.cc13x2.ccs.o (.text:RF_pendCmd)
                  00009c6c    000000d8     driverlib.lib : setup.obj (.text:TrimAfterColdResetWakeupFromShutDown$47)
                  00009d44    000000d8     maclib_secure_cc13x2.a : mac_hl_patch.obj (.text:macCcmStarTransform)
                  00009e1c    000000d8                            : mac_hl_patch.obj (.text:macEdScanISR)
                  00009ef4    000000d8     collector.obj (.text:sendMsg$2)
                  00009fcc    000000d4     maclib_secure_cc13x2.a : mac_hl_patch.obj (.text:MAC_MlmeScanReq)
                  0000a0a0    000000d2     rf_multiMode_cc13x2.a : RFCC26X2_multiMode.c.cc13x2.ccs.o (.text:RF_updatePaConfiguration)
                  0000a172    00000002     rtsv7M4_T_le_v4SPD16_eabi.lib : _lock.c.obj (.text:_nop)
                  0000a174    000000cc     rf_multiMode_cc13x2.a : RFCC26X2_multiMode.c.cc13x2.ccs.o (.text:RF_swiHw)
                  0000a240    000000cc     maclib_secure_cc13x2.a : mac_timer.obj (.text:macSymbolTimerTriggerCallback)
                  0000a30c    000000c8     dpl_cc13x2.a : PowerCC26X2_tirtos.oem4f (.text:PowerCC26XX_standbyPolicy)
                  0000a3d4    000000c4     drivers_cc13x2.a : GPIOCC26XX.oem4f (.text:GPIO_init)
                  0000a498    000000c4     maclib_secure_cc13x2.a : mac_autopend.obj (.text:MAC_SrcMatchAddEntry)
                  0000a55c    000000c4                            : mac_hl_patch.obj (.text:macApiStartReq)
                  0000a620    000000c0                            : mac_pwr.obj (.text:MAC_PwrOffReq)
                  0000a6e0    000000c0     nvocmp.obj (.text:NVOCMP_erase$13)
                  0000a7a0    000000c0     drivers_cc13x2.a : PowerCC26X2.oem4f (.text:Power_releaseDependency)
                  0000a860    000000c0                      : TRNGCC26XX.oem4f (.text:TRNG_getRandom)
                  0000a920    000000c0                      : UARTCC26XX.oem4f (.text:UARTCC26XX_initIO)
                  0000a9e0    000000c0     maclib_secure_cc13x2.a : mac_hl_patch.obj (.text:macMgmtReset)
                  0000aaa0    000000bc     rf_multiMode_cc13x2.a : RFCC26X2_multiMode.c.cc13x2.ccs.o (.text:RF_initRadioSetup)
                  0000ab5c    000000bc     maclib_secure_cc13x2.a : mac_hl_patch.obj (.text:macAutoPoll)
                  0000ac18    000000bc                            : mac.obj (.text:macGetRFCmdDuration)
                  0000acd4    000000b8     drivers_cc13x2.a : PowerCC26X2.oem4f (.text:Power_setDependency)
                  0000ad8c    000000b8                      : UARTCC26XX.oem4f (.text:UARTCC26XX_initHw)
                  0000ae44    000000b4     csf.obj (.text:Csf_processEvents)
                  0000aef8    000000b4     cllc.obj (.text:assocIndCb$4)
                  0000afac    000000b0     maclib_secure_cc13x2.a : mac_hl_patch.obj (.text:macDataTxComplete)
                  0000b05c    000000b0                            : mac_radio_tx.obj (.text:macRadioTxAckCb$27)
                  0000b10c    000000b0                            : mac_radio.obj (.text:macRadioUpdateTxPower)
                  0000b1bc    000000b0                            : mac.obj (.text:macStopCmd)
                  0000b26c    000000ac     nvocmp.obj (.text:NVOCMP_readContItemApi$13)
                  0000b318    000000ac     drivers_cc13x2.a : PINCC26XX.oem4f (.text:PIN_open)
                  0000b3c4    000000ac     maclib_secure_cc13x2.a : mac_hl_patch.obj (.text:macApiBeaconStartReq)
                  0000b470    000000ac     macTask.obj (.text:macTaskInit)
                  0000b51c    000000ac     maclib_secure_cc13x2.a : mac_tx.obj (.text:macTxDoneCallback)
                  0000b5c8    000000ac     api_mac.obj (.text:processBeaconNotifyInd$7)
                  0000b674    000000a8     driverlib.lib : setup.obj (.text:NOROM_SetupTrimDevice)
                  0000b71c    000000a8     nvocmp.obj (.text:NVOCMP_initNvApi$13)
                  0000b7c4    000000a8     maclib_secure_cc13x2.a : mac_hl_patch.obj (.text:macBeaconCheckTxTime)
                  0000b86c    000000a8                            : mac_hl_patch.obj (.text:macTrackTimeoutCallback)
                  0000b914    000000a4     csf.obj (.text:Csf_deviceUpdate)
                  0000b9b8    000000a4     rf_multiMode_cc13x2.a : RFCC26X2_multiMode.c.cc13x2.ccs.o (.text:RF_ratRestartChannels)
                  0000ba5c    000000a4     maclib_secure_cc13x2.a : mac_hl_patch.obj (.text:macCcmStarInverseTransform)
                  0000bb00    000000a4                            : mac_radio_tx.obj (.text:macRadioTxPrepLbt)
                  0000bba4    000000a0     rf_multiMode_cc13x2.a : RFCC26X2_multiMode.c.cc13x2.ccs.o (.text:RF_requestAccess)
                  0000bc44    000000a0     auto_init.aem4f : auto_init.oem4f (.text)
                  0000bce4    000000a0     maclib_secure_cc13x2.a : mac_hl_patch.obj (.text:macBlacklistChecking)
                  0000bd84    000000a0                            : mac_radio.obj (.text:scheduleNopWakeupCmd)
                  0000be24    000000a0     rom_sysbios.aem4f : rom_sysbios.obj (.text:ti_sysbios_knl_Task_setPri__E)
                  0000bec4    0000009c     cllc.obj (.text:Cllc_init)
                  0000bf60    0000009c     nvocmp.obj (.text:NVOCMP_readHeader$13)
                  0000bffc    0000009c     drivers_cc13x2.a : TRNGCC26XX.oem4f (.text:TRNG_construct)
                  0000c098    0000009c     maclib_secure_cc13x2.a : mac_radio.obj (.text:macRadioStartScan)
                  0000c134    0000009c                            : mac_radio.obj (.text:macRadioUpdateChannel)
                  0000c1d0    0000009c                            : mac_radio.obj (.text:macRadioUpdateChannelRx)
                  0000c26c    0000009c                            : mac_rx_onoff.obj (.text:macRxOffRequest)
                  0000c308    0000009c                            : mac_timer.obj (.text:macTimerRealign)
                  0000c3a4    0000009c     rtsv7M4_T_le_v4SPD16_eabi.lib : memcpy_t2.asm.obj (.text)
                  0000c440    0000009c     maclib_secure_cc13x2.a : mac_tx.obj (.text:txComplete)
                  0000c4dc    00000098     nvocmp.obj (.text:NVOCMP_updateItemApi$13)
                  0000c574    00000098     rf_multiMode_cc13x2.a : RFCC26X2_multiMode.c.cc13x2.ccs.o (.text:RF_calculateDispatchTime)
                  0000c60c    00000098     drivers_cc13x2.a : TRNGCC26XX.oem4f (.text:TRNGCC26XX_hwiFxn)
                  0000c6a4    00000098     maclib_secure_cc13x2.a : mac_hl_patch.obj (.text:macAutoPendAddSrcMatchTableEntry)
                  0000c73c    00000098     drivers_cc13x2.a : UARTCC26XX.oem4f (.text:writeTxFifoFlush)
                  0000c7d4    00000096     rtsv7M4_T_le_v4SPD16_eabi.lib : ull_div_t2.asm.obj (.text)
                  0000c86a    00000002     drivers_cc13x2.a : PowerCC26X2.oem4f (.text:emptyClockFunc)
                  0000c86c    00000094     csf.obj (.text:Csf_updateFrameCounter)
                  0000c900    00000094     nvocmp.obj (.text:NVOCMP_getDstPage$13)
                  0000c994    00000094     maclib_secure_cc13x2.a : mac_hl_patch.obj (.text:macIncomingSecurityLevelChecking)
                  0000ca28    00000094                            : mac.obj (.text:macRatCb_A)
                  0000cabc    00000094                            : mac.obj (.text:macSetupFsCmd)
                  0000cb50    00000092     drivers_cc13x2.a : UARTCC26XX.oem4f (.text:UARTCC26XX_writeCancel)
                  0000cbe2    00000002                      : CryptoResourceCC26XX.oem4f (.text:errorSpin)
                  0000cbe4    00000090     maclib_secure_cc13x2.a : mac_hl_patch.obj (.text:MAC_ResumeReq)
                  0000cc74    00000090     rf_multiMode_cc13x2.a : RFCC26X2_multiMode.c.cc13x2.ccs.o (.text:RF_discardPendCmd)
                  0000cd04    00000090                           : RFCC26X2_multiMode.c.cc13x2.ccs.o (.text:RF_getInfo)
                  0000cd94    00000090     maclib_secure_cc13x2.a : mac_hl_patch.obj (.text:macCcmDecrypt)
                  0000ce24    00000090                            : mac_hl_patch.obj (.text:macTrackStartCallback)
                  0000ceb4    0000008c     maclib_osal_tirtos_cc13x2_26x2.a : osal_port.obj (.text:OsalPort_heapMalloc$40)
                  0000cf40    0000008c                                      : osal_port.obj (.text:OsalPort_setTimer)
                  0000cfcc    0000008c     api_mac.obj (.text:copyDataInd$7)
                  0000d058    0000008c     maclib_secure_cc13x2.a : mac_hl_patch.obj (.text:macCcmEncrypt)
                  0000d0e4    0000008c                            : mac_radio_tx.obj (.text:macRadioTxEnhAckCb)
                  0000d170    0000008c                            : mac_autopend.obj (.text:macSrcMatchCheckSrcAddr$16)
                  0000d1fc    0000008c     rom_sysbios.aem4f : rom_sysbios.obj (.text:ti_sysbios_gates_GateMutexPri_enter__E)
                  0000d288    00000088     csf.obj (.text:Csf_getDeviceItem)
                  0000d310    00000088     maclib_secure_cc13x2.a : mac_autopend.obj (.text:MAC_SrcMatchEnable)
                  0000d398    00000088     driverlib.lib : osc.obj (.text:NOROM_OSCHF_AttemptToSwitchToXosc)
                  0000d420    00000088     nvocmp.obj (.text:NVOCMP_deleteItemApi$13)
                  0000d4a8    00000088     rf_multiMode_cc13x2.a : RFCC26X2_multiMode.c.cc13x2.ccs.o (.text:RF_cmdDispatchTime)
                  0000d530    00000088                           : RFCC26X2_multiMode.c.cc13x2.ccs.o (.text:RF_getTxPower)
                  0000d5b8    00000088     drivers_cc13x2.a : PowerCC26X2_calibrateRCOSC.oem4f (.text:calibrateRcoscHf2)
                  0000d640    00000088                      : PowerCC26X2.oem4f (.text:disableLFClockQualifiers)
                  0000d6c8    00000088     maclib_secure_cc13x2.a : mac_hl_patch.obj (.text:macKeyDescriptorLookup)
                  0000d750    00000088                            : mac_mcu.obj (.text:macMcuOverflowSetPeriod)
                  0000d7d8    00000088                            : mac_symbol_timer.obj (.text:macSymbolTimerInit)
                  0000d860    00000088     drivers_cc13x2.a : PowerCC26X2_calibrateRCOSC.oem4f (.text:updateSubSecInc)
                  0000d8e8    00000084     api_mac.obj (.text:ApiMac_init)
                  0000d96c    00000084     nvocmp.obj (.text:NVOCMP_createItemApi$13)
                  0000d9f0    00000084     rf_multiMode_cc13x2.a : RFCC26X2_multiMode.c.cc13x2.ccs.o (.text:RF_issueRadioFreeCb)
                  0000da74    00000084                           : RFCC26X2_multiMode.c.cc13x2.ccs.o (.text:RF_verifyGap)
                  0000daf8    00000084     drivers_cc13x2.a : UARTCC26XX.oem4f (.text:UARTCC26XX_close)
                  0000db7c    00000084     maclib_secure_cc13x2.a : mac_timer.obj (.text:macTimerUpdateSymbolTimer)
                  0000dc00    00000080     cllc.obj (.text:Cllc_restoreNetwork)
                  0000dc80    00000080     driverlib.lib : chipinfo.obj (.text:NOROM_ChipInfo_GetChipType)
                  0000dd00    00000080     drivers_cc13x2.a : NVSCC26XX.oem4f (.text:NVSCC26XX_open)
                  0000dd80    00000080     cllc.obj (.text:beaconNotifyIndCb$4)
                  0000de00    00000080     maclib_secure_cc13x2.a : mac_mcu.obj (.text:macMcuOverflowSetCompare)
                  0000de80    00000080                            : mac_radio.obj (.text:macRadioWakeupCb)
                  0000df00    00000080     cllc.obj (.text:scanCnfCb$4)
                  0000df80    00000080     rom_sysbios.aem4f : rom_sysbios.obj (.text:ti_sysbios_family_arm_cc26xx_Timer_start__E)
                  0000e000    00000080     maclib_secure_cc13x2.a : mac_tx.obj (.text:txGo$23)
                  0000e080    0000007c     cllc.obj (.text:Cllc_removeDevice)
                  0000e0fc    0000007c     cllc.obj (.text:Cllc_securityInit)
                  0000e178    0000007c     nvocmp.obj (.text:NVOCMP_readItemApi$13)
                  0000e1f4    0000007c     rf_multiMode_cc13x2.a : RFCC26X2_multiMode.c.cc13x2.ccs.o (.text:RF_ratFreeChannel)
                  0000e270    0000007c     maclib_secure_cc13x2.a : mac_rx_onoff.obj (.text:macRxOn)
                  0000e2ec    0000007c     cllc.obj (.text:maintainAssocTable$4)
                  0000e368    0000007c     maclib_osal_tirtos_cc13x2_26x2.a : osal_port.obj (.text:osalHeapInitFxn)
                  0000e3e4    0000007a     rtsv7M4_T_le_v4SPD16_eabi.lib : memset_t2.asm.obj (.text)
                  0000e45e    00000002     maclib_secure_cc13x2.a : mac_pwr.obj (.text:macApiPwrOnReq)
                  0000e460    00000078     nvocmp.obj (.text:NVOCMP_checkItem$13)
                  0000e4d8    00000078     maclib_secure_cc13x2.a : mac_timer.obj (.text:macTimerSetRollover)
                  0000e550    00000078     rom_sysbios.aem4f : rom_sysbios.obj (.text:ti_sysbios_heaps_HeapMem_allocUnprotected__E)
                  0000e5c8    00000074     csf.obj (.text:Csf_getDevice)
                  0000e63c    00000074     nvocmp.obj (.text:NVOCMP_writeItemApi$13)
                  0000e6b0    00000074     drivers_cc13x2.a : PowerCC26X2_calibrateRCOSC.oem4f (.text:PowerCC26X2_auxISR)
                  0000e724    00000074     rf_multiMode_cc13x2.a : RFCC26X2_multiMode.c.cc13x2.ccs.o (.text:RF_ratDisableChannel)
                  0000e798    00000074                           : RFCC26X2_multiMode.c.cc13x2.ccs.o (.text:RF_yield)
                  0000e80c    00000074     rom_sysbios.aem4f : rom_sysbios.obj (.text:ti_sysbios_gates_GateMutexPri_leave__E)
                  0000e880    00000072     rf_multiMode_cc13x2.a : RFCC26X2_multiMode.c.cc13x2.ccs.o (.text:RF_detachOverrides)
                  0000e8f2    00000002     maclib_secure_cc13x2.a : mac_mcu.obj (.text:macMcuBitReverse)
                  0000e8f4    00000070     drivers_cc13x2.a : AESCCMCC26XX.oem4f (.text:AESCCM_cleanup)
                  0000e964    00000070     rf_multiMode_cc13x2.a : rfc.c.cc13x2.ccs.o (.text:NOROM_RFCAnaDivTxOverride)
                  0000e9d4    00000070     nvocmp.obj (.text:NVOCMP_eraseNvApi$13)
                  0000ea44    00000070     drivers_cc13x2.a : PINCC26XX.oem4f (.text:PIN_add)
                  0000eab4    00000070     rf_multiMode_cc13x2.a : RFCC26X2_multiMode.c.cc13x2.ccs.o (.text:RF_getCurrentTime)
                  0000eb24    00000070     drivers_cc13x2.a : Random.oem4f (.text:Random_seedAutomatic)
                  0000eb94    00000070     cllc.obj (.text:sendStartReq$4)
                  0000ec04    0000006e     rf_multiMode_cc13x2.a : RFCC26X2_multiMode.c.cc13x2.ccs.o (.text:RF_attachOverrides)
                  0000ec72    0000006e                           : RFCC26X2_multiMode.c.cc13x2.ccs.o (.text:RF_howToSchedule)
                  0000ece0    0000006e     rtsv7M4_T_le_v4SPD16_eabi.lib : ll_div_t2.asm.obj (.text)
                  0000ed4e    00000002     maclib_secure_cc13x2.a : mac_radio.obj (.text:macRadioSetRE)
                  0000ed50    0000006d     rom_sysbios.aem4f : rom_sysbios.obj (.text:xdc_runtime_System_formatNum__I)
                  0000edbd    00000001     --HOLE-- [fill = 0]
                  0000edbe    00000002     rtsv7M4_T_le_v4SPD16_eabi.lib : div0.asm.obj (.text)
                  0000edc0    0000006c     rf_multiMode_cc13x2.a : RFCC26X2_multiMode.c.cc13x2.ccs.o (.text:RF_dispatchNextEvent)
                  0000ee2c    0000006c     maclib_secure_cc13x2.a : mac_radio_tx.obj (.text:macRadioTxBackoffBoundary)
                  0000ee98    0000006c                            : mac_hl_patch.obj (.text:macTrackPeriodCallback)
                  0000ef04    0000006c     cllc.obj (.text:orphanIndCb$4)
                  0000ef70    0000006c     collector.obj (.text:processIdentifyLedRequest$2)
                  0000efdc    00000068     csf.obj (.text:Csf_getDeviceExtAdd)
                  0000f044    00000068     driverlib.lib : osc.obj (.text:NOROM_OSCHF_SwitchToRcOscTurnOffXosc)
                  0000f0ac    00000068     nvocmp.obj (.text:NVOCMP_getFreeNvApi$13)
                  0000f114    00000068     maclib_osal_tirtos_cc13x2_26x2.a : osal_port.obj (.text:OsalPort_registerTask)
                  0000f17c    00000068     rf_multiMode_cc13x2.a : RFCC26X2_multiMode.c.cc13x2.ccs.o (.text:RF_hwiHw)
                  0000f1e4    00000068     rtsv7M4_T_le_v4SPD16_eabi.lib : copy_decompress_lzss.c.obj (.text:decompress:lzss:__TI_decompress_lzss)
                  0000f24c    00000068     csf.obj (.text:findDeviceListIndex$3)
                  0000f2b4    00000068     maclib_secure_cc13x2.a : mac_rx.obj (.text:macRxHaltCleanup)
                  0000f31c    00000064     drivers_cc13x2.a : AESCCMCC26XX.oem4f (.text:AESCCM_waitForResult)
                  0000f380    00000064                      : Button.oem4f (.text:Button_gpioCallbackFxn)
                  0000f3e4    00000064     nvocmp.obj (.text:NVOCMP_findSignature$13)
                  0000f448    00000064     maclib_osal_tirtos_cc13x2_26x2.a : osal_port.obj (.text:OsalPort_clearEvent)
                  0000f4ac    00000064                                      : osal_port.obj (.text:OsalPort_pwrmgrTaskState)
                  0000f510    00000064     drivers_cc13x2.a : UARTCC26XX.oem4f (.text:UARTCC26XX_control)
                  0000f574    00000064     csf.obj (.text:getTheFirstDevice$3)
                  0000f5d8    00000064     maclib_secure_cc13x2.a : mac.obj (.text:macRequestBackoff)
                  0000f63c    00000064                            : mac_timer.obj (.text:macSymbolTimerRolloverCallback)
                  0000f6a0    00000064                            : mac_timer.obj (.text:macTimerAddTimer)
                  0000f704    00000062     ti_drivers_config.obj (.text:Board_sendExtFlashByte)
                  0000f766    00000062     rf_multiMode_cc13x2.a : RFCC26X2_multiMode.c.cc13x2.ccs.o (.text:RF_syncCb)
                  0000f7c8    00000062     drivers_cc13x2.a : UARTCC26XX.oem4f (.text:UARTCC26XX_swiIntFxn)
                  0000f82a    00000002     app_pem4f.oem4f (.text:ti_sysbios_BIOS_nullFunc__I)
                  0000f82c    00000060     drivers_cc13x2.a : AESCCMCC26XX.oem4f (.text:AESCCM_hwiFxn)
                  0000f88c    00000060                      : CryptoResourceCC26XX.oem4f (.text:CryptoResourceCC26XX_constructRTOSObjects)
                  0000f8ec    00000060                      : GPIOCC26XX.oem4f (.text:GPIO_write)
                  0000f94c    00000060     rf_multiMode_cc13x2.a : RFCC26X2_multiMode.c.cc13x2.ccs.o (.text:RF_applyRfCorePatch)
                  0000f9ac    00000060     drivers_cc13x2.a : TRNGCC26XX.oem4f (.text:TRNGCC26XX_startTrng)
                  0000fa0c    00000060     maclib_secure_cc13x2.a : mac_radio.obj (.text:macGetRadioTxPowerReg)
                  0000fa6c    00000060                            : mac_timer.obj (.text:macTimerCancel)
                  0000facc    00000060                            : mac_timer.obj (.text:macTimerGetNextTimer)
                  0000fb2c    00000060     collector.obj (.text:processDataRetry$2)
                  0000fb8c    00000060     cllc.obj (.text:sendScanReq$4)
                  0000fbec    0000005e     api_mac.obj (.text:convertTxOptions)
                  0000fc4a    00000002     rom_sysbios.aem4f : rom_sysbios.obj (.text:ti_sysbios_heaps_HeapCallback_defaultDelete)
                  0000fc4c    0000005c     csf.obj (.text:Csf_sendDisassociateMsg)
                  0000fca8    0000005c     nvocmp.obj (.text:NVOCMP_readItem$13)
                  0000fd04    0000005c     maclib_osal_tirtos_cc13x2_26x2.a : osal_port.obj (.text:OsalPort_msgReceive)
                  0000fd60    0000005c                                      : osal_port.obj (.text:OsalPort_setEvent)
                  0000fdbc    0000005c     drivers_cc13x2.a : PINCC26XX.oem4f (.text:PIN_remove)
                  0000fe18    0000005c     rf_multiMode_cc13x2.a : RFCC26X2_multiMode.c.cc13x2.ccs.o (.text:RF_hwiCpe0PowerFsm)
                  0000fe74    0000005c     collector.obj (.text:cllcStartedCB$2)
                  0000fed0    0000005c     drivers_cc13x2.a : NVSCC26XX.oem4f (.text:doErase)
                  0000ff2c    0000005c     maclib_secure_cc13x2.a : mac_radio.obj (.text:macRadioSetChannel)
                  0000ff88    0000005c                            : mac_radio.obj (.text:macRadioSetChannelRx)
                  0000ffe4    0000005c                            : mac_hl_patch.obj (.text:macSetDefaultsByPatch)
                  00010040    0000005c     collector.obj (.text:sendBroadcastMsg$2)
                  0001009c    0000005c     drivers_cc13x2.a : UARTCC26XX.oem4f (.text:startTxFifoEmptyClk)
                  000100f8    0000005c     app_pem4f.oem4f (.text:xdc_runtime_Startup_getState__I)
                  00010154    00000058     nvocmp.obj (.text:NVOCMP_getItemLenApi$13)
                  000101ac    00000058     drivers_cc13x2.a : PowerCC26X2_calibrateRCOSC.oem4f (.text:PowerCC26X2_initiateCalibration)
                  00010204    00000058     rf_multiMode_cc13x2.a : RFCC26X2_multiMode.c.cc13x2.ccs.o (.text:RF_TxPowerTable_findValue)
                  0001025c    00000058     drivers_cc13x2.a : TRNGCC26XX.oem4f (.text:TRNG_init)
                  000102b4    00000058     boot.aem4f : boot.oem4f (.text)
                  0001030c    00000058     maclib_secure_cc13x2.a : mac_sleep.obj (.text:macCanSleep)
                  00010364    00000058                            : mac_radio_tx.obj (.text:macRadioTxRequestTxAck)
                  000103bc    00000058     main.obj (.text:main)
                  00010414    00000058     rom_sysbios.aem4f : rom_sysbios.obj (.text:ti_sysbios_heaps_HeapMem_alloc__E)
                  0001046c    00000056     drivers_cc13x2.a : LED.oem4f (.text:LED_startBlinking)
                  000104c2    00000056     rf_multiMode_cc13x2.a : RFCC26X2_multiMode.c.cc13x2.ccs.o (.text:RF_defaultSubmitPolicy)
                  00010518    00000054     drivers_cc13x2.a : AESCCMCC26XX.oem4f (.text:AESCCM_construct)
                  0001056c    00000054     cllc.obj (.text:Cllc_addSecDevice)
                  000105c0    00000054     collector.obj (.text:CollectorReadCallback)
                  00010614    00000054     driverlib.lib : prcm.obj (.text:NOROM_PRCMPowerDomainsAllOff)
                  00010668    00000054     nvocmp.obj (.text:NVOCMP_doNVCRC$13)
                  000106bc    00000054     drivers_cc13x2.a : NVSCC26XX.oem4f (.text:NVSCC26XX_init)
                  00010710    00000054     rf_multiMode_cc13x2.a : RFCC26X2_multiMode.c.cc13x2.ccs.o (.text:RF_fsmXOSCState)
                  00010764    00000054     drivers_cc13x2.a : StructRingBuf.oem4f (.text:StructRingBuf_put)
                  000107b8    00000054     dpl_cc13x2.a : SwiP_tirtos.oem4f (.text:SwiP_construct)
                  0001080c    00000054     collector.obj (.text:UART_INIT)
                  00010860    00000054     maclib_secure_cc13x2.a : mac_hl_patch.obj (.text:macIncomingKeyUsagePolicyChecking)
                  000108b4    00000054                            : mac_tx.obj (.text:macTxAckReceivedCallback)
                  00010908    00000054     api_mac.obj (.text:processScanCnf$7)
                  0001095c    00000050     drivers_cc13x2.a : GPIOCC26XX.oem4f (.text:GPIO_enableInt)
                  000109ac    00000050     nvocmp.obj (.text:NVOCMP_compactNvApi$13)
                  000109fc    00000050     drivers_cc13x2.a : TRNGCC26XX.oem4f (.text:TRNGCC26XX_waitForResult)
                  00010a4c    00000050     maclib_secure_cc13x2.a : mac_radio.obj (.text:macRadioSetPanCoordinator)
                  00010a9c    00000050                            : mac_timer.obj (.text:macTimerStart)
                  00010aec    0000004c     driverlib.lib : prcm.obj (.text:NOROM_PRCMPowerDomainsAllOn)
                  00010b38    0000004c     nvocmp.obj (.text:NVOCMP_setItemInactive$13)
                  00010b84    0000004c     maclib_osal_tirtos_cc13x2_26x2.a : osal_port.obj (.text:OsalPort_msgSend)
                  00010bd0    0000004c     rf_multiMode_cc13x2.a : RFCC26X2_multiMode.c.cc13x2.ccs.o (.text:RF_wakeupNotification)
                  00010c1c    0000004c     drivers_cc13x2.a : StructRingBuf.oem4f (.text:StructRingBuf_get)
                  00010c68    0000004c                      : UARTCC26XX.oem4f (.text:UARTCC26XX_readCancel)
                  00010cb4    0000004c     rtsv7M4_T_le_v4SPD16_eabi.lib : cpy_tbl.c.obj (.text:copy_in)
                  00010d00    0000004c     maclib_secure_cc13x2.a : mac_low_level.obj (.text:macLowLevelYield)
                  00010d4c    0000004c                            : mac_radio_tx.obj (.text:macRadioTxHandleAck)
                  00010d98    0000004c                            : mac.obj (.text:macSendFsCmd)
                  00010de4    0000004c     maclib_osal_tirtos_cc13x2_26x2.a : osal_port.obj (.text:osalHeapGetStatsFxn)
                  00010e30    00000048     ti_drivers_config.obj (.text:Board_wakeUpExtFlash)
                  00010e78    00000048     csf.obj (.text:Csf_getNumDeviceListEntries)
                  00010ec0    00000048     rf_multiMode_cc13x2.a : rfc.c.cc13x2.ccs.o (.text:NOROM_RFCSynthPowerDown)
                  00010f08    00000048     nvocmp.obj (.text:NVOCMP_write$13)
                  00010f50    00000048     drivers_cc13x2.a : NVS.oem4f (.text:NVS_open)
                  00010f98    00000048                      : PINCC26XX.oem4f (.text:PIN_setOutputEnable)
                  00010fe0    00000048                      : PowerCC26X2_calibrateRCOSC.oem4f (.text:PowerCC26X2_RCOSC_clockFunc)
                  00011028    00000048                      : PowerCC26X2.oem4f (.text:PowerCC26XX_switchXOSC_HF)
                  00011070    00000048     maclib_osal_tirtos_cc13x2_26x2.a : util_timer.obj (.text:UtilTimer_construct)
                  000110b8    00000048     drivers_cc13x2.a : NVSCC26XX.oem4f (.text:disableFlashCache)
                  00011100    00000048     maclib_secure_cc13x2.a : mac_radio.obj (.text:macRadioNeedAdjustPower)
                  00011148    00000048                            : mac_radio.obj (.text:macRadioStopScan)
                  00011190    00000048                            : mac_timer.obj (.text:macTimerUpdActive)
                  000111d8    00000048     drivers_cc13x2.a : PowerCC26X2.oem4f (.text:switchXOSCHF)
                  00011220    00000048                      : UARTCC26XX.oem4f (.text:writeFinishedDoCallback)
                  00011268    00000046                      : RingBuf.oem4f (.text:RingBuf_put)
                  000112ae    00000046     maclib_secure_cc13x2.a : mac_hl_patch.obj (.text:macDeviceDescriptorLookup)
                  000112f4    00000044     cllc.obj (.text:Cllc_sendDisassociationRequest)
                  00011338    00000044     csf.obj (.text:Csf_getNetworkInformation)
                  0001137c    00000044     maclib_secure_cc13x2.a : fh_ie_patch.obj (.text:FHNT_delTempIndex)
                  000113c0    00000044     drivers_cc13x2.a : GPIOCC26XX.oem4f (.text:GPIO_disableInt)
                  00011404    00000044     maclib_secure_cc13x2.a : mac_timer.obj (.text:MAC_PwrNextTimeout)
                  00011448    00000044     driverlib.lib : chipinfo.obj (.text:NOROM_ChipInfo_GetHwRevision)
                  0001148c    00000044     drivers_cc13x2.a : NVSCC26XX.oem4f (.text:NVSCC26XX_read)
                  000114d0    00000044                      : PINCC26XX.oem4f (.text:PIN_swi)
                  00011514    00000044                      : PWM.oem4f (.text:PWM_init)
                  00011558    00000044                      : UART.oem4f (.text:UART_init)
                  0001159c    00000044     maclib_secure_cc13x2.a : mac.obj (.text:macRatCb_B)
                  000115e0    00000044                            : mac_rx_onoff.obj (.text:macRxDisable)
                  00011624    00000044                            : mac_tx.obj (.text:macTxTimestampCallback)
                  00011668    00000042     api_mac.obj (.text:copyMacPanDescToApiMacPanDesc$7)
                  000116aa    00000040     dpl_cc13x2.a : ClockP_tirtos.oem4f (.text:ClockP_construct)
                  000116ea    00000002     rom_sysbios.aem4f : rom_sysbios.obj (.text:xdc_runtime_SysCallback_defaultAbort)
                  000116ec    00000040     dpl_cc13x2.a : ClockP_tirtos.oem4f (.text:ClockP_create)
                  0001172c    00000040     driverlib.lib : osc.obj (.text:NOROM_OSC_HPOSCRelativeFrequencyOffsetGet)
                  0001176c    00000040     maclib_osal_tirtos_cc13x2_26x2.a : osal_port.obj (.text:OsalPort_heapFree$40)
                  000117ac    00000040     drivers_cc13x2.a : PWM.oem4f (.text:PWM_open)
                  000117ec    00000040                      : PowerCC26X2.oem4f (.text:PowerCC26XX_isStableXOSC_HF)
                  0001182c    00000040                      : Random.oem4f (.text:Random_getNumber)
                  0001186c    00000040                      : RingBuf.oem4f (.text:RingBuf_get)
                  000118ac    00000040                      : TRNGCC26XX.oem4f (.text:TRNGCC26XX_copyToClient)
                  000118ec    00000040                      : UART.oem4f (.text:UART_open)
                  0001192c    00000040     collector.obj (.text:cllcStateChangedCB$2)
                  0001196c    00000040     rf_multiMode_cc13x2.a : rf_patch_cpe_prop.c.cc13x2.ccs.o (.text:configurePropPatch)
                  000119ac    00000040     maclib_secure_cc13x2.a : mac_rx.obj (.text:macRxNokIsr)
                  000119ec    00000040                            : mac_autopend.obj (.text:macSrcMatchSetEnableBit$16)
                  00011a2c    00000040                            : mac_symbol_timer.obj (.text:macSymbolTimerSetTrigger)
                  00011a6c    00000040                            : mac_tx.obj (.text:macTxUpdateIE)
                  00011aac    00000040     rtsv7M4_T_le_v4SPD16_eabi.lib : u_divt2.asm.obj (.text)
                  00011aec    00000040     rom_sysbios.aem4f : rom_sysbios.obj (.text:ti_sysbios_family_arm_cc26xx_Timer_setThreshold__I)
                  00011b2c    00000040                       : rom_sysbios.obj (.text:ti_sysbios_heaps_HeapCallback_Module_startup__E)
                  00011b6c    0000003e     dpl_cc13x2.a : HwiP_tirtos.oem4f (.text:HwiP_construct)
                  00011baa    0000003e     drivers_cc13x2.a : LED.oem4f (.text:LED_setBrightnessLevel)
                  00011be8    0000003e     maclib_osal_tirtos_cc13x2_26x2.a : osal_port.obj (.text:OsalPort_msgEnqueueMax)
                  00011c26    0000003e     drivers_cc13x2.a : TRNGCC26XX.oem4f (.text:TRNGCC26XX_serviceJob)
                  00011c64    0000003e                      : LED.oem4f (.text:clockTimeoutHandler)
                  00011ca2    0000003c                      : LED.oem4f (.text:LED_setOff)
                  00011cde    00000002     rom_sysbios.aem4f : rom_sysbios.obj (.text:xdc_runtime_SysCallback_defaultExit)
                  00011ce0    0000003c     maclib_secure_cc13x2.a : mac_pwr.obj (.text:MAC_PwrOnReq)
                  00011d1c    0000003c     nvocmp.obj (.text:NVOCMP_disableCache$13)
                  00011d58    0000003c     drivers_cc13x2.a : PINCC26XX.oem4f (.text:PIN_setInterrupt)
                  00011d94    0000003c                      : PINCC26XX.oem4f (.text:PIN_setOutputValue)
                  00011dd0    0000003c     rf_multiMode_cc13x2.a : RFCC26X2_multiMode.c.cc13x2.ccs.o (.text:RF_cmdGet)
                  00011e0c    0000003c                           : RFCC26X2_multiMode.c.cc13x2.ccs.o (.text:RF_cmdStoreEvents)
                  00011e48    0000003c     drivers_cc13x2.a : NVSCC26XX.oem4f (.text:checkEraseRange)
                  00011e84    0000003c     collector.obj (.text:cllcDeviceJoiningCB$2)
                  00011ec0    0000003c     maclib_secure_cc13x2.a : mac_timer.obj (.text:macTimerRecalcUnaligned)
                  00011efc    0000003c                            : mac_tx.obj (.text:macTxDecrypt)
                  00011f38    0000003c     rom_sysbios.aem4f : rom_sysbios.obj (.text:ti_sysbios_family_arm_m3_Hwi_construct2__E)
                  00011f74    00000038     ti_drivers_config.obj (.text:Board_shutDownExtFlash)
                  00011fac    00000038     cllc.obj (.text:Cllc_setJoinPermit)
                  00011fe4    00000038     collector.obj (.text:Collector_sendDeviceTypeRequest)
                  0001201c    00000038     collector.obj (.text:Collector_sendToggleLedRequest)
                  00012054    00000038     nvocmp.obj (.text:NVOCMP_findPage$13)
                  0001208c    00000038     drivers_cc13x2.a : PINCC26XX.oem4f (.text:PIN_setConfig)
                  000120c4    00000038     rf_multiMode_cc13x2.a : RFCC26X2_multiMode.c.cc13x2.ccs.o (.text:RF_checkCmdFsError)
                  000120fc    00000038     collector.obj (.text:findDevice$2)
                  00012134    00000038     maclib_secure_cc13x2.a : mac_timer.obj (.text:macTimerAligned)
                  0001216c    00000038                            : mac_timer.obj (.text:macTimerInit)
                  000121a4    00000038                            : mac_tx.obj (.text:macTxAckNotReceivedCallback)
                  000121dc    00000038     drivers_cc13x2.a : PowerCC26X2.oem4f (.text:notify)
                  00012214    00000038                      : UARTCC26XX.oem4f (.text:readData)
                  0001224c    00000038     rom_sysbios.aem4f : rom_sysbios.obj (.text:ti_sysbios_family_arm_cc26xx_Timer_getCurrentTick__E)
                  00012284    00000038     drivers_cc13x2.a : UARTCC26XX.oem4f (.text:writeData)
                  000122bc    00000036     api_mac.obj (.text:ApiMac_convertCapabilityInfo)
                  000122f2    00000036     drivers_cc13x2.a : LED.oem4f (.text:LED_setOn)
                  00012328    00000034     driverlib.lib : aes.obj (.text:NOROM_AESStartDMAOperation)
                  0001235c    00000034                   : sys_ctrl.obj (.text:NOROM_SysCtrlIdle)
                  00012390    00000034     nvocmp.obj (.text:NVOCMP_verifyCRC$13)
                  000123c4    00000034     rf_multiMode_cc13x2.a : RFCC26X2_multiMode.c.cc13x2.ccs.o (.text:RF_powerConstraintRelease)
                  000123f8    00000034                           : RFCC26X2_multiMode.c.cc13x2.ccs.o (.text:RF_runDirectImmediateCmd)
                  0001242c    00000034     maclib_secure_cc13x2.a : mac_hl_patch.obj (.text:macCheckPhyRate)
                  00012460    00000034                            : mac_low_level.obj (.text:macLowLevelDiags)
                  00012494    00000034                            : mac_radio.obj (.text:macRadioSetIEEEAddr)
                  000124c8    00000034                            : mac.obj (.text:macRatDisableChannelB)
                  000124fc    00000034                            : mac_rx_onoff.obj (.text:macRxOff)
                  00012530    00000034                            : mac_symbol_timer.obj (.text:macSymbolTimerCount)
                  00012564    00000034                            : mac_tx.obj (.text:macTxFrameIsr)
                  00012598    00000034     drivers_cc13x2.a : UARTCC26XX.oem4f (.text:readData2RingBuf)
                  000125cc    00000034     csf.obj (.text:saveNumDeviceListEntries$3)
                  00012600    00000034     rom_sysbios.aem4f : rom_sysbios.obj (.text:ti_sysbios_knl_Swi_setPri__E)
                  00012634    00000032     maclib_osal_tirtos_cc13x2_26x2.a : osal_port.obj (.text:OsalPort_msgExtract)
                  00012666    00000032     rom_sysbios.aem4f : rom_sysbios.obj (.text:ti_sysbios_family_arm_cc26xx_Timer_setNextTick__E)
                  00012698    00000032                       : rom_sysbios.obj (.text:ti_sysbios_gates_GateMutexPri_insertPri__I)
                  000126ca    00000002                       : rom_sysbios.obj (.text:xdc_runtime_SysCallback_defaultFlush)
                  000126cc    00000030     csf.obj (.text:Csf_setConfigClock)
                  000126fc    00000030     csf.obj (.text:Csf_setTrackingClock)
                  0001272c    00000030     drivers_cc13x2.a : GPIOCC26XX.oem4f (.text:GPIO_hwiIntFxn)
                  0001275c    00000030                      : GPIOCC26XX.oem4f (.text:GPIO_setCallback)
                  0001278c    00000030     nvocmp.obj (.text:NVOCMP_changePageState$13)
                  000127bc    00000030     drivers_cc13x2.a : NVSCC26XX.oem4f (.text:NVSCC26XX_erase)
                  000127ec    00000030                      : PINCC26XX.oem4f (.text:PINCC26XX_setMux)
                  0001281c    00000030                      : PowerCC26X2.oem4f (.text:Power_releaseConstraint)
                  0001284c    00000030                      : PowerCC26X2.oem4f (.text:Power_setConstraint)
                  0001287c    00000030                      : TRNGCC26XX.oem4f (.text:TRNGCC26XX_fillEntropyPool)
                  000128ac    00000030                      : TRNGCC26XX.oem4f (.text:TRNG_generateKey)
                  000128dc    00000030     collector.obj (.text:getMsduHandle$2)
                  0001290c    00000030     maclib_secure_cc13x2.a : mac_rx_onoff.obj (.text:macRxHardDisable)
                  0001293c    00000030                            : mac_symbol_timer.obj (.text:macSymbolTimerBCWakeUp)
                  0001296c    00000030                            : mac_symbol_timer.obj (.text:macSymbolTimerICallTimerCback)
                  0001299c    00000030                            : mac_timer.obj (.text:macTimerCheckUnAlignedQ)
                  000129cc    00000030     app_pem4f.oem4f (.text:ti_sysbios_BIOS_atExitFunc__I)
                  000129fc    00000030     app_pem4f.oem4f (.text:ti_sysbios_BIOS_startFunc__I)
                  00012a2c    00000030     rom_sysbios.aem4f : rom_sysbios.obj (.text:ti_sysbios_family_arm_cc26xx_Timer_initDevice__I)
                  00012a5c    00000030     app_pem4f.oem4f (.text:ti_sysbios_gates_GateMutexPri_Object__create__S)
                  00012a8c    00000030     app_pem4f.oem4f (.text:ti_sysbios_gates_GateMutexPri_create)
                  00012abc    00000030     app_pem4f.oem4f (.text:ti_sysbios_heaps_HeapCallback_Object__create__S)
                  00012aec    00000030     rom_sysbios.aem4f : rom_sysbios.obj (.text:ti_sysbios_knl_Clock_getTimeout__E)
                  00012b1c    0000002e     csf.obj (.text:Csf_getDeviceShort)
                  00012b4a    0000002e     maclib_osal_tirtos_cc13x2_26x2.a : osal_port.obj (.text:OsalPort_msgDequeue)
                  00012b78    0000002e                                      : osal_port.obj (.text:OsalPort_msgEnqueue)
                  00012ba6    0000002e     rf_multiMode_cc13x2.a : RFCC26X2_multiMode.c.cc13x2.ccs.o (.text:RF_queueEnd)
                  00012bd4    0000002c     drivers_cc13x2.a : NVS.oem4f (.text:NVS_init)
                  00012c00    0000002c     rf_multiMode_cc13x2.a : RFCC26X2_multiMode.c.cc13x2.ccs.o (.text:RF_executeDirectImmediateCmd)
                  00012c2c    0000002c     dpl_cc13x2.a : SemaphoreP_tirtos.oem4f (.text:SemaphoreP_constructBinary)
                  00012c58    0000002c                  : SemaphoreP_tirtos.oem4f (.text:SemaphoreP_createBinary)
                  00012c84    0000002c     drivers_cc13x2.a : TRNGCC26XX.oem4f (.text:TRNGCC26XX_stopTrng)
                  00012cb0    0000002c     rf_multiMode_cc13x2.a : rf_patch_cpe_prop.c.cc13x2.ccs.o (.text:applyPropPatch)
                  00012cdc    0000002c     collector.obj (.text:findDeviceStatusBit$2)
                  00012d08    0000002c     maclib_secure_cc13x2.a : mac_radio.obj (.text:macRadioSetPanID)
                  00012d34    0000002c                            : mac_radio.obj (.text:macRadioSetShortAddr)
                  00012d60    0000002c                            : mac_rx_onoff.obj (.text:macRxSoftDisable)
                  00012d8c    0000002c                            : mac_rx_onoff.obj (.text:macRxSoftEnable)
                  00012db8    0000002c                            : mac_symbol_timer.obj (.text:macSymbolTimerSetRollover)
[...]
200009fc  appTask                                                         
20000a4c  Main_user1Cfg                                                   
200015b4  Cllc_events                                                     
200015b6  Cllc_devShortAddr                                               
20001608  Cllc_statistics                                                 
20001690  Cllc_associatedDevList                                          
200018e8  RF_cmdNop                                                       
200018f8  RF_cmdNopFg                                                     
20001908  RF_cmdRxAckCmd                                                  
2000191c  RF_cmdFsRx                                                      
20001934  RF_cmdFsTx                                                      
2000194c  RF_cmdIEEETx                                                    
20001964  RF_cmdPropCs                                                    
20001980  RF_cmdPropCsSlotted                                             
2000199c  RF_cmdRadioSetup                                                
200019bc  RF_cmdIEEECsma                                                  
200019dc  RF_cmdPropTxAdv                                                 
200019fc  RF_cmdPropRadioDivSetup                                         
20001a2c  RF_cmdPropRxAdv                                                 
20001a5c  RF_cmdIEEERx                                                    
20001a98  taskCnt                                                         
20001aa8  heapmgrMemFreeTotal                                             
20001aac  heapmgrMemFreeError                                             
20001ab8  HEAPMGR_SIZE                                                    
20001abc  taskTbl                                                         
20001c24  PowerCC26X2_module                                              
20001d95  savedCllcState                                                  
20001d96  permitJoining                                                   
20001d98  Csf_events                                                      
20001dc4  Csf_keys                                                        
20001ed8  ROM_stateStruct                                                 
20001ed8  ti_sysbios_knl_Clock_Module__state__V                           
20001f04  ti_sysbios_family_arm_cc26xx_TimestampProvider_Module__state__V 
20001f08  xdc_runtime_Startup_Module__state__V                            
20001f10  xdc_runtime_Registry_Module__state__V                           
20001f18  ti_sysbios_BIOS_Module__state__V                                
20001f3c  ti_sysbios_knl_Swi_Module__state__V                             
20001f58  ti_sysbios_knl_Task_Module__state__V                            
20001f9c  xdc_runtime_Memory_Module__state__V                             
20001fa0  xdc_runtime_System_Module__state__V                             
20001fa8  ti_sysbios_family_arm_m3_Hwi_Module__state__V                   
20001fdc  ti_sysbios_family_arm_cc26xx_Timer_Module__state__V             
20001fe8  rxbuffer                                                        
20001fea  Collector_events                                                
20001fee  data                                                            
20001ff4  gUartHandle                                                     
20002040  Collector_statistics                                            
2000207c  Collector_macCallbacks                                          
200020c4  macMRFSKGenPhyTable                                             
20002166  gAction                                                         
20002167  NVOCMP_size                                                     
20002194  NVOCMP_nvHandle                                                 
200021dc  RF_prop_2gfsk50kbps154g                                         
200021ec  txPowerTable_868_pa13                                           
20002250  fhObject                                                        
200022bc  macSrcMatchIsAckAllPending                                      
200022bd  macSrcResIndex                                                  
200022c0  reqAccessAlloc                                                  
200022c2  rxCmdHandle                                                     
200022c8  macRfDrvTblPtr                                                  
200022cc  lastPostCmd                                                     
200022d0  macSfdDetectCback                                               
200022d4  macTxTimestamp                                                  
200022d8  pMacRadioConfig                                                 
200022f0  macRxOutputSubG                                                 
200022fc  macRxOutputIeee                                                 
2000230c  macFrmFilter                                                    
20002320  FHIE_channelPlan                                                
20002374  ti_sysbios_knl_Task_Object__table__V                            
200023c0  ti_sysbios_family_arm_cc26xx_Timer_Object__table__V             
20002410  pRfMode                                                         
20002414  pRfPowerTable                                                   
20002418  pMaxPower                                                       
2000241c  RF_handle                                                       
20002420  macPhyTxPower                                                   
20002428  RF_params                                                       
20002448  ti_sysbios_gates_GateMutex_Object__table__V                     
20002480  appTaskId                                                       
20002488  appEvents                                                       
20002490  ApiMac_extAddr                                                  
20002498  appSem                                                          
200024b4  macBeaconPayload                                                
200024e8  pMacDataTx                                                      
200024ec  macDataTxIndirect                                               
200024f0  macDataRequeueIndirect                                          
200024f4  macDataRxBeaconCritical                                         
200024f8  macDataTxBeaconComplete                                         
200024fc  macDataSetSched                                                 
20002500  macDataCheckSched                                               
20002504  macDataCheckTxTime                                              
20002508  macDataBeaconRequeue                                            
2000250c  csmPhy                                                          
20002510  macTimerRollover                                                
20002514  macTimerNewRollover                                             
20002518  ti_sysbios_knl_Swi_Module_State_0_readyQ__A                     
20002548  ti_sysbios_knl_Swi_Object__table__V                             
20002578  ti_sysbios_knl_Task_Module_State_0_readyQ__A                    
200025a8  macSpecUsecsPerSymbol                                           
200025ac  macPrevPeriodRatCount                                           
200025b0  macSymbolTimerRollover                                          
200025b4  macSymbolTimerTrigger                                           
200025d0  pOverrides_2gfsk50kbps154g                                      
200025f8  macTxSlottedDelayFactor                                         
200025f9  macTxType                                                       
200025fa  macTxBe                                                         
200025fb  macTxGpInterframeDelay                                          
200025fc  txAckReq                                                        
200025ff  txSeqn                                                          
20002601  numTx                                                           
20002602  macTxCsmaBackoffDelay                                           
20002604  macCsmaRtcTimerId                                               
20002608  macAckDbg                                                       
2000261c  _hposcCoeffs                                                    
20002640  macActionSet                                                    
20002688  macBeaconMargin                                                 
200026a8  ti_sysbios_knl_Clock_Object__table__V                           
200026c8  xdc_runtime_Error_IgnoreBlock                                   
200026e8  ti_sysbios_family_arm_m3_Hwi_Object__table__V                   
20002700  txCmdHandle                                                     
20002702  macRadioAckIeeeFrame                                            
20002708  pMacEnhancedAck                                                 
2000270c  macRadioAckFrame                                                
20002714  macStateTbl                                                     
20002738  gpioCallbackFunctions                                           
20002748  gpioPinConfigs                                                  
20002758  macCfg                                                          
20002768  lastRatChanA                                                    
20002769  lastRatChanB                                                    
2000276a  macRxCmdActive                                                  
2000276b  macTxCmdActive                                                  
2000276c  macFsCmdActive                                                  
2000276d  macRxPreempted                                                  
2000276e  macReqAccessCnt                                                 
20002770  macReqAccessTimeCnt                                             
20002772  macReqAccErrCnt                                                 
20002774  numRfCmd                                                        
20002775  numRxCmd                                                        
20002776  numRxPostCmd                                                    
20002780  pClockHandleEDScan                                              
20002784  FH_FSM                                                          
20002790  ti_sysbios_heaps_HeapCallback_Object__table__V                  
2000279c  _lock                                                           
200027a0  _unlock                                                         
200027a4  FH_txTiming                                                     
200027ac  RFCC26XX_schedulerPolicy                                        
200027b4  pinUpperBound                                                   
200027b8  pinLowerBound                                                   
200027c4  ti_sysbios_family_arm_m3_Hwi_Module__root__V                    
200027cc  ti_sysbios_gates_GateHwi_Module__root__V                        
200027d4  ti_sysbios_gates_GateMutexPri_Module__root__V                   
200027dc  ti_sysbios_gates_GateMutex_Module__root__V                      
200027e4  ti_sysbios_hal_Hwi_Module__root__V                              
200027ec  ti_sysbios_heaps_HeapCallback_Module__root__V                   
200027f4  ti_sysbios_heaps_HeapMem_Module__root__V                        
200027fc  ti_sysbios_knl_Clock_Module__root__V                            
20002804  ti_sysbios_knl_Event_Module__root__V                            
2000280c  ti_sysbios_knl_Mailbox_Module__root__V                          
20002814  ti_sysbios_knl_Queue_Module__root__V                            
2000281c  ti_sysbios_knl_Semaphore_Module__root__V                        
20002824  ti_sysbios_knl_Swi_Module__root__V                              
2000282c  ti_sysbios_knl_Task_Module__root__V                             
20002839  macAddrSize                                                     
2000283d  CryptoResourceCC26XX_pollingFlag                                
20002840  macTasksEvents                                                  
20002844  macTxSlottedDelay                                               
20002845  bInSwi                                                          
20002846  macSrcMatchIsEnabled                                            
20002847  macRadioYielded                                                 
20002848  main_func_sp                                                    
2000284c  ti_sysbios_family_arm_m3_Hwi_Module_State_0_excContext__A       
20002850  ti_sysbios_family_arm_m3_Hwi_Module_State_0_excStack__A         
20002854  ti_sysbios_knl_Task_Module_State_0_idleTask__A                  
2000285a  ti_sysbios_family_arm_m3_Hwi_Module_State_0_excActive__A        
2000285e  macSleepState                                                   
20002860  ti_sysbios_knl_Task_Instance_State_0_stack__A                   
20002a60  uartCC26XXObjects                                               
20002c1c  enhancedAckBuf                                                  
20002e10  ti_sysbios_family_arm_m3_Hwi_dispatchTable                      
20002ee8  LEDObjects                                                      
20002fa0  FHPIB_db                                                        
2000302c  FH_hnd                                                          
200030b4  macPib                                                          
2000313c  pinHandleTable                                                  
200031b8  FHNT_tableOpt                                                   
20003234  macScan                                                         
200032d8  ButtonObjects                                                   
20003328  CryptoResourceCC26XX_accessSemaphore                            
20003378  CryptoResourceCC26XX_operationSemaphore                         
200033c8  FHFSM_Dbg                                                       
2000340a  driverlib_release_0_60278                                       
2000340b  macAckTxActive                                                  
2000340c  FHNT_tempTable                                                  
20003414  FHNT_hnd                                                        
2000344c  macSecurityPib                                                  
200034c8  macBeaconCoord                                                  
20003504  macDeviceAction1                                                
2000353c  macBeaconDevice                                                 
20003570  macMgmtAction1                                                  
200035a0  macSrcExtAddrList                                               
200035d0  macCoord                                                        
200035fc  macDevice                                                       
20003628  macRxFilter                                                     
20003629  rxPromiscuousMode                                               
2000362c  rxSeqNum                                                        
20003634  macRxDataEntryOffset                                            
20003638  rxRadioBufferPtr                                                
20003648  macRxDataEntryQueue                                             
200036b0  macBeacon                                                       
20003724  CryptoResourceCC26XX_hwi                                        
20003740  macCoordAction2                                                 
2000375c  macReset                                                        
20003778  macSrcShortAddrList                                             
20003794  aesccmCC26XXObjects                                             
200037ac  macScanAction                                                   
200037ec  macDeviceAction2                                                
20003800  macMgmtAction2                                                  
20003814  macBeaconDeviceAction                                           
20003824  macCoordAction3                                                 
20003834  macData                                                         
20003844  macDataTxDelay                                                  
2000386c  FH_PibTbl                                                       
20003878  coexMetricsStruct                                               
20003884  macMain                                                         
20003898  macBeaconCoordAction1                                           
200038a0  macCoordAction1                                                 
200038a8  FHNT_Dbg                                                        
200038ae  macMgmt                                                         
200038af  macPanCoordinator                                               
200038b4  AESCCM_handle                                                   
200038b8  FH_test_var                                                     
200038bc  PowerCC26XX_swiKey                                              
200038c0  PowerCC26XX_taskKey                                             
200038c4  macCryptoDrvTblPtr                                              
200038c8  macRxSymbol                                                     
200038cc  macTimerActive                                                  
200038d0  nvsCC26XXObjects                                                
200038d4  timerAlignedQ                                                   
200038d8  timerUnalignedQ                                                 
200038dc  macPhyChannel                                                   
200038dd  macPwr                                                          
200038de  macRxActive                                                     
200038df  macRxEnableFlags                                                
200038e0  macRxOutgoingAckFlag                                            
200038e1  macSymbolTimerImpending                                         
200038e2  macTaskId                                                       
200038e3  macTxActive                                                     
200038e4  macUnitBackoffPeriod                                            
200038e5  rxFhRsl                                                         
200038e6  heapStart                                                       
20013aa0  __stack                                                         
20013aa0  heapEnd                                                         
20014000  __STACK_END                                                     
20014000  __STACK_TOP                                                     
e000e000  ti_sysbios_family_arm_m3_Hwi_nvic                               
ffffffff  __TI_pprof_out_hndl                                             
ffffffff  __TI_prof_data_size                                             
ffffffff  __TI_prof_data_start                                            
ffffffff  __binit__                                                       
ffffffff  __c_args__                                                      
ffffffff  binit                                                           
UNDEFED   ITM_flush                                                       
UNDEFED   ITM_restore                                                     
UNDEFED   PWM_config                                                      
UNDEFED   PWM_count                                                       
UNDEFED   SHT$$INIT_ARRAY$$Base                                           
UNDEFED   SHT$$INIT_ARRAY$$Limit                                          

[1856 symbols]
